Archive member included to satisfy reference by file (symbol)

/opt/devkitpro/libctru/lib/libcitro2d.a(base.o)
                              main.o (C2D_Init)
/opt/devkitpro/libctru/lib/libcitro2d.a(spritesheet.o)
                              main.o (C2D_SpriteSheetLoad)
/opt/devkitpro/libctru/lib/libcitro2d.a(render2d.shbin.o)
                              /opt/devkitpro/libctru/lib/libcitro2d.a(base.o) (render2d_shbin)
/opt/devkitpro/libctru/lib/libcitro3d.a(base.o)
                              main.o (C3D_Init)
/opt/devkitpro/libctru/lib/libcitro3d.a(renderqueue.o)
                              /opt/devkitpro/libctru/lib/libcitro3d.a(base.o) (C3Di_RenderQueueEnableVBlank)
/opt/devkitpro/libctru/lib/libcitro3d.a(texture.o)
                              /opt/devkitpro/libctru/lib/libcitro2d.a(base.o) (C3D_TexBind)
/opt/devkitpro/libctru/lib/libcitro3d.a(tex3ds.o)
                              /opt/devkitpro/libctru/lib/libcitro2d.a(spritesheet.o) (Tex3DS_TextureImport)
/opt/devkitpro/libctru/lib/libcitro3d.a(framebuffer.o)
                              /opt/devkitpro/libctru/lib/libcitro3d.a(renderqueue.o) (C3D_CalcColorBufSize)
/opt/devkitpro/libctru/lib/libcitro3d.a(texenv.o)
                              /opt/devkitpro/libctru/lib/libcitro2d.a(base.o) (C3D_GetTexEnv)
/opt/devkitpro/libctru/lib/libcitro3d.a(drawElements.o)
                              /opt/devkitpro/libctru/lib/libcitro2d.a(base.o) (C3D_DrawElements)
/opt/devkitpro/libctru/lib/libcitro3d.a(proctex.o)
                              /opt/devkitpro/libctru/lib/libcitro2d.a(base.o) (C3D_ProcTexInit)
/opt/devkitpro/libctru/lib/libcitro3d.a(buffers.o)
                              /opt/devkitpro/libctru/lib/libcitro2d.a(base.o) (BufInfo_Init)
/opt/devkitpro/libctru/lib/libcitro3d.a(effect.o)
                              /opt/devkitpro/libctru/lib/libcitro3d.a(base.o) (C3D_DepthMap)
/opt/devkitpro/libctru/lib/libcitro3d.a(attribs.o)
                              /opt/devkitpro/libctru/lib/libcitro2d.a(base.o) (AttrInfo_Init)
/opt/devkitpro/libctru/lib/libcitro3d.a(immediate.o)
                              /opt/devkitpro/libctru/lib/libcitro3d.a(base.o) (C3D_ImmSendAttrib)
/opt/devkitpro/libctru/lib/libcitro3d.a(uniforms.o)
                              /opt/devkitpro/libctru/lib/libcitro3d.a(base.o) (C3D_UpdateUniforms)
/opt/devkitpro/libctru/lib/libcitro3d.a(mtx_ortho.o)
                              /opt/devkitpro/libctru/lib/libcitro2d.a(base.o) (Mtx_Ortho)
/opt/devkitpro/libctru/lib/libcitro3d.a(mtx_scale.o)
                              /opt/devkitpro/libctru/lib/libcitro2d.a(base.o) (Mtx_Scale)
/opt/devkitpro/libctru/lib/libcitro3d.a(mtx_multiply.o)
                              /opt/devkitpro/libctru/lib/libcitro2d.a(base.o) (Mtx_Multiply)
/opt/devkitpro/libctru/lib/libcitro3d.a(mtx_orthotilt.o)
                              /opt/devkitpro/libctru/lib/libcitro2d.a(base.o) (Mtx_OrthoTilt)
/opt/devkitpro/libctru/lib/libcitro3d.a(mtx_translate.o)
                              /opt/devkitpro/libctru/lib/libcitro2d.a(base.o) (Mtx_Translate)
/opt/devkitpro/libctru/lib/libcitro3d.a(mtx_rotatez.o)
                              /opt/devkitpro/libctru/lib/libcitro2d.a(base.o) (Mtx_RotateZ)
/opt/devkitpro/libctru/lib/libctru.a(vram.o)
                              /opt/devkitpro/libctru/lib/libcitro3d.a(renderqueue.o) (vramAlloc)
/opt/devkitpro/libctru/lib/libctru.a(linear.o)
                              /opt/devkitpro/libctru/lib/libcitro2d.a(base.o) (linearAlloc)
/opt/devkitpro/libctru/lib/libctru.a(mem_pool.o)
                              /opt/devkitpro/libctru/lib/libctru.a(vram.o) (MemPool::Allocate(MemChunk&, unsigned long, int))
/opt/devkitpro/libctru/lib/libctru.a(romfs_dev.o)
                              main.o (romfsMountSelf)
/opt/devkitpro/libctru/lib/libctru.a(os.o)
                              /opt/devkitpro/libctru/lib/libcitro3d.a(texture.o) (osConvertVirtToPhys)
/opt/devkitpro/libctru/lib/libctru.a(console.o)
                              main.o (consoleInit)
/opt/devkitpro/libctru/lib/libctru.a(path_buf.o)
                              /opt/devkitpro/libctru/lib/libctru.a(romfs_dev.o) (__ctru_dev_utf16_buf)
/opt/devkitpro/libctru/lib/libctru.a(gfx.o)
                              /opt/devkitpro/libctru/lib/libcitro2d.a(base.o) (gfxIsWide)
/opt/devkitpro/libctru/lib/libctru.a(shaderProgram.o)
                              /opt/devkitpro/libctru/lib/libcitro2d.a(base.o) (shaderInstanceGetUniformLocation)
/opt/devkitpro/libctru/lib/libctru.a(shbin.o)
                              /opt/devkitpro/libctru/lib/libcitro2d.a(base.o) (DVLB_ParseFile)
/opt/devkitpro/libctru/lib/libctru.a(gx.o)
                              /opt/devkitpro/libctru/lib/libcitro3d.a(renderqueue.o) (GX_BindQueue)
/opt/devkitpro/libctru/lib/libctru.a(gxqueue.o)
                              /opt/devkitpro/libctru/lib/libcitro3d.a(renderqueue.o) (gxCmdQueueClear)
/opt/devkitpro/libctru/lib/libctru.a(gpu.o)
[...]
Memory Configuration

Name             Origin             Length             Attributes
*default*        0x00000000         0xffffffff

Linker script and memory map

                0x00100000                        PROVIDE (__start__ = 0x100000)
                0x00100000                        . = __start__

.text           0x00100000    0x2d768
 *(.crt0)
 .crt0          0x00100000       0x94 /opt/devkitpro/devkitARM/bin/../lib/gcc/arm-none-eabi/13.1.0/../../../../arm-none-eabi/lib/armv6k/fpu/3dsx_crt0.o
                0x00100000                _start
                0x00100008                __service_ptr
                0x0010000c                __apt_appid
                0x00100010                __heap_size
                0x00100014                __linear_heap_size
                0x00100018                __system_arglist
                0x0010001c                __system_runflags
 *(.init)
 .init          0x00100094        0xc /opt/devkitpro/devkitARM/bin/../lib/gcc/arm-none-eabi/13.1.0/armv6k/fpu/crti.o
                0x00100094                _init
 .init          0x001000a0        0xc /opt/devkitpro/devkitARM/bin/../lib/gcc/arm-none-eabi/13.1.0/armv6k/fpu/crtn.o
                0x001000ac                        . = ALIGN (0x4)
 *(.text)
 .text          0x001000ac      0x20c /opt/devkitpro/devkitARM/bin/../lib/gcc/arm-none-eabi/13.1.0/armv6k/fpu/libgcc.a(_udivsi3.o)
                0x001000ac                __udivsi3
                0x001000ac                __aeabi_uidiv
                0x00100298                __aeabi_uidivmod
 .text          0x001002b8      0x240 /opt/devkitpro/devkitARM/bin/../lib/gcc/arm-none-eabi/13.1.0/armv6k/fpu/libgcc.a(_divsi3.o)
                0x001002b8                __aeabi_idiv
                0x001002b8                __divsi3
                0x001004d8                __aeabi_idivmod
 .text          0x001004f8        0x4 /opt/devkitpro/devkitARM/bin/../lib/gcc/arm-none-eabi/13.1.0/armv6k/fpu/libgcc.a(_dvmd_tls.o)
                0x001004f8                __aeabi_ldiv0
                0x001004f8                __aeabi_idiv0
 .text          0x001004fc      0x3c0 /opt/devkitpro/devkitARM/bin/../lib/gcc/arm-none-eabi/13.1.0/armv6k/fpu/libgcc.a(_arm_addsubdf3.o)
                0x001004fc                __aeabi_drsub
                0x00100504                __aeabi_dsub
                0x00100504                __subdf3
                0x00100508                __adddf3
                0x00100508                __aeabi_dadd
                0x001007b4                __aeabi_ui2d
                0x001007b4                __floatunsidf
                0x001007d8                __floatsidf
                0x001007d8                __aeabi_i2d
                0x00100800                __extendsfdf2
                0x00100800                __aeabi_f2d
                0x00100848                __aeabi_ul2d
                0x00100848                __floatundidf
                0x0010085c                __floatdidf
                0x0010085c                __aeabi_l2d
 .text          0x001008bc       0xd4 /opt/devkitpro/devkitARM/bin/../lib/gcc/arm-none-eabi/13.1.0/armv6k/fpu/libgcc.a(_aeabi_ldivmod.o)
                0x001008bc                __aeabi_ldivmod
 .text          0x00100990       0x3c /opt/devkitpro/devkitARM/bin/../lib/gcc/arm-none-eabi/13.1.0/armv6k/fpu/libgcc.a(_aeabi_uldivmod.o)
                0x00100990                __aeabi_uldivmod
 *fill*         0x001009cc       0x14 
 .text          0x001009e0      0x390 /opt/devkitpro/devkitARM/bin/../lib/gcc/arm-none-eabi/13.1.0/../../../../arm-none-eabi/lib/armv6k/fpu/libg.a(libc_a-strcmp.o)
                0x001009e8                strcmp
 *(.text.*)
 .text.__do_global_dtors_aux
                0x00100d70       0x40 /opt/devkitpro/devkitARM/bin/../lib/gcc/arm-none-eabi/13.1.0/armv6k/fpu/crtbegin.o
 .text.frame_dummy
                0x00100db0       0x2c /opt/devkitpro/devkitARM/bin/../lib/gcc/arm-none-eabi/13.1.0/armv6k/fpu/crtbegin.o
 .text.setBackgroundColor
                0x00100ddc       0x84 main.o
                0x00100ddc                setBackgroundColor
 .text.printBorders
                0x00100e60       0xb8 main.o
                0x00100e60                printBorders
 .text.emptyPlateau
                0x00100f18       0x74 main.o
                0x00100f18                emptyPlateau
 .text.printPlateau
                0x00100f8c       0xfc main.o
                0x00100f8c                printPlateau
 .text.moveCell
                0x00101088       0x70 main.o
                0x00101088                moveCell
 .text.startPlateau
                0x001010f8      0x160 main.o
                0x001010f8                startPlateau
 .text.getMovesOfPion
                0x00101258      0x2f0 main.o
                0x00101258                getMovesOfPion
 .text.getMovesToEat
                0x00101548      0x158 main.o
                0x00101548                getMovesToEat
 .text.getMovesOfRoi
                0x001016a0      0x2f4 main.o
                0x001016a0                getMovesOfRoi
 .text.getMovesOfZebre
                0x00101994      0x164 main.o
                0x00101994                getMovesOfZebre
 .text.getMovesOfFou
                0x00101af8      0x17c main.o
                0x00101af8                getMovesOfFou
 .text.getPossibleMoves
                0x00101c74      0x16c main.o
                0x00101c74                getPossibleMoves
 .text.correctMove
                0x00101de0       0xe8 main.o
                0x00101de0                correctMove
 .text.refreshSprites
                0x00101ec8      0x8d4 main.o
                0x00101ec8                refreshSprites
 .text.startup.main
                0x0010279c      0x9b0 main.o
                0x0010279c                main
 .text.C2Di_FrameEndHook
                0x0010314c       0x44 /opt/devkitpro/libctru/lib/libcitro2d.a(base.o)
 .text.C2D_Init
                0x00103190      0x36c /opt/devkitpro/libctru/lib/libcitro2d.a(base.o)
                0x00103190                C2D_Init
 .text.C2D_Fini
                0x001034fc       0x4c /opt/devkitpro/libctru/lib/libcitro2d.a(base.o)
                0x001034fc                C2D_Fini
 .text.C2D_Prepare
                0x00103548       0xb8 /opt/devkitpro/libctru/lib/libcitro2d.a(base.o)
                0x00103548                C2D_Prepare
 .text.C2D_Flush
                0x00103600       0x48 /opt/devkitpro/libctru/lib/libcitro2d.a(base.o)
                0x00103600                C2D_Flush
 .text.C2D_SceneSize
                0x00103648      0x104 /opt/devkitpro/libctru/lib/libcitro2d.a(base.o)
                0x00103648                C2D_SceneSize
 .text.C2D_CreateScreenTarget
                0x0010374c       0x58 /opt/devkitpro/libctru/lib/libcitro2d.a(base.o)
                0x0010374c                C2D_CreateScreenTarget
 .text.C2D_TargetClear
                0x001037a4       0x64 /opt/devkitpro/libctru/lib/libcitro2d.a(base.o)
                0x001037a4                C2D_TargetClear
 .text.C2Di_CalcQuad
                0x00103808      0x13c /opt/devkitpro/libctru/lib/libcitro2d.a(base.o)
                0x00103808                C2Di_CalcQuad
 .text.C2Di_AppendQuad
                0x00103944       0x58 /opt/devkitpro/libctru/lib/libcitro2d.a(base.o)
                0x00103944                C2Di_AppendQuad
 .text.C2Di_Update
                0x0010399c      0x550 /opt/devkitpro/libctru/lib/libcitro2d.a(base.o)
                0x0010399c                C2Di_Update
 .text.C2D_DrawImage
                0x00103eec      0x2b0 /opt/devkitpro/libctru/lib/libcitro2d.a(base.o)
                0x00103eec                C2D_DrawImage
 .text.C2D_SpriteSheetLoadFromHandle
                0x0010419c       0x6c /opt/devkitpro/libctru/lib/libcitro2d.a(spritesheet.o)
                0x0010419c                C2D_SpriteSheetLoadFromHandle
 .text.C2D_SpriteSheetLoad
                0x00104208       0x48 /opt/devkitpro/libctru/lib/libcitro2d.a(spritesheet.o)
                0x00104208                C2D_SpriteSheetLoad
 .text.C2D_SpriteSheetFree
                0x00104250       0x28 /opt/devkitpro/libctru/lib/libcitro2d.a(spritesheet.o)
                0x00104250                C2D_SpriteSheetFree
 .text.C2D_SpriteSheetCount
                0x00104278        0x8 /opt/devkitpro/libctru/lib/libcitro2d.a(spritesheet.o)
                0x00104278                C2D_SpriteSheetCount
 .text.C2D_SpriteSheetGetImage
                0x00104280       0x2c /opt/devkitpro/libctru/lib/libcitro2d.a(spritesheet.o)
                0x00104280                C2D_SpriteSheetGetImage
 .text.C3Di_LightEnvUpdate
                0x001042ac        0x4 /opt/devkitpro/libctru/lib/libcitro3d.a(base.o)
                0x001042ac                C3Di_LightEnvUpdate
 .text.C3Di_LightEnvDirty
                0x001042b0        0x4 /opt/devkitpro/libctru/lib/libcitro3d.a(base.o)
                0x001042b0                C3Di_LightEnvDirty
 .text.C3Di_AptEventHook
                0x001042b4       0xb4 /opt/devkitpro/libctru/lib/libcitro3d.a(base.o)
 .text.C3Di_GasUpdate
                0x00104368        0x4 /opt/devkitpro/libctru/lib/libcitro3d.a(base.o)
                0x00104368                C3Di_GasUpdate
 .text.C3D_Init
                0x0010436c      0x1e0 /opt/devkitpro/libctru/lib/libcitro3d.a(base.o)
                0x0010436c                C3D_Init
 .text.C3D_SetViewport
                0x0010454c       0x98 /opt/devkitpro/libctru/lib/libcitro3d.a(base.o)
                0x0010454c                C3D_SetViewport
 .text.C3Di_UpdateContext
                0x001045e4      0x4e8 /opt/devkitpro/libctru/lib/libcitro3d.a(base.o)
                0x001045e4                C3Di_UpdateContext
 .text.C3Di_SplitFrame
                0x00104acc       0xe0 /opt/devkitpro/libctru/lib/libcitro3d.a(base.o)
                0x00104acc                C3Di_SplitFrame
 .text.C3D_Fini
                0x00104bac       0x44 /opt/devkitpro/libctru/lib/libcitro3d.a(base.o)
                0x00104bac                C3D_Fini
 .text.C3D_BindProgram
                0x00104bf0      0x114 /opt/devkitpro/libctru/lib/libcitro3d.a(base.o)
                0x00104bf0                C3D_BindProgram
 .text.onVBlank0
                0x00104d04       0x4c /opt/devkitpro/libctru/lib/libcitro3d.a(renderqueue.o)
 .text.onVBlank1
                0x00104d50       0x4c /opt/devkitpro/libctru/lib/libcitro3d.a(renderqueue.o)
 .text.C3Di_RenderTargetDestroy
                0x00104d9c       0x80 /opt/devkitpro/libctru/lib/libcitro3d.a(renderqueue.o)
 .text.onQueueFinish
                0x00104e1c       0xf4 /opt/devkitpro/libctru/lib/libcitro3d.a(renderqueue.o)
 .text.C3Di_RenderQueueEnableVBlank
                0x00104f10       0x38 /opt/devkitpro/libctru/lib/libcitro3d.a(renderqueue.o)
                0x00104f10                C3Di_RenderQueueEnableVBlank
 .text.C3Di_RenderQueueDisableVBlank
                0x00104f48       0x30 /opt/devkitpro/libctru/lib/libcitro3d.a(renderqueue.o)
                0x00104f48                C3Di_RenderQueueDisableVBlank
 .text.C3Di_RenderQueueInit
                0x00104f78       0x60 /opt/devkitpro/libctru/lib/libcitro3d.a(renderqueue.o)
                0x00104f78                C3Di_RenderQueueInit
 .text.C3Di_RenderQueueExit
                0x00104fd8       0xb0 /opt/devkitpro/libctru/lib/libcitro3d.a(renderqueue.o)
                0x00104fd8                C3Di_RenderQueueExit
 .text.C3Di_RenderQueueWaitDone
                0x00105088       0x34 /opt/devkitpro/libctru/lib/libcitro3d.a(renderqueue.o)
                0x00105088                C3Di_RenderQueueWaitDone
 .text.C3D_FrameBegin
                0x001050bc       0xe4 /opt/devkitpro/libctru/lib/libcitro3d.a(renderqueue.o)
                0x001050bc                C3D_FrameBegin
 .text.C3D_FrameDrawOn
                0x001051a0       0x48 /opt/devkitpro/libctru/lib/libcitro3d.a(renderqueue.o)
                0x001051a0                C3D_FrameDrawOn
 .text.C3D_FrameSplit
                0x001051e8       0x58 /opt/devkitpro/libctru/lib/libcitro3d.a(renderqueue.o)
                0x001051e8                C3D_FrameSplit
 .text.C3D_FrameEnd
                0x00105240      0x1d8 /opt/devkitpro/libctru/lib/libcitro3d.a(renderqueue.o)
                0x00105240                C3D_FrameEnd
 .text.C3D_FrameEndHook
                0x00105418       0x1c /opt/devkitpro/libctru/lib/libcitro3d.a(renderqueue.o)
                0x00105418                C3D_FrameEndHook
 .text.C3D_RenderTargetCreate
                0x00105434      0x184 /opt/devkitpro/libctru/lib/libcitro3d.a(renderqueue.o)
                0x00105434                C3D_RenderTargetCreate
 .text.C3D_RenderTargetSetOutput
                0x001055b8       0xa8 /opt/devkitpro/libctru/lib/libcitro3d.a(renderqueue.o)
                0x001055b8                C3D_RenderTargetSetOutput
 .text.C3D_SyncTextureCopy
                0x00105660       0xfc /opt/devkitpro/libctru/lib/libcitro3d.a(renderqueue.o)
                0x00105660                C3D_SyncTextureCopy
 .text.C3D_TexInitWithParams
                0x0010575c      0x294 /opt/devkitpro/libctru/lib/libcitro3d.a(texture.o)
                0x0010575c                C3D_TexInitWithParams
 .text.C3D_TexLoadImage
                0x001059f0       0xc8 /opt/devkitpro/libctru/lib/libcitro3d.a(texture.o)
                0x001059f0                C3D_TexLoadImage
 .text.C3D_TexBind
                0x00105ab8       0x44 /opt/devkitpro/libctru/lib/libcitro3d.a(texture.o)
                0x00105ab8                C3D_TexBind
 .text.C3D_TexDelete
                0x00105afc       0x74 /opt/devkitpro/libctru/lib/libcitro3d.a(texture.o)
                0x00105afc                C3D_TexDelete
 .text.C3Di_SetTex
                0x00105b70      0x16c /opt/devkitpro/libctru/lib/libcitro3d.a(texture.o)
                0x00105b70                C3Di_SetTex
 .text.Tex3DSi_ImportCommon
                0x00105cdc      0x3f4 /opt/devkitpro/libctru/lib/libcitro3d.a(tex3ds.o)
 .text.Tex3DS_TextureImportStdio
                0x001060d0       0x38 /opt/devkitpro/libctru/lib/libcitro3d.a(tex3ds.o)
                0x001060d0                Tex3DS_TextureImportStdio
 .text.Tex3DS_GetNumSubTextures
                0x00106108        0x8 /opt/devkitpro/libctru/lib/libcitro3d.a(tex3ds.o)
                0x00106108                Tex3DS_GetNumSubTextures
 .text.Tex3DS_GetSubTexture
                0x00106110       0x1c /opt/devkitpro/libctru/lib/libcitro3d.a(tex3ds.o)
                0x00106110                Tex3DS_GetSubTexture
 .text.Tex3DS_TextureFree
                0x0010612c        0x4 /opt/devkitpro/libctru/lib/libcitro3d.a(tex3ds.o)
                0x0010612c                Tex3DS_TextureFree
 .text.C3D_CalcColorBufSize
                0x00106130       0x1c /opt/devkitpro/libctru/lib/libcitro3d.a(framebuffer.o)
                0x00106130                C3D_CalcColorBufSize
 .text.C3D_CalcDepthBufSize
                0x0010614c       0x1c /opt/devkitpro/libctru/lib/libcitro3d.a(framebuffer.o)
                0x0010614c                C3D_CalcDepthBufSize
 .text.C3D_SetFrameBuf
                0x00106168       0x44 /opt/devkitpro/libctru/lib/libcitro3d.a(framebuffer.o)
                0x00106168                C3D_SetFrameBuf
 .text.C3Di_FrameBufBind
                0x001061ac      0x16c /opt/devkitpro/libctru/lib/libcitro3d.a(framebuffer.o)
                0x001061ac                C3Di_FrameBufBind
 .text.C3D_FrameBufClear
                0x00106318       0xc8 /opt/devkitpro/libctru/lib/libcitro3d.a(framebuffer.o)
                0x00106318                C3D_FrameBufClear
 .text.C3D_FrameBufTransfer
                0x001063e0       0x44 /opt/devkitpro/libctru/lib/libcitro3d.a(framebuffer.o)
                0x001063e0                C3D_FrameBufTransfer
 .text.C3D_GetTexEnv
                0x00106424       0x34 /opt/devkitpro/libctru/lib/libcitro3d.a(texenv.o)
                0x00106424                C3D_GetTexEnv
 .text.C3Di_TexEnvBind
                0x00106458       0x24 /opt/devkitpro/libctru/lib/libcitro3d.a(texenv.o)
                0x00106458                C3Di_TexEnvBind
 .text.C3D_DrawElements
                0x0010647c      0x218 /opt/devkitpro/libctru/lib/libcitro3d.a(drawElements.o)
                0x0010647c                C3D_DrawElements
 .text.C3D_ProcTexInit
                0x00106694       0x70 /opt/devkitpro/libctru/lib/libcitro3d.a(proctex.o)
                0x00106694                C3D_ProcTexInit
 .text.C3D_ProcTexBind
                0x00106704       0x54 /opt/devkitpro/libctru/lib/libcitro3d.a(proctex.o)
                0x00106704                C3D_ProcTexBind
 .text.C3D_ProcTexLutBind
                0x00106758       0x5c /opt/devkitpro/libctru/lib/libcitro3d.a(proctex.o)
                0x00106758                C3D_ProcTexLutBind
 .text.ProcTexLut_FromArray
                0x001067b4       0xa4 /opt/devkitpro/libctru/lib/libcitro3d.a(proctex.o)
                0x001067b4                ProcTexLut_FromArray
 .text.C3Di_ProcTexUpdate
                0x00106858      0x17c /opt/devkitpro/libctru/lib/libcitro3d.a(proctex.o)
                0x00106858                C3Di_ProcTexUpdate
 .text.C3Di_ProcTexDirty
                0x001069d4       0x68 /opt/devkitpro/libctru/lib/libcitro3d.a(proctex.o)
                0x001069d4                C3Di_ProcTexDirty
 .text.BufInfo_Init
                0x00106a3c       0x24 /opt/devkitpro/libctru/lib/libcitro3d.a(buffers.o)
                0x00106a3c                BufInfo_Init
 .text.BufInfo_Add
                0x00106a60       0x80 /opt/devkitpro/libctru/lib/libcitro3d.a(buffers.o)
                0x00106a60                BufInfo_Add
 .text.C3D_SetBufInfo
                0x00106ae0       0x40 /opt/devkitpro/libctru/lib/libcitro3d.a(buffers.o)
                0x00106ae0                C3D_SetBufInfo
 .text.C3Di_BufInfoBind
                0x00106b20       0x48 /opt/devkitpro/libctru/lib/libcitro3d.a(buffers.o)
                0x00106b20                C3Di_BufInfoBind
 .text.C3D_DepthMap
                0x00106b68       0x40 /opt/devkitpro/libctru/lib/libcitro3d.a(effect.o)
                0x00106b68                C3D_DepthMap
 .text.C3D_CullFace
                0x00106ba8       0x1c /opt/devkitpro/libctru/lib/libcitro3d.a(effect.o)
                0x00106ba8                C3D_CullFace
 .text.C3D_StencilTest
                0x00106bc4       0x40 /opt/devkitpro/libctru/lib/libcitro3d.a(effect.o)
                0x00106bc4                C3D_StencilTest
 .text.C3D_StencilOp
                0x00106c04       0x24 /opt/devkitpro/libctru/lib/libcitro3d.a(effect.o)
                0x00106c04                C3D_StencilOp
 .text.C3D_BlendingColor
                0x00106c28       0x1c /opt/devkitpro/libctru/lib/libcitro3d.a(effect.o)
                0x00106c28                C3D_BlendingColor
 .text.C3D_EarlyDepthTest
                0x00106c44       0x24 /opt/devkitpro/libctru/lib/libcitro3d.a(effect.o)
                0x00106c44                C3D_EarlyDepthTest
 .text.C3D_DepthTest
                0x00106c68       0x2c /opt/devkitpro/libctru/lib/libcitro3d.a(effect.o)
                0x00106c68                C3D_DepthTest
 .text.C3D_AlphaTest
                0x00106c94       0x2c /opt/devkitpro/libctru/lib/libcitro3d.a(effect.o)
                0x00106c94                C3D_AlphaTest
 .text.C3D_AlphaBlend
                0x00106cc0       0x50 /opt/devkitpro/libctru/lib/libcitro3d.a(effect.o)
                0x00106cc0                C3D_AlphaBlend
 .text.C3D_FragOpMode
                0x00106d10       0x30 /opt/devkitpro/libctru/lib/libcitro3d.a(effect.o)
                0x00106d10                C3D_FragOpMode
 .text.C3D_FragOpShadow
                0x00106d40       0x44 /opt/devkitpro/libctru/lib/libcitro3d.a(effect.o)
                0x00106d40                C3D_FragOpShadow
 .text.C3Di_EffectBind
                0x00106d84      0x1ac /opt/devkitpro/libctru/lib/libcitro3d.a(effect.o)
                0x00106d84                C3Di_EffectBind
 .text.AttrInfo_Init
                0x00106f30       0x28 /opt/devkitpro/libctru/lib/libcitro3d.a(attribs.o)
                0x00106f30                AttrInfo_Init
 .text.AttrInfo_AddLoader
                0x00106f58       0x94 /opt/devkitpro/libctru/lib/libcitro3d.a(attribs.o)
                0x00106f58                AttrInfo_AddLoader
 .text.C3D_SetAttrInfo
                0x00106fec       0x54 /opt/devkitpro/libctru/lib/libcitro3d.a(attribs.o)
                0x00106fec                C3D_SetAttrInfo
 .text.C3Di_AttrInfoBind
                0x00107040       0x80 /opt/devkitpro/libctru/lib/libcitro3d.a(attribs.o)
                0x00107040                C3Di_AttrInfoBind
 .text.C3D_ImmSendAttrib
                0x001070c0       0xa8 /opt/devkitpro/libctru/lib/libcitro3d.a(immediate.o)
                0x001070c0                C3D_ImmSendAttrib
 .text.C3D_UpdateUniforms
                0x00107168      0x280 /opt/devkitpro/libctru/lib/libcitro3d.a(uniforms.o)
                0x00107168                C3D_UpdateUniforms
 .text.C3Di_DirtyUniforms
                0x001073e8       0xc0 /opt/devkitpro/libctru/lib/libcitro3d.a(uniforms.o)
                0x001073e8                C3Di_DirtyUniforms
 .text.C3Di_LoadShaderUniforms
                0x001074a8       0xd8 /opt/devkitpro/libctru/lib/libcitro3d.a(uniforms.o)
                0x001074a8                C3Di_LoadShaderUniforms
 .text.C3Di_ClearShaderUniforms
                0x00107580       0x28 /opt/devkitpro/libctru/lib/libcitro3d.a(uniforms.o)
                0x00107580                C3Di_ClearShaderUniforms
 .text.Mtx_Ortho
                0x001075a8       0xcc /opt/devkitpro/libctru/lib/libcitro3d.a(mtx_ortho.o)
                0x001075a8                Mtx_Ortho
 .text.Mtx_OrthoTilt
                0x00107674       0xcc /opt/devkitpro/libctru/lib/libcitro3d.a(mtx_orthotilt.o)
                0x00107674                Mtx_OrthoTilt
 .text._ZL21addrMapNodeComparatorPK11rbtree_nodeS1_
                0x00107740       0x24 /opt/devkitpro/libctru/lib/libctru.a(vram.o)
 .text._ZL21addrMapNodeDestructorP11rbtree_node
                0x00107764        0x4 /opt/devkitpro/libctru/lib/libctru.a(vram.o)
 .text.vramMemAlignAt
                0x00107768      0x24c /opt/devkitpro/libctru/lib/libctru.a(vram.o)
                0x00107768                vramMemAlignAt
 .text.vramAlloc
                0x001079b4        0xc /opt/devkitpro/libctru/lib/libctru.a(vram.o)
                0x001079b4                vramAlloc
 .text.vramAllocAt
                0x001079c0        0xc /opt/devkitpro/libctru/lib/libctru.a(vram.o)
                0x001079c0                vramAllocAt
 .text.vramFree
                0x001079cc       0x90 /opt/devkitpro/libctru/lib/libctru.a(vram.o)
                0x001079cc                vramFree
 .text._ZL21addrMapNodeComparatorPK11rbtree_nodeS1_
                0x00107a5c       0x24 /opt/devkitpro/libctru/lib/libctru.a(linear.o)
 .text._ZL21addrMapNodeDestructorP11rbtree_node
                0x00107a80        0x4 /opt/devkitpro/libctru/lib/libctru.a(linear.o)
 .text.linearMemAlign
                0x00107a84      0x120 /opt/devkitpro/libctru/lib/libctru.a(linear.o)
                0x00107a84                linearMemAlign
 .text.linearAlloc
                0x00107ba4        0x8 /opt/devkitpro/libctru/lib/libctru.a(linear.o)
                0x00107ba4                linearAlloc
 .text.linearFree
                0x00107bac       0x5c /opt/devkitpro/libctru/lib/libctru.a(linear.o)
                0x00107bac                linearFree
 .text._ZN7MemPool13CoalesceRightEP8MemBlock
                0x00107c08       0x80 /opt/devkitpro/libctru/lib/libctru.a(mem_pool.o)
                0x00107c08                MemPool::CoalesceRight(MemBlock*)
 .text._ZN7MemPool8AllocateER8MemChunkmi
                0x00107c88      0x16c /opt/devkitpro/libctru/lib/libctru.a(mem_pool.o)
                0x00107c88                MemPool::Allocate(MemChunk&, unsigned long, int)
 .text._ZN7MemPool10DeallocateERK8MemChunk
                0x00107df4       0xfc /opt/devkitpro/libctru/lib/libctru.a(mem_pool.o)
                0x00107df4                MemPool::Deallocate(MemChunk const&)
 .text._ZN7MemPool12GetFreeSpaceEv
                0x00107ef0       0x30 /opt/devkitpro/libctru/lib/libctru.a(mem_pool.o)
                0x00107ef0                MemPool::GetFreeSpace()
 .text.romfs_close
                0x00107f20        0x8 /opt/devkitpro/libctru/lib/libctru.a(romfs_dev.o)
 .text.romfs_seek
                0x00107f28       0xc4 /opt/devkitpro/libctru/lib/libctru.a(romfs_dev.o)
 .text.romfs_dirreset
                0x00107fec       0x24 /opt/devkitpro/libctru/lib/libctru.a(romfs_dev.o)
 .text.fill_dir
                0x00108010       0xc8 /opt/devkitpro/libctru/lib/libctru.a(romfs_dev.o)
 .text.romfs_dirnext
                0x001080d8      0x2a8 /opt/devkitpro/libctru/lib/libctru.a(romfs_dev.o)
 .text.romfs_free
                0x00108380       0x84 /opt/devkitpro/libctru/lib/libctru.a(romfs_dev.o)
 .text.searchForFile.constprop.0
                0x00108404       0xd4 /opt/devkitpro/libctru/lib/libctru.a(romfs_dev.o)
 .text.searchForDir.constprop.0
                0x001084d8       0xd8 /opt/devkitpro/libctru/lib/libctru.a(romfs_dev.o)
 .text.navigateToDir.constprop.0
                0x001085b0      0x1c0 /opt/devkitpro/libctru/lib/libctru.a(romfs_dev.o)
 .text.romfs_open
                0x00108770      0x10c /opt/devkitpro/libctru/lib/libctru.a(romfs_dev.o)
 .text.romfs_chdir
                0x0010887c       0x4c /opt/devkitpro/libctru/lib/libctru.a(romfs_dev.o)
 .text.romfs_diropen
                0x001088c8       0x70 /opt/devkitpro/libctru/lib/libctru.a(romfs_dev.o)
 .text.romfs_stat
                0x00108938      0x174 /opt/devkitpro/libctru/lib/libctru.a(romfs_dev.o)
 .text.romfs_dirclose
                0x00108aac        0x8 /opt/devkitpro/libctru/lib/libctru.a(romfs_dev.o)
 *fill*         0x00108ab4        0x4 
 .text.romfs_fstat
                0x00108ab8       0x84 /opt/devkitpro/libctru/lib/libctru.a(romfs_dev.o)
 .text.romfs_read
                0x00108b3c       0xd0 /opt/devkitpro/libctru/lib/libctru.a(romfs_dev.o)
 .text.romfsMountFromFile
                0x00108c0c      0x28c /opt/devkitpro/libctru/lib/libctru.a(romfs_dev.o)
                0x00108c0c                romfsMountFromFile
 .text.romfsMountFromCurrentProcess
                0x00108e98       0x98 /opt/devkitpro/libctru/lib/libctru.a(romfs_dev.o)
                0x00108e98                romfsMountFromCurrentProcess
 .text.romfsMountSelf
                0x00108f30      0x260 /opt/devkitpro/libctru/lib/libctru.a(romfs_dev.o)
                0x00108f30                romfsMountSelf
 .text.romfsUnmount
                0x00109190       0xa0 /opt/devkitpro/libctru/lib/libctru.a(romfs_dev.o)
                0x00109190                romfsUnmount
 .text.osConvertVirtToPhys
                0x00109230       0x74 /opt/devkitpro/libctru/lib/libctru.a(os.o)
                0x00109230                osConvertVirtToPhys
 .text.osGetTimeRef
                0x001092a4       0x54 /opt/devkitpro/libctru/lib/libctru.a(os.o)
                0x001092a4                osGetTimeRef
 .text.osGetTime
                0x001092f8       0xec /opt/devkitpro/libctru/lib/libctru.a(os.o)
                0x001092f8                osGetTime
 .text.__ctru_speedup_config
                0x001093e4       0x34 /opt/devkitpro/libctru/lib/libctru.a(os.o)
                0x001093e4                __ctru_speedup_config
 .text.parseColor
                0x00109418      0x1f4 /opt/devkitpro/libctru/lib/libctru.a(console.o)
 .text.consoleDrawChar
                0x0010960c      0x1ac /opt/devkitpro/libctru/lib/libctru.a(console.o)
                0x0010960c                consoleDrawChar
 .text.consolePrintChar
                0x001097b8      0x124 /opt/devkitpro/libctru/lib/libctru.a(console.o)
                0x001097b8                consolePrintChar
 .text.con_write
                0x001098dc      0xbe4 /opt/devkitpro/libctru/lib/libctru.a(console.o)
                0x001098dc                con_write
 .text.newRow   0x0010a4c0       0xfc /opt/devkitpro/libctru/lib/libctru.a(console.o)
 .text.consoleInit
                0x0010a5bc      0x168 /opt/devkitpro/libctru/lib/libctru.a(console.o)
                0x0010a5bc                consoleInit
 .text.gfxPresentFramebuffer
                0x0010a724       0xd0 /opt/devkitpro/libctru/lib/libctru.a(gfx.o)
 .text.gfxIsWide
                0x0010a7f4       0x1c /opt/devkitpro/libctru/lib/libctru.a(gfx.o)
                0x0010a7f4                gfxIsWide
 .text.gfxSetScreenFormat
                0x0010a810       0xec /opt/devkitpro/libctru/lib/libctru.a(gfx.o)
                0x0010a810                gfxSetScreenFormat
 .text.gfxSetDoubleBuffering
                0x0010a8fc       0x10 /opt/devkitpro/libctru/lib/libctru.a(gfx.o)
                0x0010a8fc                gfxSetDoubleBuffering
 .text.gfxInit  0x0010a90c       0xe0 /opt/devkitpro/libctru/lib/libctru.a(gfx.o)
                0x0010a90c                gfxInit
 .text.gfxInitDefault
                0x0010a9ec       0x10 /opt/devkitpro/libctru/lib/libctru.a(gfx.o)
                0x0010a9ec                gfxInitDefault
 .text.gfxExit  0x0010a9fc       0xb4 /opt/devkitpro/libctru/lib/libctru.a(gfx.o)
                0x0010a9fc                gfxExit
 .text.gfxGetFramebuffer
                0x0010aab0       0xa0 /opt/devkitpro/libctru/lib/libctru.a(gfx.o)
                0x0010aab0                gfxGetFramebuffer
 .text.gfxFlushBuffers
                0x0010ab50      0x104 /opt/devkitpro/libctru/lib/libctru.a(gfx.o)
                0x0010ab50                gfxFlushBuffers
 .text.gfxScreenSwapBuffers
                0x0010ac54       0x30 /opt/devkitpro/libctru/lib/libctru.a(gfx.o)
                0x0010ac54                gfxScreenSwapBuffers
 .text.gfxSwapBuffersGpu
                0x0010ac84       0x50 /opt/devkitpro/libctru/lib/libctru.a(gfx.o)
                0x0010ac84                gfxSwapBuffersGpu
 .text.shaderInstanceInit
                0x0010acd4      0x1d0 /opt/devkitpro/libctru/lib/libctru.a(shaderProgram.o)
                0x0010acd4                shaderInstanceInit
 .text.shaderInstanceGetUniformLocation
                0x0010aea4       0x18 /opt/devkitpro/libctru/lib/libctru.a(shaderProgram.o)
                0x0010aea4                shaderInstanceGetUniformLocation
 .text.shaderProgramInit
                0x0010aebc       0x1c /opt/devkitpro/libctru/lib/libctru.a(shaderProgram.o)
                0x0010aebc                shaderProgramInit
 .text.shaderProgramFree
                0x0010aed8       0x64 /opt/devkitpro/libctru/lib/libctru.a(shaderProgram.o)
                0x0010aed8                shaderProgramFree
 .text.shaderProgramSetVsh
                0x0010af3c       0x80 /opt/devkitpro/libctru/lib/libctru.a(shaderProgram.o)
                0x0010af3c                shaderProgramSetVsh
 .text.shaderProgramConfigure
                0x0010afbc      0x8e0 /opt/devkitpro/libctru/lib/libctru.a(shaderProgram.o)
                0x0010afbc                shaderProgramConfigure
 .text.DVLE_GenerateOutmap.part.0
                0x0010b89c      0x1cc /opt/devkitpro/libctru/lib/libctru.a(shbin.o)
 .text.DVLB_ParseFile
                0x0010ba68      0x1b4 /opt/devkitpro/libctru/lib/libctru.a(shbin.o)
                0x0010ba68                DVLB_ParseFile
 .text.DVLB_Free
                0x0010bc1c       0x38 /opt/devkitpro/libctru/lib/libctru.a(shbin.o)
                0x0010bc1c                DVLB_Free
 .text.DVLE_GetUniformRegister
                0x0010bc54       0x74 /opt/devkitpro/libctru/lib/libctru.a(shbin.o)
                0x0010bc54                DVLE_GetUniformRegister
 .text.GX_BindQueue
                0x0010bcc8       0x10 /opt/devkitpro/libctru/lib/libctru.a(gx.o)
                0x0010bcc8                GX_BindQueue
 .text.GX_ProcessCommandList
                0x0010bcd8       0x78 /opt/devkitpro/libctru/lib/libctru.a(gx.o)
                0x0010bcd8                GX_ProcessCommandList
 .text.GX_MemoryFill
                0x0010bd50       0x74 /opt/devkitpro/libctru/lib/libctru.a(gx.o)
                0x0010bd50                GX_MemoryFill
 .text.GX_DisplayTransfer
                0x0010bdc4       0x70 /opt/devkitpro/libctru/lib/libctru.a(gx.o)
                0x0010bdc4                GX_DisplayTransfer
 .text.GX_TextureCopy
                0x0010be34       0x74 /opt/devkitpro/libctru/lib/libctru.a(gx.o)
                0x0010be34                GX_TextureCopy
 .text.gxCmdQueueDoCommands.part.0
                0x0010bea8       0x68 /opt/devkitpro/libctru/lib/libctru.a(gxqueue.o)
 .text.gxCmdQueueInterrupt
                0x0010bf10       0xc8 /opt/devkitpro/libctru/lib/libctru.a(gxqueue.o)
                0x0010bf10                gxCmdQueueInterrupt
 .text.gxCmdQueueClear
                0x0010bfd8       0x4c /opt/devkitpro/libctru/lib/libctru.a(gxqueue.o)
                0x0010bfd8                gxCmdQueueClear
 .text.gxCmdQueueAdd
                0x0010c024       0xf8 /opt/devkitpro/libctru/lib/libctru.a(gxqueue.o)
                0x0010c024                gxCmdQueueAdd
 .text.gxCmdQueueRun
                0x0010c11c       0x80 /opt/devkitpro/libctru/lib/libctru.a(gxqueue.o)
                0x0010c11c                gxCmdQueueRun
 .text.gxCmdQueueStop
                0x0010c19c       0x60 /opt/devkitpro/libctru/lib/libctru.a(gxqueue.o)
                0x0010c19c                gxCmdQueueStop
 .text.gxCmdQueueWait
                0x0010c1fc       0x8c /opt/devkitpro/libctru/lib/libctru.a(gxqueue.o)
                0x0010c1fc                gxCmdQueueWait
 .text.GPUCMD_Add
                0x0010c288      0x13c /opt/devkitpro/libctru/lib/libctru.a(gpu.o)
                0x0010c288                GPUCMD_Add
 .text.GPUCMD_Split
                0x0010c3c4       0xb0 /opt/devkitpro/libctru/lib/libctru.a(gpu.o)
                0x0010c3c4                GPUCMD_Split
 .text.f32tof16
                0x0010c474       0x34 /opt/devkitpro/libctru/lib/libctru.a(gpu.o)
                0x0010c474                f32tof16
 .text.f32tof24
                0x0010c4a8       0x34 /opt/devkitpro/libctru/lib/libctru.a(gpu.o)
                0x0010c4a8                f32tof24
 .text.f32tof31
                0x0010c4dc       0x38 /opt/devkitpro/libctru/lib/libctru.a(gpu.o)
                0x0010c4dc                f32tof31
 .text.gspHardwareInit
                0x0010c514      0xc64 /opt/devkitpro/libctru/lib/libctru.a(gspgpu.o)
 .text.gspInit  0x0010d178      0x248 /opt/devkitpro/libctru/lib/libctru.a(gspgpu.o)
                0x0010d178                gspInit
 .text.gspExit  0x0010d3c0       0xf0 /opt/devkitpro/libctru/lib/libctru.a(gspgpu.o)
                0x0010d3c0                gspExit
 .text.gspHasGpuRight
                0x0010d4b0       0x10 /opt/devkitpro/libctru/lib/libctru.a(gspgpu.o)
                0x0010d4b0                gspHasGpuRight
 .text.gspPresentBuffer
                0x0010d4c0       0xa0 /opt/devkitpro/libctru/lib/libctru.a(gspgpu.o)
                0x0010d4c0                gspPresentBuffer
 .text.gspSetEventCallback
                0x0010d560       0x30 /opt/devkitpro/libctru/lib/libctru.a(gspgpu.o)
                0x0010d560                gspSetEventCallback
 .text.gspWaitForEvent
                0x0010d590       0x44 /opt/devkitpro/libctru/lib/libctru.a(gspgpu.o)
                0x0010d590                gspWaitForEvent
 .text.gspWaitForAnyEvent
                0x0010d5d4       0x4c /opt/devkitpro/libctru/lib/libctru.a(gspgpu.o)
                0x0010d5d4                gspWaitForAnyEvent
 .text.gspEventThreadMain
                0x0010d620      0x158 /opt/devkitpro/libctru/lib/libctru.a(gspgpu.o)
 .text.gspSubmitGxCommand
                0x0010d778      0x130 /opt/devkitpro/libctru/lib/libctru.a(gspgpu.o)
                0x0010d778                gspSubmitGxCommand
 .text.GSPGPU_FlushDataCache
                0x0010d8a8       0x50 /opt/devkitpro/libctru/lib/libctru.a(gspgpu.o)
                0x0010d8a8                GSPGPU_FlushDataCache
 .text.GSPGPU_SetLcdForceBlack
                0x0010d8f8       0x34 /opt/devkitpro/libctru/lib/libctru.a(gspgpu.o)
                0x0010d8f8                GSPGPU_SetLcdForceBlack
 .text.GSPGPU_AcquireRight
                0x0010d92c       0x68 /opt/devkitpro/libctru/lib/libctru.a(gspgpu.o)
                0x0010d92c                GSPGPU_AcquireRight
 .text.GSPGPU_ReleaseRight
                0x0010d994       0x48 /opt/devkitpro/libctru/lib/libctru.a(gspgpu.o)
                0x0010d994                GSPGPU_ReleaseRight
 .text.GSPGPU_ImportDisplayCaptureInfo
                0x0010d9dc       0x7c /opt/devkitpro/libctru/lib/libctru.a(gspgpu.o)
                0x0010d9dc                GSPGPU_ImportDisplayCaptureInfo
 .text.GSPGPU_SaveVramSysArea
                0x0010da58       0x2c /opt/devkitpro/libctru/lib/libctru.a(gspgpu.o)
                0x0010da58                GSPGPU_SaveVramSysArea
 .text.GSPGPU_RestoreVramSysArea
                0x0010da84       0x2c /opt/devkitpro/libctru/lib/libctru.a(gspgpu.o)
                0x0010da84                GSPGPU_RestoreVramSysArea
 .text.hidShouldUseIrrst
                0x0010dab0       0x24 /opt/devkitpro/libctru/lib/libctru.a(hid.o)
                0x0010dab0                hidShouldUseIrrst
 .text.hidInit  0x0010dad4      0x18c /opt/devkitpro/libctru/lib/libctru.a(hid.o)
                0x0010dad4                hidInit
 .text.hidExit  0x0010dc60       0xe8 /opt/devkitpro/libctru/lib/libctru.a(hid.o)
                0x0010dc60                hidExit
 .text.hidScanInput
                0x0010dd48      0x2a4 /opt/devkitpro/libctru/lib/libctru.a(hid.o)
                0x0010dd48                hidScanInput
 .text.hidKeysDown
                0x0010dfec       0x10 /opt/devkitpro/libctru/lib/libctru.a(hid.o)
                0x0010dfec                hidKeysDown
 .text.aptConvertScreenForCapture
                0x0010dffc      0x1ac /opt/devkitpro/libctru/lib/libctru.a(apt.o)
 .text.aptDspSleep
                0x0010e1a8        0x8 /opt/devkitpro/libctru/lib/libctru.a(apt.o)
                0x0010e1a8                aptDspSleep
 .text.aptDspWakeup
                0x0010e1b0        0x4 /opt/devkitpro/libctru/lib/libctru.a(apt.o)
                0x0010e1b0                aptDspWakeup
 .text.aptDspCancel
                0x0010e1b4        0x4 /opt/devkitpro/libctru/lib/libctru.a(apt.o)
                0x0010e1b4                aptDspCancel
 .text.aptSendCommand
                0x0010e1b8      0x158 /opt/devkitpro/libctru/lib/libctru.a(apt.o)
                0x0010e1b8                aptSendCommand
 .text.aptExitProcess
                0x0010e310       0x44 /opt/devkitpro/libctru/lib/libctru.a(apt.o)
 .text.aptExit  0x0010e354      0x38c /opt/devkitpro/libctru/lib/libctru.a(apt.o)
                0x0010e354                aptExit
 .text.aptHandleSleep
                0x0010e6e0       0xe0 /opt/devkitpro/libctru/lib/libctru.a(apt.o)
                0x0010e6e0                aptHandleSleep
 .text.aptHook  0x0010e7c0       0x30 /opt/devkitpro/libctru/lib/libctru.a(apt.o)
                0x0010e7c0                aptHook
 .text.aptUnhook
                0x0010e7f0       0x30 /opt/devkitpro/libctru/lib/libctru.a(apt.o)
                0x0010e7f0                aptUnhook
 .text.aptSetMessageCallback
                0x0010e820       0x1c /opt/devkitpro/libctru/lib/libctru.a(apt.o)
                0x0010e820                aptSetMessageCallback
 .text.APT_SleepIfShellClosed
                0x0010e83c       0x84 /opt/devkitpro/libctru/lib/libctru.a(apt.o)
                0x0010e83c                APT_SleepIfShellClosed
 .text.aptSetSleepAllowed
                0x0010e8c0       0x84 /opt/devkitpro/libctru/lib/libctru.a(apt.o)
                0x0010e8c0                aptSetSleepAllowed
 .text.APT_UnlockTransition
                0x0010e944       0x84 /opt/devkitpro/libctru/lib/libctru.a(apt.o)
                0x0010e944                APT_UnlockTransition
 .text.aptEventHandler
                0x0010e9c8      0x4a4 /opt/devkitpro/libctru/lib/libctru.a(apt.o)
 .text.APT_ReceiveParameter
                0x0010ee6c       0xb0 /opt/devkitpro/libctru/lib/libctru.a(apt.o)
                0x0010ee6c                APT_ReceiveParameter
 .text.aptReceiveParameter.constprop.0
                0x0010ef1c       0xac /opt/devkitpro/libctru/lib/libctru.a(apt.o)
 .text.aptScreenTransfer
                0x0010efc8      0x2ac /opt/devkitpro/libctru/lib/libctru.a(apt.o)
 .text.aptWaitForWakeUp.isra.0
                0x0010f274      0x320 /opt/devkitpro/libctru/lib/libctru.a(apt.o)
 .text.aptLaunchLibraryApplet
                0x0010f594      0x118 /opt/devkitpro/libctru/lib/libctru.a(apt.o)
                0x0010f594                aptLaunchLibraryApplet
 .text.aptJumpToHomeMenu
                0x0010f6ac       0xf8 /opt/devkitpro/libctru/lib/libctru.a(apt.o)
                0x0010f6ac                aptJumpToHomeMenu
 .text.aptMainLoop
                0x0010f7a4       0x48 /opt/devkitpro/libctru/lib/libctru.a(apt.o)
                0x0010f7a4                aptMainLoop
 .text.aptInit  0x0010f7ec      0x22c /opt/devkitpro/libctru/lib/libctru.a(apt.o)
                0x0010f7ec                aptInit
 .text.APT_SendParameter
                0x0010fa18       0x5c /opt/devkitpro/libctru/lib/libctru.a(apt.o)
                0x0010fa18                APT_SendParameter
 .text.APT_CheckNew3DS
                0x0010fa74       0x7c /opt/devkitpro/libctru/lib/libctru.a(apt.o)
                0x0010fa74                APT_CheckNew3DS
 .text.ptmSysmInit
                0x0010faf0       0x74 /opt/devkitpro/libctru/lib/libctru.a(ptmsysm.o)
                0x0010faf0                ptmSysmInit
 .text.ptmSysmExit
                0x0010fb64       0x3c /opt/devkitpro/libctru/lib/libctru.a(ptmsysm.o)
                0x0010fb64                ptmSysmExit
 .text.PTMSYSM_ConfigureNew3DSCPU
                0x0010fba0       0x34 /opt/devkitpro/libctru/lib/libctru.a(ptmsysm.o)
                0x0010fba0                PTMSYSM_ConfigureNew3DSCPU
 .text.fsInit   0x0010fbd4       0xcc /opt/devkitpro/libctru/lib/libctru.a(fs.o)
                0x0010fbd4                fsInit
 .text.fsExit   0x0010fca0       0x3c /opt/devkitpro/libctru/lib/libctru.a(fs.o)
                0x0010fca0                fsExit
 .text.fsExemptFromSession
                0x0010fcdc       0x60 /opt/devkitpro/libctru/lib/libctru.a(fs.o)
                0x0010fcdc                fsExemptFromSession
 .text.fsUnexemptFromSession
                0x0010fd3c       0x50 /opt/devkitpro/libctru/lib/libctru.a(fs.o)
                0x0010fd3c                fsUnexemptFromSession
 .text.FSUSER_OpenFile
                0x0010fd8c       0xcc /opt/devkitpro/libctru/lib/libctru.a(fs.o)
                0x0010fd8c                FSUSER_OpenFile
 .text.FSUSER_OpenFileDirectly
                0x0010fe58       0xd4 /opt/devkitpro/libctru/lib/libctru.a(fs.o)
                0x0010fe58                FSUSER_OpenFileDirectly
 .text.FSUSER_DeleteFile
                0x0010ff2c       0xbc /opt/devkitpro/libctru/lib/libctru.a(fs.o)
                0x0010ff2c                FSUSER_DeleteFile
 .text.FSUSER_RenameFile
                0x0010ffe8       0xf8 /opt/devkitpro/libctru/lib/libctru.a(fs.o)
                0x0010ffe8                FSUSER_RenameFile
 .text.FSUSER_DeleteDirectory
                0x001100e0       0xbc /opt/devkitpro/libctru/lib/libctru.a(fs.o)
                0x001100e0                FSUSER_DeleteDirectory
 .text.FSUSER_CreateFile
                0x0011019c       0xd4 /opt/devkitpro/libctru/lib/libctru.a(fs.o)
                0x0011019c                FSUSER_CreateFile
 .text.FSUSER_CreateDirectory
                0x00110270       0xc4 /opt/devkitpro/libctru/lib/libctru.a(fs.o)
                0x00110270                FSUSER_CreateDirectory
 .text.FSUSER_RenameDirectory
                0x00110334       0xf8 /opt/devkitpro/libctru/lib/libctru.a(fs.o)
                0x00110334                FSUSER_RenameDirectory
 .text.FSUSER_OpenDirectory
                0x0011042c       0xb4 /opt/devkitpro/libctru/lib/libctru.a(fs.o)
                0x0011042c                FSUSER_OpenDirectory
 .text.FSUSER_OpenArchive
                0x001104e0       0x94 /opt/devkitpro/libctru/lib/libctru.a(fs.o)
                0x001104e0                FSUSER_OpenArchive
 .text.FSUSER_CloseArchive
                0x00110574       0x8c /opt/devkitpro/libctru/lib/libctru.a(fs.o)
                0x00110574                FSUSER_CloseArchive
 .text.FSUSER_GetSdmcArchiveResource
                0x00110600       0x74 /opt/devkitpro/libctru/lib/libctru.a(fs.o)
                0x00110600                FSUSER_GetSdmcArchiveResource
 .text.FSUSER_IsSdmcWritable
                0x00110674       0x64 /opt/devkitpro/libctru/lib/libctru.a(fs.o)
                0x00110674                FSUSER_IsSdmcWritable
 .text.FSFILE_Read
                0x001106d8       0x58 /opt/devkitpro/libctru/lib/libctru.a(fs.o)
                0x001106d8                FSFILE_Read
 .text.FSFILE_Write
                0x00110730       0x60 /opt/devkitpro/libctru/lib/libctru.a(fs.o)
                0x00110730                FSFILE_Write
 .text.FSFILE_GetSize
                0x00110790       0x38 /opt/devkitpro/libctru/lib/libctru.a(fs.o)
                0x00110790                FSFILE_GetSize
 .text.FSFILE_SetSize
                0x001107c8       0x28 /opt/devkitpro/libctru/lib/libctru.a(fs.o)
                0x001107c8                FSFILE_SetSize
 .text.FSFILE_Close
                0x001107f0       0x3c /opt/devkitpro/libctru/lib/libctru.a(fs.o)
                0x001107f0                FSFILE_Close
 .text.FSFILE_Flush
                0x0011082c       0x24 /opt/devkitpro/libctru/lib/libctru.a(fs.o)
                0x0011082c                FSFILE_Flush
 .text.FSDIR_Read
                0x00110850       0x50 /opt/devkitpro/libctru/lib/libctru.a(fs.o)
                0x00110850                FSDIR_Read
 .text.FSDIR_Close
                0x001108a0       0x3c /opt/devkitpro/libctru/lib/libctru.a(fs.o)
                0x001108a0                FSDIR_Close
 .text.swkbdMessageCallback
                0x001108dc      0x178 /opt/devkitpro/libctru/lib/libctru.a(swkbd.o)
 .text.swkbdInit
                0x00110a54       0x78 /opt/devkitpro/libctru/lib/libctru.a(swkbd.o)
                0x00110a54                swkbdInit
 .text.swkbdSetFeatures
                0x00110acc       0x38 /opt/devkitpro/libctru/lib/libctru.a(swkbd.o)
                0x00110acc                swkbdSetFeatures
 .text.swkbdInputText
                0x00110b04      0x3a8 /opt/devkitpro/libctru/lib/libctru.a(swkbd.o)
                0x00110b04                swkbdInputText
 .text.buffer_read
                0x00110eac       0xc4 /opt/devkitpro/libctru/lib/libctru.a(decompress.o)
 .text.iov_read
                0x00110f70       0xcc /opt/devkitpro/libctru/lib/libctru.a(decompress.o)
 .text.iov_memmove
                0x0011103c      0x148 /opt/devkitpro/libctru/lib/libctru.a(decompress.o)
 .text.decompress_rle
                0x00111184      0x1dc /opt/devkitpro/libctru/lib/libctru.a(decompress.o)
 .text.decompress_lzss
                0x00111360      0x244 /opt/devkitpro/libctru/lib/libctru.a(decompress.o)
 .text.decompress_lz11
                0x001115a4      0x428 /opt/devkitpro/libctru/lib/libctru.a(decompress.o)
 .text.decompress_huff
                0x001119cc      0x2d4 /opt/devkitpro/libctru/lib/libctru.a(decompress.o)
 .text.decompressCallback_Stdio
                0x00111ca0       0x10 /opt/devkitpro/libctru/lib/libctru.a(decompress.o)
                0x00111ca0                decompressCallback_Stdio
 .text.decompressHeader
                0x00111cb0       0xdc /opt/devkitpro/libctru/lib/libctru.a(decompress.o)
                0x00111cb0                decompressHeader
 .text.decompressV
                0x00111d8c      0x240 /opt/devkitpro/libctru/lib/libctru.a(decompress.o)
                0x00111d8c                decompressV
 .text.rbtree_init
                0x00111fcc       0x10 /opt/devkitpro/libctru/lib/libctru.a(rbtree_init.o)
                0x00111fcc                rbtree_init
 .text.do_insert
                0x00111fdc      0x1b0 /opt/devkitpro/libctru/lib/libctru.a(rbtree_insert.o)
 .text.rbtree_insert
                0x0011218c        0x8 /opt/devkitpro/libctru/lib/libctru.a(rbtree_insert.o)
                0x0011218c                rbtree_insert
 .text.rbtree_rotate
                0x00112194       0x90 /opt/devkitpro/libctru/lib/libctru.a(rbtree_rotate.o)
                0x00112194                rbtree_rotate
 .text.rbtree_remove
                0x00112224      0x318 /opt/devkitpro/libctru/lib/libctru.a(rbtree_remove.o)
                0x00112224                rbtree_remove
 .text.rbtree_find
                0x0011253c       0x74 /opt/devkitpro/libctru/lib/libctru.a(rbtree_find.o)
                0x0011253c                rbtree_find
 .text.utf8_to_utf16
                0x001125b0       0xc0 /opt/devkitpro/libctru/lib/libctru.a(utf8_to_utf16.o)
                0x001125b0                utf8_to_utf16
 .text.decode_utf8
                0x00112670      0x13c /opt/devkitpro/libctru/lib/libctru.a(decode_utf8.o)
                0x00112670                decode_utf8
 .text.utf16_to_utf8
                0x001127ac       0xe8 /opt/devkitpro/libctru/lib/libctru.a(utf16_to_utf8.o)
                0x001127ac                utf16_to_utf8
 *fill*         0x00112894        0x4 
 .text.__system_allocateHeaps
                0x00112898      0x1e0 /opt/devkitpro/libctru/lib/libctru.a(allocateHeaps.o)
                0x00112898                __system_allocateHeaps
 .text.__libctru_init
                0x00112a78       0x38 /opt/devkitpro/libctru/lib/libctru.a(ctru_init.o)
                0x00112a78                __libctru_init
 .text.__system_initArgv
                0x00112ab0      0x170 /opt/devkitpro/libctru/lib/libctru.a(initArgv.o)
                0x00112ab0                __system_initArgv
 .text.svcControlMemory
                0x00112c20       0x20 /opt/devkitpro/libctru/lib/libctru.a(svc.o)
                0x00112c20                svcControlMemory
 .text.svcQueryMemory
                0x00112c40       0x30 /opt/devkitpro/libctru/lib/libctru.a(svc.o)
                0x00112c40                svcQueryMemory
 .text.svcExitProcess
                0x00112c70        0x8 /opt/devkitpro/libctru/lib/libctru.a(svc.o)
                0x00112c70                svcExitProcess
 .text.svcCreateThread
                0x00112c78       0x20 /opt/devkitpro/libctru/lib/libctru.a(svc.o)
                0x00112c78                svcCreateThread
 .text.svcExitThread
                0x00112c98        0x8 /opt/devkitpro/libctru/lib/libctru.a(svc.o)
                0x00112c98                svcExitThread
 .text.svcSleepThread
                0x00112ca0        0x8 /opt/devkitpro/libctru/lib/libctru.a(svc.o)
                0x00112ca0                svcSleepThread
 .text.svcReleaseMutex
                0x00112ca8        0x8 /opt/devkitpro/libctru/lib/libctru.a(svc.o)
                0x00112ca8                svcReleaseMutex
 .text.svcCreateEvent
                0x00112cb0       0x14 /opt/devkitpro/libctru/lib/libctru.a(svc.o)
                0x00112cb0                svcCreateEvent
 .text.svcSignalEvent
                0x00112cc4        0x8 /opt/devkitpro/libctru/lib/libctru.a(svc.o)
                0x00112cc4                svcSignalEvent
 .text.svcClearEvent
                0x00112ccc        0x8 /opt/devkitpro/libctru/lib/libctru.a(svc.o)
                0x00112ccc                svcClearEvent
 .text.svcCreateMemoryBlock
                0x00112cd4       0x18 /opt/devkitpro/libctru/lib/libctru.a(svc.o)
                0x00112cd4                svcCreateMemoryBlock
 .text.svcMapMemoryBlock
                0x00112cec        0x8 /opt/devkitpro/libctru/lib/libctru.a(svc.o)
                0x00112cec                svcMapMemoryBlock
 .text.svcUnmapMemoryBlock
                0x00112cf4        0x8 /opt/devkitpro/libctru/lib/libctru.a(svc.o)
                0x00112cf4                svcUnmapMemoryBlock
 .text.svcCreateAddressArbiter
                0x00112cfc       0x14 /opt/devkitpro/libctru/lib/libctru.a(svc.o)
                0x00112cfc                svcCreateAddressArbiter
 .text.svcArbitrateAddressNoTimeout
                0x00112d10        0x8 /opt/devkitpro/libctru/lib/libctru.a(svc.o)
                0x00112d10                svcArbitrateAddressNoTimeout
 .text.svcCloseHandle
                0x00112d18        0x8 /opt/devkitpro/libctru/lib/libctru.a(svc.o)
                0x00112d18                svcCloseHandle
 .text.svcWaitSynchronization
                0x00112d20        0x8 /opt/devkitpro/libctru/lib/libctru.a(svc.o)
                0x00112d20                svcWaitSynchronization
 .text.svcWaitSynchronizationN
                0x00112d28       0x28 /opt/devkitpro/libctru/lib/libctru.a(svc.o)
                0x00112d28                svcWaitSynchronizationN
 .text.svcDuplicateHandle
                0x00112d50       0x14 /opt/devkitpro/libctru/lib/libctru.a(svc.o)
                0x00112d50                svcDuplicateHandle
 .text.svcGetSystemTick
                0x00112d64        0x8 /opt/devkitpro/libctru/lib/libctru.a(svc.o)
                0x00112d64                svcGetSystemTick
 .text.svcConnectToPort
                0x00112d6c       0x14 /opt/devkitpro/libctru/lib/libctru.a(svc.o)
                0x00112d6c                svcConnectToPort
 .text.svcSendSyncRequest
                0x00112d80        0x8 /opt/devkitpro/libctru/lib/libctru.a(svc.o)
                0x00112d80                svcSendSyncRequest
 .text.svcGetResourceLimit
                0x00112d88       0x14 /opt/devkitpro/libctru/lib/libctru.a(svc.o)
                0x00112d88                svcGetResourceLimit
 .text.svcGetResourceLimitLimitValues
                0x00112d9c        0x8 /opt/devkitpro/libctru/lib/libctru.a(svc.o)
                0x00112d9c                svcGetResourceLimitLimitValues
 .text.svcGetResourceLimitCurrentValues
                0x00112da4        0x8 /opt/devkitpro/libctru/lib/libctru.a(svc.o)
                0x00112da4                svcGetResourceLimitCurrentValues
 .text.svcBreak
                0x00112dac        0x8 /opt/devkitpro/libctru/lib/libctru.a(svc.o)
                0x00112dac                svcBreak
 .text.initSystem
                0x00112db4       0x50 /opt/devkitpro/libctru/lib/libctru.a(stack_adjust.o)
                0x00112db4                initSystem
 .text.__ctru_exit
                0x00112e04       0x18 /opt/devkitpro/libctru/lib/libctru.a(stack_adjust.o)
                0x00112e04                __ctru_exit
 .text.__aeabi_read_tp
                0x00112e1c        0xc /opt/devkitpro/libctru/lib/libctru.a(readtp.o)
                0x00112e1c                __aeabi_read_tp
 .text.envGetHandle
                0x00112e28       0x84 /opt/devkitpro/libctru/lib/libctru.a(env.o)
                0x00112e28                envGetHandle
 .text.envDestroyHandles
                0x00112eac       0x50 /opt/devkitpro/libctru/lib/libctru.a(env.o)
                0x00112eac                envDestroyHandles
 .text.__sync_init
                0x00112efc        0xc /opt/devkitpro/libctru/lib/libctru.a(synchronization.o)
                0x00112efc                __sync_init
 .text.__sync_fini
                0x00112f08       0x18 /opt/devkitpro/libctru/lib/libctru.a(synchronization.o)
                0x00112f08                __sync_fini
 .text.syncArbitrateAddress
                0x00112f20       0x2c /opt/devkitpro/libctru/lib/libctru.a(synchronization.o)
                0x00112f20                syncArbitrateAddress
 .text.LightLock_Lock
                0x00112f4c       0xac /opt/devkitpro/libctru/lib/libctru.a(synchronization.o)
                0x00112f4c                LightLock_Lock
 .text.LightLock_Unlock
                0x00112ff8       0x40 /opt/devkitpro/libctru/lib/libctru.a(synchronization.o)
                0x00112ff8                LightLock_Unlock
 .text.RecursiveLock_Lock
                0x00113038       0x30 /opt/devkitpro/libctru/lib/libctru.a(synchronization.o)
                0x00113038                RecursiveLock_Lock
 .text.RecursiveLock_Unlock
                0x00113068       0x54 /opt/devkitpro/libctru/lib/libctru.a(synchronization.o)
                0x00113068                RecursiveLock_Unlock
 .text.LightEvent_Init
                0x001130bc       0x40 /opt/devkitpro/libctru/lib/libctru.a(synchronization.o)
                0x001130bc                LightEvent_Init
 .text.LightEvent_Clear
                0x001130fc       0xa4 /opt/devkitpro/libctru/lib/libctru.a(synchronization.o)
                0x001130fc                LightEvent_Clear
 .text.LightEvent_Signal
                0x001131a0       0xc8 /opt/devkitpro/libctru/lib/libctru.a(synchronization.o)
                0x001131a0                LightEvent_Signal
 .text.LightEvent_TryWait
                0x00113268       0x50 /opt/devkitpro/libctru/lib/libctru.a(synchronization.o)
                0x00113268                LightEvent_TryWait
 .text.LightEvent_Wait
                0x001132b8       0xa0 /opt/devkitpro/libctru/lib/libctru.a(synchronization.o)
                0x001132b8                LightEvent_Wait
 .text.srvInit  0x00113358      0x12c /opt/devkitpro/libctru/lib/libctru.a(srv.o)
                0x00113358                srvInit
 .text.srvExit  0x00113484       0x58 /opt/devkitpro/libctru/lib/libctru.a(srv.o)
                0x00113484                srvExit
 .text.srvEnableNotification
                0x001134dc       0x60 /opt/devkitpro/libctru/lib/libctru.a(srv.o)
                0x001134dc                srvEnableNotification
 .text.srvGetServiceHandleDirect
                0x0011353c       0xa0 /opt/devkitpro/libctru/lib/libctru.a(srv.o)
                0x0011353c                srvGetServiceHandleDirect
 .text.srvGetServiceHandle
                0x001135dc       0x38 /opt/devkitpro/libctru/lib/libctru.a(srv.o)
                0x001135dc                srvGetServiceHandle
 .text.srvSubscribe
                0x00113614       0x34 /opt/devkitpro/libctru/lib/libctru.a(srv.o)
                0x00113614                srvSubscribe
 .text.srvReceiveNotification
                0x00113648       0x60 /opt/devkitpro/libctru/lib/libctru.a(srv.o)
                0x00113648                srvReceiveNotification
 .text.srvPublishToSubscriber
                0x001136a8       0x38 /opt/devkitpro/libctru/lib/libctru.a(srv.o)
                0x001136a8                srvPublishToSubscriber
 .text.threadCreate
                0x001136e0      0x1d8 /opt/devkitpro/libctru/lib/libctru.a(thread.o)
                0x001136e0                threadCreate
 .text.threadFree
                0x001138b8       0x2c /opt/devkitpro/libctru/lib/libctru.a(thread.o)
                0x001138b8                threadFree
 .text.threadJoin
                0x001138e4       0x24 /opt/devkitpro/libctru/lib/libctru.a(thread.o)
                0x001138e4                threadJoin
 .text.threadGetCurrent
                0x00113908       0x30 /opt/devkitpro/libctru/lib/libctru.a(thread.o)
                0x00113908                threadGetCurrent
 .text.threadExit
                0x00113938       0x40 /opt/devkitpro/libctru/lib/libctru.a(thread.o)
                0x00113938                threadExit
 .text._thread_begin
                0x00113978       0x20 /opt/devkitpro/libctru/lib/libctru.a(thread.o)
 .text.mappableFindAddressWithin
                0x00113998       0xb4 /opt/devkitpro/libctru/lib/libctru.a(mappable.o)
 .text.mappableInit
                0x00113a4c       0x28 /opt/devkitpro/libctru/lib/libctru.a(mappable.o)
                0x00113a4c                mappableInit
 .text.mappableAlloc
                0x00113a74       0x80 /opt/devkitpro/libctru/lib/libctru.a(mappable.o)
                0x00113a74                mappableAlloc
 .text.mappableFree
                0x00113af4        0x4 /opt/devkitpro/libctru/lib/libctru.a(mappable.o)
                0x00113af4                mappableFree
 .text.irrstInit
                0x00113af8      0x160 /opt/devkitpro/libctru/lib/libctru.a(irrst.o)
                0x00113af8                irrstInit
 .text.irrstExit
                0x00113c58       0xcc /opt/devkitpro/libctru/lib/libctru.a(irrst.o)
                0x00113c58                irrstExit
 .text.irrstScanInput
                0x00113d24       0xb4 /opt/devkitpro/libctru/lib/libctru.a(irrst.o)
                0x00113d24                irrstScanInput
 .text.irrstKeysHeld
                0x00113dd8       0x24 /opt/devkitpro/libctru/lib/libctru.a(irrst.o)
                0x00113dd8                irrstKeysHeld
 .text.srvPmGetSessionHandle
                0x00113dfc        0xc /opt/devkitpro/libctru/lib/libctru.a(srvpm.o)
                0x00113dfc                srvPmGetSessionHandle
 .text.rbtree_node_next
                0x00113e08       0x5c /opt/devkitpro/libctru/lib/libctru.a(rbtree_iterator.o)
                0x00113e08                rbtree_node_next
 .text.encode_utf16
                0x00113e64       0x54 /opt/devkitpro/libctru/lib/libctru.a(encode_utf16.o)
                0x00113e64                encode_utf16
 .text.encode_utf8
                0x00113eb8       0xe0 /opt/devkitpro/libctru/lib/libctru.a(encode_utf8.o)
                0x00113eb8                encode_utf8
 .text.decode_utf16
                0x00113f98       0x64 /opt/devkitpro/libctru/lib/libctru.a(decode_utf16.o)
                0x00113f98                decode_utf16
 .text.__appInit
                0x00113ffc       0x30 /opt/devkitpro/libctru/lib/libctru.a(appInit.o)
                0x00113ffc                __appInit
 .text.__syscall_getreent
                0x0011402c       0x30 /opt/devkitpro/libctru/lib/libctru.a(syscalls.o)
                0x0011402c                __syscall_getreent
 .text.__syscall_gettod_r
                0x0011405c       0x64 /opt/devkitpro/libctru/lib/libctru.a(syscalls.o)
                0x0011405c                __syscall_gettod_r
 .text.__syscall_lock_acquire
                0x001140c0        0x4 /opt/devkitpro/libctru/lib/libctru.a(syscalls.o)
                0x001140c0                __syscall_lock_acquire
 .text.__syscall_lock_release
                0x001140c4        0x4 /opt/devkitpro/libctru/lib/libctru.a(syscalls.o)
                0x001140c4                __syscall_lock_release
 .text.__syscall_lock_acquire_recursive
                0x001140c8        0x4 /opt/devkitpro/libctru/lib/libctru.a(syscalls.o)
                0x001140c8                __syscall_lock_acquire_recursive
 .text.__syscall_lock_release_recursive
                0x001140cc        0x4 /opt/devkitpro/libctru/lib/libctru.a(syscalls.o)
                0x001140cc                __syscall_lock_release_recursive
 .text.__syscall_exit
                0x001140d0        0x4 /opt/devkitpro/libctru/lib/libctru.a(syscalls.o)
                0x001140d0                __syscall_exit
 .text.initThreadVars
                0x001140d4       0x50 /opt/devkitpro/libctru/lib/libctru.a(syscalls.o)
                0x001140d4                initThreadVars
 .text.__system_initSyscalls
                0x00114124       0x80 /opt/devkitpro/libctru/lib/libctru.a(syscalls.o)
                0x00114124                __system_initSyscalls
 .text.__appExit
                0x001141a4       0x30 /opt/devkitpro/libctru/lib/libctru.a(appExit.o)
                0x001141a4                __appExit
 .text.__libctru_exit
                0x001141d4       0x90 /opt/devkitpro/libctru/lib/libctru.a(ctru_exit.o)
                0x001141d4                __libctru_exit
 .text.archive_link
                0x00114264       0x14 /opt/devkitpro/libctru/lib/libctru.a(archive_dev.o)
 .text.archive_dirreset
                0x00114278       0x14 /opt/devkitpro/libctru/lib/libctru.a(archive_dev.o)
 .text.archive_chmod
                0x0011428c       0x14 /opt/devkitpro/libctru/lib/libctru.a(archive_dev.o)
 .text.error_cmp
                0x001142a0       0x24 /opt/devkitpro/libctru/lib/libctru.a(archive_dev.o)
 .text.archive_translate_error
                0x001142c4       0x50 /opt/devkitpro/libctru/lib/libctru.a(archive_dev.o)
 .text.archive_seek
                0x00114314       0xc8 /opt/devkitpro/libctru/lib/libctru.a(archive_dev.o)
 .text._archiveInit.part.0
                0x001143dc       0x7c /opt/devkitpro/libctru/lib/libctru.a(archive_dev.o)
 .text.archiveFindDevice.part.0
                0x00114458       0xc4 /opt/devkitpro/libctru/lib/libctru.a(archive_dev.o)
 .text.archive_utf16path
                0x0011451c      0x280 /opt/devkitpro/libctru/lib/libctru.a(archive_dev.o)
 .text._archiveUnmountDeviceStruct.part.0
                0x0011479c       0x9c /opt/devkitpro/libctru/lib/libctru.a(archive_dev.o)
 .text.archive_fchmod
                0x00114838       0x14 /opt/devkitpro/libctru/lib/libctru.a(archive_dev.o)
 .text.archive_statvfs
                0x0011484c       0x14 /opt/devkitpro/libctru/lib/libctru.a(archive_dev.o)
 .text._archiveMountDevice
                0x00114860      0x164 /opt/devkitpro/libctru/lib/libctru.a(archive_dev.o)
 .text.archive_diropen
                0x001149c4       0xe8 /opt/devkitpro/libctru/lib/libctru.a(archive_dev.o)
 .text.archive_fstat
                0x00114aac       0xa4 /opt/devkitpro/libctru/lib/libctru.a(archive_dev.o)
 .text.archive_fsync
                0x00114b50       0x6c /opt/devkitpro/libctru/lib/libctru.a(archive_dev.o)
 .text.archive_close
                0x00114bbc       0x6c /opt/devkitpro/libctru/lib/libctru.a(archive_dev.o)
 .text.archive_dirclose
                0x00114c28       0x70 /opt/devkitpro/libctru/lib/libctru.a(archive_dev.o)
 .text.sdmc_statvfs
                0x00114c98       0xe8 /opt/devkitpro/libctru/lib/libctru.a(archive_dev.o)
 .text.archive_chdir
                0x00114d80       0xec /opt/devkitpro/libctru/lib/libctru.a(archive_dev.o)
 .text.archive_ftruncate
                0x00114e6c       0x7c /opt/devkitpro/libctru/lib/libctru.a(archive_dev.o)
 .text.archive_read
                0x00114ee8       0xac /opt/devkitpro/libctru/lib/libctru.a(archive_dev.o)
 .text.archive_unlink
                0x00114f94       0xa4 /opt/devkitpro/libctru/lib/libctru.a(archive_dev.o)
 .text.archive_rmdir
                0x00115038       0xbc /opt/devkitpro/libctru/lib/libctru.a(archive_dev.o)
 .text.archive_mkdir
                0x001150f4       0xdc /opt/devkitpro/libctru/lib/libctru.a(archive_dev.o)
 .text.archive_stat
                0x001151d0      0x194 /opt/devkitpro/libctru/lib/libctru.a(archive_dev.o)
 .text.archive_dirnext
                0x00115364      0x160 /opt/devkitpro/libctru/lib/libctru.a(archive_dev.o)
 .text.archive_write
                0x001154c4      0x124 /opt/devkitpro/libctru/lib/libctru.a(archive_dev.o)
 .text.archive_open
                0x001155e8      0x20c /opt/devkitpro/libctru/lib/libctru.a(archive_dev.o)
 .text.archive_rename
                0x001157f4      0x278 /opt/devkitpro/libctru/lib/libctru.a(archive_dev.o)
 .text.archiveMountSdmc
                0x00115a6c      0x19c /opt/devkitpro/libctru/lib/libctru.a(archive_dev.o)
                0x00115a6c                archiveMountSdmc
 .text.archiveUnmountAll
                0x00115c08       0x54 /opt/devkitpro/libctru/lib/libctru.a(archive_dev.o)
                0x00115c08                archiveUnmountAll
 *fill*         0x00115c5c        0x4 
 .text.sinf     0x00115c60      0x244 /opt/devkitpro/devkitARM/bin/../lib/gcc/arm-none-eabi/13.1.0/../../../../arm-none-eabi/lib/armv6k/fpu/libm.a(libm_a-sinf.o)
                0x00115c60                sinf
 *fill*         0x00115ea4        0x4 
 .text.cosf     0x00115ea8      0x22c /opt/devkitpro/devkitARM/bin/../lib/gcc/arm-none-eabi/13.1.0/../../../../arm-none-eabi/lib/armv6k/fpu/libm.a(libm_a-cosf.o)
                0x00115ea8                cosf
 .text.with_errnof
                0x001160d4       0x24 /opt/devkitpro/devkitARM/bin/../lib/gcc/arm-none-eabi/13.1.0/../../../../arm-none-eabi/lib/armv6k/fpu/libm.a(libm_a-math_errf.o)
 .text.__math_invalidf
                0x001160f8       0x1c /opt/devkitpro/devkitARM/bin/../lib/gcc/arm-none-eabi/13.1.0/../../../../arm-none-eabi/lib/armv6k/fpu/libm.a(libm_a-math_errf.o)
                0x001160f8                __math_invalidf
 .text.__udivmoddi4
                0x00116114      0x120 /opt/devkitpro/devkitARM/bin/../lib/gcc/arm-none-eabi/13.1.0/armv6k/fpu/libgcc.a(_udivmoddi4.o)
                0x00116114                __udivmoddi4
 .text.printf   0x00116234       0x34 /opt/devkitpro/devkitARM/bin/../lib/gcc/arm-none-eabi/13.1.0/../../../../arm-none-eabi/lib/armv6k/fpu/libg.a(libc_a-printf.o)
                0x00116234                printf
 .text.memalign
                0x00116268       0x20 /opt/devkitpro/devkitARM/bin/../lib/gcc/arm-none-eabi/13.1.0/../../../../arm-none-eabi/lib/armv6k/fpu/libg.a(libc_a-malign.o)
                0x00116268                memalign
 .text._memalign_r
                0x00116288      0x14c /opt/devkitpro/devkitARM/bin/../lib/gcc/arm-none-eabi/13.1.0/../../../../arm-none-eabi/lib/armv6k/fpu/libg.a(libc_a-malignr.o)
                0x00116288                _memalign_r
 .text.putchar  0x001163d4       0x1c /opt/devkitpro/devkitARM/bin/../lib/gcc/arm-none-eabi/13.1.0/../../../../arm-none-eabi/lib/armv6k/fpu/libg.a(libc_a-putchar.o)
                0x001163d4                putchar
 .text.bsearch  0x001163f0       0x78 /opt/devkitpro/devkitARM/bin/../lib/gcc/arm-none-eabi/13.1.0/../../../../arm-none-eabi/lib/armv6k/fpu/libg.a(libc_a-bsearch.o)
                0x001163f0                bsearch
 .text.sscanf   0x00116468       0x74 /opt/devkitpro/devkitARM/bin/../lib/gcc/arm-none-eabi/13.1.0/../../../../arm-none-eabi/lib/armv6k/fpu/libg.a(libc_a-sscanf.o)
                0x00116468                sscanf
 .text.__sread  0x001164dc       0x44 /opt/devkitpro/devkitARM/bin/../lib/gcc/arm-none-eabi/13.1.0/../../../../arm-none-eabi/lib/armv6k/fpu/libg.a(libc_a-stdio.o)
                0x001164dc                __sread
 .text.__seofread
                0x00116520        0x8 /opt/devkitpro/devkitARM/bin/../lib/gcc/arm-none-eabi/13.1.0/../../../../arm-none-eabi/lib/armv6k/fpu/libg.a(libc_a-stdio.o)
                0x00116520                __seofread
 .text.__swrite
                0x00116528       0x68 /opt/devkitpro/devkitARM/bin/../lib/gcc/arm-none-eabi/13.1.0/../../../../arm-none-eabi/lib/armv6k/fpu/libg.a(libc_a-stdio.o)
                0x00116528                __swrite
 .text.__sseek  0x00116590       0x44 /opt/devkitpro/devkitARM/bin/../lib/gcc/arm-none-eabi/13.1.0/../../../../arm-none-eabi/lib/armv6k/fpu/libg.a(libc_a-stdio.o)
                0x00116590                __sseek
 .text.__sclose
                0x001165d4        0x8 /opt/devkitpro/devkitARM/bin/../lib/gcc/arm-none-eabi/13.1.0/../../../../arm-none-eabi/lib/armv6k/fpu/libg.a(libc_a-stdio.o)
                0x001165d4                __sclose
 .text.calloc   0x001165dc       0x20 /opt/devkitpro/devkitARM/bin/../lib/gcc/arm-none-eabi/13.1.0/../../../../arm-none-eabi/lib/armv6k/fpu/libg.a(libc_a-calloc.o)
                0x001165dc                calloc
 .text._calloc_r
                0x001165fc       0xc0 /opt/devkitpro/devkitARM/bin/../lib/gcc/arm-none-eabi/13.1.0/../../../../arm-none-eabi/lib/armv6k/fpu/libg.a(libc_a-callocr.o)
                0x001165fc                _calloc_r
 .text.setvbuf  0x001166bc      0x25c /opt/devkitpro/devkitARM/bin/../lib/gcc/arm-none-eabi/13.1.0/../../../../arm-none-eabi/lib/armv6k/fpu/libg.a(libc_a-setvbuf.o)
                0x001166bc                setvbuf
 .text.__call_exitprocs
                0x00116918        0x4 /opt/devkitpro/devkitARM/bin/../lib/gcc/arm-none-eabi/13.1.0/../../../../arm-none-eabi/lib/armv6k/fpu/libg.a(libc_a-exit.o)
                0x00116918                __call_exitprocs
 .text.exit     0x0011691c       0x30 /opt/devkitpro/devkitARM/bin/../lib/gcc/arm-none-eabi/13.1.0/../../../../arm-none-eabi/lib/armv6k/fpu/libg.a(libc_a-exit.o)
                0x0011691c                exit
 .text._malloc_trim_r
                0x0011694c       0xf8 /opt/devkitpro/devkitARM/bin/../lib/gcc/arm-none-eabi/13.1.0/../../../../arm-none-eabi/lib/armv6k/fpu/libg.a(libc_a-freer.o)
                0x0011694c                _malloc_trim_r
 .text._free_r  0x00116a44      0x2e8 /opt/devkitpro/devkitARM/bin/../lib/gcc/arm-none-eabi/13.1.0/../../../../arm-none-eabi/lib/armv6k/fpu/libg.a(libc_a-freer.o)
                0x00116a44                _free_r
 .text.strchr   0x00116d2c      0x130 /opt/devkitpro/devkitARM/bin/../lib/gcc/arm-none-eabi/13.1.0/../../../../arm-none-eabi/lib/armv6k/fpu/libg.a(libc_a-strchr.o)
                0x00116d2c                strchr
 .text.memcmp   0x00116e5c       0xd8 /opt/devkitpro/devkitARM/bin/../lib/gcc/arm-none-eabi/13.1.0/../../../../arm-none-eabi/lib/armv6k/fpu/libg.a(libc_a-memcmp.o)
                0x00116e5c                memcmp
 .text._fclose_r
                0x00116f34      0x148 /opt/devkitpro/devkitARM/bin/../lib/gcc/arm-none-eabi/13.1.0/../../../../arm-none-eabi/lib/armv6k/fpu/libg.a(libc_a-fclose.o)
                0x00116f34                _fclose_r
 .text.fclose   0x0011707c       0x18 /opt/devkitpro/devkitARM/bin/../lib/gcc/arm-none-eabi/13.1.0/../../../../arm-none-eabi/lib/armv6k/fpu/libg.a(libc_a-fclose.o)
                0x0011707c                fclose
 .text.malloc   0x00117094       0x18 /opt/devkitpro/devkitARM/bin/../lib/gcc/arm-none-eabi/13.1.0/../../../../arm-none-eabi/lib/armv6k/fpu/libg.a(libc_a-malloc.o)
                0x00117094                malloc
 .text.free     0x001170ac       0x18 /opt/devkitpro/devkitARM/bin/../lib/gcc/arm-none-eabi/13.1.0/../../../../arm-none-eabi/lib/armv6k/fpu/libg.a(libc_a-malloc.o)
                0x001170ac                free
 .text.get_arg  0x001170c4       0x50 /opt/devkitpro/devkitARM/bin/../lib/gcc/arm-none-eabi/13.1.0/../../../../arm-none-eabi/lib/armv6k/fpu/libg.a(libc_a-svfscanf.o)
 .text.__ssvfscanf_r
                0x00117114     0x2bf8 /opt/devkitpro/devkitARM/bin/../lib/gcc/arm-none-eabi/13.1.0/../../../../arm-none-eabi/lib/armv6k/fpu/libg.a(libc_a-svfscanf.o)
                0x00117114                __ssvfscanf_r
 .text._malloc_r
                0x00119d0c      0x79c /opt/devkitpro/devkitARM/bin/../lib/gcc/arm-none-eabi/13.1.0/../../../../arm-none-eabi/lib/armv6k/fpu/libg.a(libc_a-mallocr.o)
                0x00119d0c                _malloc_r
 .text.memset   0x0011a4a8       0xf4 /opt/devkitpro/devkitARM/bin/../lib/gcc/arm-none-eabi/13.1.0/../../../../arm-none-eabi/lib/armv6k/fpu/libg.a(libc_a-memset.o)
                0x0011a4a8                memset
 .text.__malloc_lock
                0x0011a59c        0xc /opt/devkitpro/devkitARM/bin/../lib/gcc/arm-none-eabi/13.1.0/../../../../arm-none-eabi/lib/armv6k/fpu/libg.a(libc_a-mlock.o)
                0x0011a59c                __malloc_lock
 .text.__malloc_unlock
                0x0011a5a8        0xc /opt/devkitpro/devkitARM/bin/../lib/gcc/arm-none-eabi/13.1.0/../../../../arm-none-eabi/lib/armv6k/fpu/libg.a(libc_a-mlock.o)
                0x0011a5a8                __malloc_unlock
 .text.get_arg  0x0011a5b4      0x64c /opt/devkitpro/devkitARM/bin/../lib/gcc/arm-none-eabi/13.1.0/../../../../arm-none-eabi/lib/armv6k/fpu/libg.a(libc_a-vfprintf.o)
 .text._vfprintf_r
                0x0011ac00     0x3378 /opt/devkitpro/devkitARM/bin/../lib/gcc/arm-none-eabi/13.1.0/../../../../arm-none-eabi/lib/armv6k/fpu/libg.a(libc_a-vfprintf.o)
                0x0011ac00                _vfprintf_r
 .text.__sbprintf
                0x0011df78       0xb8 /opt/devkitpro/devkitARM/bin/../lib/gcc/arm-none-eabi/13.1.0/../../../../arm-none-eabi/lib/armv6k/fpu/libg.a(libc_a-vfprintf.o)
 .text.strlen   0x0011e030       0x90 /opt/devkitpro/devkitARM/bin/../lib/gcc/arm-none-eabi/13.1.0/../../../../arm-none-eabi/lib/armv6k/fpu/libg.a(libc_a-strlen.o)
                0x0011e030                strlen
 .text._fopen_r
                0x0011e0c0      0x12c /opt/devkitpro/devkitARM/bin/../lib/gcc/arm-none-eabi/13.1.0/../../../../arm-none-eabi/lib/armv6k/fpu/libg.a(libc_a-fopen.o)
                0x0011e0c0                _fopen_r
 .text.fopen    0x0011e1ec       0x20 /opt/devkitpro/devkitARM/bin/../lib/gcc/arm-none-eabi/13.1.0/../../../../arm-none-eabi/lib/armv6k/fpu/libg.a(libc_a-fopen.o)
                0x0011e1ec                fopen
 .text.__sflush_r
                0x0011e20c      0x22c /opt/devkitpro/devkitARM/bin/../lib/gcc/arm-none-eabi/13.1.0/../../../../arm-none-eabi/lib/armv6k/fpu/libg.a(libc_a-fflush.o)
                0x0011e20c                __sflush_r
 .text._fflush_r
                0x0011e438       0x94 /opt/devkitpro/devkitARM/bin/../lib/gcc/arm-none-eabi/13.1.0/../../../../arm-none-eabi/lib/armv6k/fpu/libg.a(libc_a-fflush.o)
                0x0011e438                _fflush_r
 .text.strncat  0x0011e4cc       0xe4 /opt/devkitpro/devkitARM/bin/../lib/gcc/arm-none-eabi/13.1.0/../../../../arm-none-eabi/lib/armv6k/fpu/libg.a(libc_a-strncat.o)
                0x0011e4cc                strncat
 .text.strncmp  0x0011e5b0       0xe4 /opt/devkitpro/devkitARM/bin/../lib/gcc/arm-none-eabi/13.1.0/../../../../arm-none-eabi/lib/armv6k/fpu/libg.a(libc_a-strncmp.o)
                0x0011e5b0                strncmp
 .text._fwalk_sglue
                0x0011e694       0x70 /opt/devkitpro/devkitARM/bin/../lib/gcc/arm-none-eabi/13.1.0/../../../../arm-none-eabi/lib/armv6k/fpu/libg.a(libc_a-fwalk.o)
                0x0011e694                _fwalk_sglue
 .text._fread_r
                0x0011e704      0x344 /opt/devkitpro/devkitARM/bin/../lib/gcc/arm-none-eabi/13.1.0/../../../../arm-none-eabi/lib/armv6k/fpu/libg.a(libc_a-fread.o)
                0x0011e704                _fread_r
 .text.fread    0x0011ea48       0x38 /opt/devkitpro/devkitARM/bin/../lib/gcc/arm-none-eabi/13.1.0/../../../../arm-none-eabi/lib/armv6k/fpu/libg.a(libc_a-fread.o)
                0x0011ea48                fread
 .text.strncpy  0x0011ea80       0xc4 /opt/devkitpro/devkitARM/bin/../lib/gcc/arm-none-eabi/13.1.0/../../../../arm-none-eabi/lib/armv6k/fpu/libg.a(libc_a-strncpy.o)
                0x0011ea80                strncpy
 .text.stdio_exit_handler
                0x0011eb44       0x1c /opt/devkitpro/devkitARM/bin/../lib/gcc/arm-none-eabi/13.1.0/../../../../arm-none-eabi/lib/armv6k/fpu/libg.a(libc_a-findfp.o)
 .text.cleanup_stdio
                0x0011eb60       0x5c /opt/devkitpro/devkitARM/bin/../lib/gcc/arm-none-eabi/13.1.0/../../../../arm-none-eabi/lib/armv6k/fpu/libg.a(libc_a-findfp.o)
 .text.global_stdio_init.part.0
                0x0011ebbc      0x154 /opt/devkitpro/devkitARM/bin/../lib/gcc/arm-none-eabi/13.1.0/../../../../arm-none-eabi/lib/armv6k/fpu/libg.a(libc_a-findfp.o)
 .text.__sfp    0x0011ed10      0x134 /opt/devkitpro/devkitARM/bin/../lib/gcc/arm-none-eabi/13.1.0/../../../../arm-none-eabi/lib/armv6k/fpu/libg.a(libc_a-findfp.o)
                0x0011ed10                __sfp
 .text.__sinit  0x0011ee44       0x5c /opt/devkitpro/devkitARM/bin/../lib/gcc/arm-none-eabi/13.1.0/../../../../arm-none-eabi/lib/armv6k/fpu/libg.a(libc_a-findfp.o)
                0x0011ee44                __sinit
 .text.__sfp_lock_acquire
                0x0011eea0        0xc /opt/devkitpro/devkitARM/bin/../lib/gcc/arm-none-eabi/13.1.0/../../../../arm-none-eabi/lib/armv6k/fpu/libg.a(libc_a-findfp.o)
                0x0011eea0                __sfp_lock_acquire
 .text.__sfp_lock_release
                0x0011eeac        0xc /opt/devkitpro/devkitARM/bin/../lib/gcc/arm-none-eabi/13.1.0/../../../../arm-none-eabi/lib/armv6k/fpu/libg.a(libc_a-findfp.o)
                0x0011eeac                __sfp_lock_release
 .text.srand    0x0011eeb8       0x1c /opt/devkitpro/devkitARM/bin/../lib/gcc/arm-none-eabi/13.1.0/../../../../arm-none-eabi/lib/armv6k/fpu/libg.a(libc_a-rand.o)
                0x0011eeb8                srand
 .text.strnlen  0x0011eed4       0x48 /opt/devkitpro/devkitARM/bin/../lib/gcc/arm-none-eabi/13.1.0/../../../../arm-none-eabi/lib/armv6k/fpu/libg.a(libc_a-strnlen.o)
                0x0011eed4                strnlen
 .text.sulp     0x0011ef1c       0x64 /opt/devkitpro/devkitARM/bin/../lib/gcc/arm-none-eabi/13.1.0/../../../../arm-none-eabi/lib/armv6k/fpu/libg.a(libc_a-strtod.o)
 .text._strtod_l
                0x0011ef80     0x13a4 /opt/devkitpro/devkitARM/bin/../lib/gcc/arm-none-eabi/13.1.0/../../../../arm-none-eabi/lib/armv6k/fpu/libg.a(libc_a-strtod.o)
                0x0011ef80                _strtod_l
 .text._strtod_r
                0x00120324       0x3c /opt/devkitpro/devkitARM/bin/../lib/gcc/arm-none-eabi/13.1.0/../../../../arm-none-eabi/lib/armv6k/fpu/libg.a(libc_a-strtod.o)
                0x00120324                _strtod_r
 .text._fseek_r
                0x00120360       0x1c /opt/devkitpro/devkitARM/bin/../lib/gcc/arm-none-eabi/13.1.0/../../../../arm-none-eabi/lib/armv6k/fpu/libg.a(libc_a-fseek.o)
                0x00120360                _fseek_r
 .text._strtol_l.part.0
                0x0012037c      0x1b0 /opt/devkitpro/devkitARM/bin/../lib/gcc/arm-none-eabi/13.1.0/../../../../arm-none-eabi/lib/armv6k/fpu/libg.a(libc_a-strtol.o)
 .text._strtol_r
                0x0012052c       0x60 /opt/devkitpro/devkitARM/bin/../lib/gcc/arm-none-eabi/13.1.0/../../../../arm-none-eabi/lib/armv6k/fpu/libg.a(libc_a-strtol.o)
                0x0012052c                _strtol_r
 .text.realloc  0x0012058c       0x20 /opt/devkitpro/devkitARM/bin/../lib/gcc/arm-none-eabi/13.1.0/../../../../arm-none-eabi/lib/armv6k/fpu/libg.a(libc_a-realloc.o)
                0x0012058c                realloc
 .text._strtoul_l.isra.0
                0x001205ac      0x1d8 /opt/devkitpro/devkitARM/bin/../lib/gcc/arm-none-eabi/13.1.0/../../../../arm-none-eabi/lib/armv6k/fpu/libg.a(libc_a-strtoul.o)
 .text._strtoul_r
                0x00120784       0x30 /opt/devkitpro/devkitARM/bin/../lib/gcc/arm-none-eabi/13.1.0/../../../../arm-none-eabi/lib/armv6k/fpu/libg.a(libc_a-strtoul.o)
                0x00120784                _strtoul_r
 .text.strtoul  0x001207b4       0x34 /opt/devkitpro/devkitARM/bin/../lib/gcc/arm-none-eabi/13.1.0/../../../../arm-none-eabi/lib/armv6k/fpu/libg.a(libc_a-strtoul.o)
                0x001207b4                strtoul
 .text.__locale_mb_cur_max
                0x001207e8       0x24 /opt/devkitpro/devkitARM/bin/../lib/gcc/arm-none-eabi/13.1.0/../../../../arm-none-eabi/lib/armv6k/fpu/libg.a(libc_a-locale.o)
                0x001207e8                __locale_mb_cur_max
 .text.time     0x0012080c       0x4c /opt/devkitpro/devkitARM/bin/../lib/gcc/arm-none-eabi/13.1.0/../../../../arm-none-eabi/lib/armv6k/fpu/libg.a(libc_a-time.o)
                0x0012080c                time
 .text._localeconv_r
                0x00120858       0x24 /opt/devkitpro/devkitARM/bin/../lib/gcc/arm-none-eabi/13.1.0/../../../../arm-none-eabi/lib/armv6k/fpu/libg.a(libc_a-localeconv.o)
                0x00120858                _localeconv_r
 .text.memchr   0x0012087c       0xe0 /opt/devkitpro/devkitARM/bin/../lib/gcc/arm-none-eabi/13.1.0/../../../../arm-none-eabi/lib/armv6k/fpu/libg.a(libc_a-memchr-stub.o)
                0x0012087c                memchr
 .text.__utf8_wctomb
                0x0012095c       0xf0 /opt/devkitpro/devkitARM/bin/../lib/gcc/arm-none-eabi/13.1.0/../../../../arm-none-eabi/lib/armv6k/fpu/libg.a(libc_a-wctomb_r.o)
                0x0012095c                __utf8_wctomb
 .text.memcpy   0x00120a4c      0x11c /opt/devkitpro/devkitARM/bin/../lib/gcc/arm-none-eabi/13.1.0/../../../../arm-none-eabi/lib/armv6k/fpu/libg.a(libc_a-memcpy-stub.o)
                0x00120a4c                memcpy
 .text.stpncpy  0x00120b68       0xdc /opt/devkitpro/devkitARM/bin/../lib/gcc/arm-none-eabi/13.1.0/../../../../arm-none-eabi/lib/armv6k/fpu/libg.a(libc_a-stpncpy.o)
                0x00120b68                stpncpy
 .text.__libc_init_array
                0x00120c44       0x84 /opt/devkitpro/devkitARM/bin/../lib/gcc/arm-none-eabi/13.1.0/../../../../arm-none-eabi/lib/armv6k/fpu/libg.a(libc_a-init.o)
                0x00120c44                __libc_init_array
 .text.__libc_fini_array
                0x00120cc8       0x3c /opt/devkitpro/devkitARM/bin/../lib/gcc/arm-none-eabi/13.1.0/../../../../arm-none-eabi/lib/armv6k/fpu/libg.a(libc_a-fini.o)
                0x00120cc8                __libc_fini_array
 .text.__errno  0x00120d04        0xc /opt/devkitpro/devkitARM/bin/../lib/gcc/arm-none-eabi/13.1.0/../../../../arm-none-eabi/lib/armv6k/fpu/libg.a(libc_a-errno.o)
                0x00120d04                __errno
 .text.nan      0x00120d10       0x10 /opt/devkitpro/devkitARM/bin/../lib/gcc/arm-none-eabi/13.1.0/../../../../arm-none-eabi/lib/armv6k/fpu/libg.a(libm_a-s_nan.o)
                0x00120d10                nan
 .text.nanf     0x00120d20        0xc /opt/devkitpro/devkitARM/bin/../lib/gcc/arm-none-eabi/13.1.0/../../../../arm-none-eabi/lib/armv6k/fpu/libg.a(libm_a-sf_nan.o)
                0x00120d20                nanf
 *fill*         0x00120d2c        0x4 
 .text.frexp    0x00120d30       0x88 /opt/devkitpro/devkitARM/bin/../lib/gcc/arm-none-eabi/13.1.0/../../../../arm-none-eabi/lib/armv6k/fpu/libg.a(libm_a-s_frexp.o)
                0x00120d30                frexp
 .text._strtoll_l.isra.0
                0x00120db8      0x234 /opt/devkitpro/devkitARM/bin/../lib/gcc/arm-none-eabi/13.1.0/../../../../arm-none-eabi/lib/armv6k/fpu/libg.a(libc_a-strtoll.o)
 .text._strtoll_r
                0x00120fec       0x30 /opt/devkitpro/devkitARM/bin/../lib/gcc/arm-none-eabi/13.1.0/../../../../arm-none-eabi/lib/armv6k/fpu/libg.a(libc_a-strtoll.o)
                0x00120fec                _strtoll_r
 .text._strtoull_l.isra.0
                0x0012101c      0x25c /opt/devkitpro/devkitARM/bin/../lib/gcc/arm-none-eabi/13.1.0/../../../../arm-none-eabi/lib/armv6k/fpu/libg.a(libc_a-strtoull.o)
 .text._strtoull_r
                0x00121278       0x30 /opt/devkitpro/devkitARM/bin/../lib/gcc/arm-none-eabi/13.1.0/../../../../arm-none-eabi/lib/armv6k/fpu/libg.a(libc_a-strtoull.o)
                0x00121278                _strtoull_r
 .text.iswspace
                0x001212a8        0x8 /opt/devkitpro/devkitARM/bin/../lib/gcc/arm-none-eabi/13.1.0/../../../../arm-none-eabi/lib/armv6k/fpu/libg.a(libc_a-iswspace.o)
                0x001212a8                iswspace
 .text._mbrtowc_r
                0x001212b0       0xb4 /opt/devkitpro/devkitARM/bin/../lib/gcc/arm-none-eabi/13.1.0/../../../../arm-none-eabi/lib/armv6k/fpu/libg.a(libc_a-mbrtowc.o)
                0x001212b0                _mbrtowc_r
 .text.__smakebuf_r
                0x00121364      0x12c /opt/devkitpro/devkitARM/bin/../lib/gcc/arm-none-eabi/13.1.0/../../../../arm-none-eabi/lib/armv6k/fpu/libg.a(libc_a-makebuf.o)
                0x00121364                __smakebuf_r
 .text.__swhatbuf_r
                0x00121490       0x8c /opt/devkitpro/devkitARM/bin/../lib/gcc/arm-none-eabi/13.1.0/../../../../arm-none-eabi/lib/armv6k/fpu/libg.a(libc_a-makebuf.o)
                0x00121490                __swhatbuf_r
 .text._wcrtomb_r
                0x0012151c       0xa0 /opt/devkitpro/devkitARM/bin/../lib/gcc/arm-none-eabi/13.1.0/../../../../arm-none-eabi/lib/armv6k/fpu/libg.a(libc_a-wcrtomb.o)
                0x0012151c                _wcrtomb_r
 .text.iswspace_l
                0x001215bc       0x38 /opt/devkitpro/devkitARM/bin/../lib/gcc/arm-none-eabi/13.1.0/../../../../arm-none-eabi/lib/armv6k/fpu/libg.a(libc_a-iswspace_l.o)
                0x001215bc                iswspace_l
 .text._wcsrtombs_r
                0x001215f4       0x28 /opt/devkitpro/devkitARM/bin/../lib/gcc/arm-none-eabi/13.1.0/../../../../arm-none-eabi/lib/armv6k/fpu/libg.a(libc_a-wcsrtombs.o)
                0x001215f4                _wcsrtombs_r
 .text._putc_r  0x0012161c       0xdc /opt/devkitpro/devkitARM/bin/../lib/gcc/arm-none-eabi/13.1.0/../../../../arm-none-eabi/lib/armv6k/fpu/libg.a(libc_a-putc.o)
                0x0012161c                _putc_r
 .text.sprintf  0x001216f8       0x64 /opt/devkitpro/devkitARM/bin/../lib/gcc/arm-none-eabi/13.1.0/../../../../arm-none-eabi/lib/armv6k/fpu/libg.a(libc_a-sprintf.o)
                0x001216f8                sprintf
 .text.__sccl   0x0012175c       0xf0 /opt/devkitpro/devkitARM/bin/../lib/gcc/arm-none-eabi/13.1.0/../../../../arm-none-eabi/lib/armv6k/fpu/libg.a(libc_a-sccl.o)
                0x0012175c                __sccl
 .text.lflush   0x0012184c       0x38 /opt/devkitpro/devkitARM/bin/../lib/gcc/arm-none-eabi/13.1.0/../../../../arm-none-eabi/lib/armv6k/fpu/libg.a(libc_a-refill.o)
 .text.__srefill_r
                0x00121884      0x19c /opt/devkitpro/devkitARM/bin/../lib/gcc/arm-none-eabi/13.1.0/../../../../arm-none-eabi/lib/armv6k/fpu/libg.a(libc_a-refill.o)
                0x00121884                __srefill_r
 .text.category
                0x00121a20       0x90 /opt/devkitpro/devkitARM/bin/../lib/gcc/arm-none-eabi/13.1.0/../../../../arm-none-eabi/lib/armv6k/fpu/libg.a(libc_a-categories.o)
                0x00121a20                category
 .text.get_arg  0x00121ab0      0x64c /opt/devkitpro/devkitARM/bin/../lib/gcc/arm-none-eabi/13.1.0/../../../../arm-none-eabi/lib/armv6k/fpu/libg.a(libc_a-vfiprintf.o)
 .text.__sprint_r
                0x001220fc       0x30 /opt/devkitpro/devkitARM/bin/../lib/gcc/arm-none-eabi/13.1.0/../../../../arm-none-eabi/lib/armv6k/fpu/libg.a(libc_a-vfiprintf.o)
                0x001220fc                __sprint_r
 .text._vfiprintf_r
                0x0012212c     0x2304 /opt/devkitpro/devkitARM/bin/../lib/gcc/arm-none-eabi/13.1.0/../../../../arm-none-eabi/lib/armv6k/fpu/libg.a(libc_a-vfiprintf.o)
                0x0012212c                _vfiprintf_r
 .text.__sbprintf
                0x00124430       0xb8 /opt/devkitpro/devkitARM/bin/../lib/gcc/arm-none-eabi/13.1.0/../../../../arm-none-eabi/lib/armv6k/fpu/libg.a(libc_a-vfiprintf.o)
 .text.__ssprint_r
                0x001244e8      0x18c /opt/devkitpro/devkitARM/bin/../lib/gcc/arm-none-eabi/13.1.0/../../../../arm-none-eabi/lib/armv6k/fpu/libg.a(libc_a-svfiprintf.o)
                0x001244e8                __ssprint_r
 .text.__swbuf_r
                0x00124674      0x108 /opt/devkitpro/devkitARM/bin/../lib/gcc/arm-none-eabi/13.1.0/../../../../arm-none-eabi/lib/armv6k/fpu/libg.a(libc_a-wbuf.o)
                0x00124674                __swbuf_r
 .text._sungetc_r
                0x0012477c       0xe0 /opt/devkitpro/devkitARM/bin/../lib/gcc/arm-none-eabi/13.1.0/../../../../arm-none-eabi/lib/armv6k/fpu/libg.a(libc_a-svfiscanf.o)
                0x0012477c                _sungetc_r
 .text.__ssrefill_r
                0x0012485c       0x6c /opt/devkitpro/devkitARM/bin/../lib/gcc/arm-none-eabi/13.1.0/../../../../arm-none-eabi/lib/armv6k/fpu/libg.a(libc_a-svfiscanf.o)
                0x0012485c                __ssrefill_r
 .text._sfread_r
                0x001248c8       0xc4 /opt/devkitpro/devkitARM/bin/../lib/gcc/arm-none-eabi/13.1.0/../../../../arm-none-eabi/lib/armv6k/fpu/libg.a(libc_a-svfiscanf.o)
                0x001248c8                _sfread_r
 .text.__swsetup_r
                0x0012498c      0x138 /opt/devkitpro/devkitARM/bin/../lib/gcc/arm-none-eabi/13.1.0/../../../../arm-none-eabi/lib/armv6k/fpu/libg.a(libc_a-wsetup.o)
                0x0012498c                __swsetup_r
 .text.rshift   0x00124ac4       0xf0 /opt/devkitpro/devkitARM/bin/../lib/gcc/arm-none-eabi/13.1.0/../../../../arm-none-eabi/lib/armv6k/fpu/libg.a(libc_a-gdtoa-gethex.o)
 .text.__gethex
                0x00124bb4      0x89c /opt/devkitpro/devkitARM/bin/../lib/gcc/arm-none-eabi/13.1.0/../../../../arm-none-eabi/lib/armv6k/fpu/libg.a(libc_a-gdtoa-gethex.o)
                0x00124bb4                __gethex
 .text.quorem   0x00125450      0x1b4 /opt/devkitpro/devkitARM/bin/../lib/gcc/arm-none-eabi/13.1.0/../../../../arm-none-eabi/lib/armv6k/fpu/libg.a(libc_a-dtoa.o)
 *fill*         0x00125604        0x4 
 .text._dtoa_r  0x00125608     0x1218 /opt/devkitpro/devkitARM/bin/../lib/gcc/arm-none-eabi/13.1.0/../../../../arm-none-eabi/lib/armv6k/fpu/libg.a(libc_a-dtoa.o)
                0x00125608                _dtoa_r
 .text.get_arg  0x00126820      0x64c /opt/devkitpro/devkitARM/bin/../lib/gcc/arm-none-eabi/13.1.0/../../../../arm-none-eabi/lib/armv6k/fpu/libg.a(libc_a-svfprintf.o)
 *fill*         0x00126e6c        0x4 
 .text._svfprintf_r
                0x00126e70     0x3324 /opt/devkitpro/devkitARM/bin/../lib/gcc/arm-none-eabi/13.1.0/../../../../arm-none-eabi/lib/armv6k/fpu/libg.a(libc_a-svfprintf.o)
                0x00126e70                _svfprintf_r
 .text.__match  0x0012a194       0x4c /opt/devkitpro/devkitARM/bin/../lib/gcc/arm-none-eabi/13.1.0/../../../../arm-none-eabi/lib/armv6k/fpu/libg.a(libc_a-gdtoa-hexnan.o)
                0x0012a194                __match
 .text.__hexnan
                0x0012a1e0      0x29c /opt/devkitpro/devkitARM/bin/../lib/gcc/arm-none-eabi/13.1.0/../../../../arm-none-eabi/lib/armv6k/fpu/libg.a(libc_a-gdtoa-hexnan.o)
                0x0012a1e0                __hexnan
 .text.memmove  0x0012a47c      0x150 /opt/devkitpro/devkitARM/bin/../lib/gcc/arm-none-eabi/13.1.0/../../../../arm-none-eabi/lib/armv6k/fpu/libg.a(libc_a-memmove.o)
                0x0012a47c                memmove
 .text._fseeko_r
                0x0012a5cc      0x590 /opt/devkitpro/devkitARM/bin/../lib/gcc/arm-none-eabi/13.1.0/../../../../arm-none-eabi/lib/armv6k/fpu/libg.a(libc_a-fseeko.o)
                0x0012a5cc                _fseeko_r
 .text.__sflags
                0x0012ab5c       0xb4 /opt/devkitpro/devkitARM/bin/../lib/gcc/arm-none-eabi/13.1.0/../../../../arm-none-eabi/lib/armv6k/fpu/libg.a(libc_a-flags.o)
                0x0012ab5c                __sflags
 .text._Balloc  0x0012ac10       0x88 /opt/devkitpro/devkitARM/bin/../lib/gcc/arm-none-eabi/13.1.0/../../../../arm-none-eabi/lib/armv6k/fpu/libg.a(libc_a-mprec.o)
                0x0012ac10                _Balloc
 .text._Bfree   0x0012ac98       0x1c /opt/devkitpro/devkitARM/bin/../lib/gcc/arm-none-eabi/13.1.0/../../../../arm-none-eabi/lib/armv6k/fpu/libg.a(libc_a-mprec.o)
                0x0012ac98                _Bfree
 .text.__multadd
                0x0012acb4       0xf4 /opt/devkitpro/devkitARM/bin/../lib/gcc/arm-none-eabi/13.1.0/../../../../arm-none-eabi/lib/armv6k/fpu/libg.a(libc_a-mprec.o)
                0x0012acb4                __multadd
 .text.__s2b    0x0012ada8      0x110 /opt/devkitpro/devkitARM/bin/../lib/gcc/arm-none-eabi/13.1.0/../../../../arm-none-eabi/lib/armv6k/fpu/libg.a(libc_a-mprec.o)
                0x0012ada8                __s2b
 .text.__hi0bits