Archive member included to satisfy reference by file (symbol)

/opt/devkitpro/libctru/lib/libcitro2d.a(base.o)
                              main.o (C2D_Init)
/opt/devkitpro/libctru/lib/libcitro2d.a(spritesheet.o)
                              main.o (C2D_SpriteSheetLoad)
/opt/devkitpro/libctru/lib/libcitro2d.a(render2d.shbin.o)
                              /opt/devkitpro/libctru/lib/libcitro2d.a(base.o) (render2d_shbin)
/opt/devkitpro/libctru/lib/libcitro3d.a(base.o)
                              main.o (C3D_Init)
/opt/devkitpro/libctru/lib/libcitro3d.a(renderqueue.o)
                              /opt/devkitpro/libctru/lib/libcitro3d.a(base.o) (C3Di_RenderQueueEnableVBlank)
/opt/devkitpro/libctru/lib/libcitro3d.a(texture.o)
                              /opt/devkitpro/libctru/lib/libcitro2d.a(base.o) (C3D_TexBind)
/opt/devkitpro/libctru/lib/libcitro3d.a(tex3ds.o)
                              /opt/devkitpro/libctru/lib/libcitro2d.a(spritesheet.o) (Tex3DS_TextureImport)
/opt/devkitpro/libctru/lib/libcitro3d.a(framebuffer.o)
                              /opt/devkitpro/libctru/lib/libcitro3d.a(renderqueue.o) (C3D_CalcColorBufSize)
/opt/devkitpro/libctru/lib/libcitro3d.a(texenv.o)
                              /opt/devkitpro/libctru/lib/libcitro2d.a(base.o) (C3D_GetTexEnv)
/opt/devkitpro/libctru/lib/libcitro3d.a(drawElements.o)
                              /opt/devkitpro/libctru/lib/libcitro2d.a(base.o) (C3D_DrawElements)
/opt/devkitpro/libctru/lib/libcitro3d.a(proctex.o)
                              /opt/devkitpro/libctru/lib/libcitro2d.a(base.o) (C3D_ProcTexInit)
/opt/devkitpro/libctru/lib/libcitro3d.a(buffers.o)
                              /opt/devkitpro/libctru/lib/libcitro2d.a(base.o) (BufInfo_Init)
/opt/devkitpro/libctru/lib/libcitro3d.a(effect.o)
                              /opt/devkitpro/libctru/lib/libcitro3d.a(base.o) (C3D_DepthMap)
/opt/devkitpro/libctru/lib/libcitro3d.a(attribs.o)
                              /opt/devkitpro/libctru/lib/libcitro2d.a(base.o) (AttrInfo_Init)
/opt/devkitpro/libctru/lib/libcitro3d.a(immediate.o)
                              /opt/devkitpro/libctru/lib/libcitro3d.a(base.o) (C3D_ImmSendAttrib)
/opt/devkitpro/libctru/lib/libcitro3d.a(uniforms.o)
                              /opt/devkitpro/libctru/lib/libcitro3d.a(base.o) (C3D_UpdateUniforms)
/opt/devkitpro/libctru/lib/libcitro3d.a(mtx_ortho.o)
                              /opt/devkitpro/libctru/lib/libcitro2d.a(base.o) (Mtx_Ortho)
/opt/devkitpro/libctru/lib/libcitro3d.a(mtx_scale.o)
                              /opt/devkitpro/libctru/lib/libcitro2d.a(base.o) (Mtx_Scale)
/opt/devkitpro/libctru/lib/libcitro3d.a(mtx_multiply.o)
                              /opt/devkitpro/libctru/lib/libcitro2d.a(base.o) (Mtx_Multiply)
/opt/devkitpro/libctru/lib/libcitro3d.a(mtx_orthotilt.o)
                              /opt/devkitpro/libctru/lib/libcitro2d.a(base.o) (Mtx_OrthoTilt)
/opt/devkitpro/libctru/lib/libcitro3d.a(mtx_translate.o)
                              /opt/devkitpro/libctru/lib/libcitro2d.a(base.o) (Mtx_Translate)
/opt/devkitpro/libctru/lib/libcitro3d.a(mtx_rotatez.o)
                              /opt/devkitpro/libctru/lib/libcitro2d.a(base.o) (Mtx_RotateZ)
/opt/devkitpro/libctru/lib/libctru.a(vram.o)
                              /opt/devkitpro/libctru/lib/libcitro3d.a(renderqueue.o) (vramAlloc)
/opt/devkitpro/libctru/lib/libctru.a(linear.o)
                              /opt/devkitpro/libctru/lib/libcitro2d.a(base.o) (linearAlloc)
/opt/devkitpro/libctru/lib/libctru.a(mem_pool.o)
                              /opt/devkitpro/libctru/lib/libctru.a(vram.o) (MemPool::Allocate(MemChunk&, unsigned long, int))
/opt/devkitpro/libctru/lib/libctru.a(romfs_dev.o)
                              main.o (romfsMountSelf)
/opt/devkitpro/libctru/lib/libctru.a(os.o)
                              /opt/devkitpro/libctru/lib/libcitro3d.a(texture.o) (osConvertVirtToPhys)
/opt/devkitpro/libctru/lib/libctru.a(console.o)
                              main.o (consoleInit)
/opt/devkitpro/libctru/lib/libctru.a(path_buf.o)
                              /opt/devkitpro/libctru/lib/libctru.a(romfs_dev.o) (__ctru_dev_utf16_buf)
/opt/devkitpro/libctru/lib/libctru.a(gfx.o)
                              /opt/devkitpro/libctru/lib/libcitro2d.a(base.o) (gfxIsWide)
/opt/devkitpro/libctru/lib/libctru.a(shaderProgram.o)
                              /opt/devkitpro/libctru/lib/libcitro2d.a(base.o) (shaderInstanceGetUniformLocation)
/opt/devkitpro/libctru/lib/libctru.a(shbin.o)
                              /opt/devkitpro/libctru/lib/libcitro2d.a(base.o) (DVLB_ParseFile)
/opt/devkitpro/libctru/lib/libctru.a(gx.o)
                              /opt/devkitpro/libctru/lib/libcitro3d.a(renderqueue.o) (GX_BindQueue)
/opt/devkitpro/libctru/lib/libctru.a(gxqueue.o)
                              /opt/devkitpro/libctru/lib/libcitro3d.a(renderqueue.o) (gxCmdQueueClear)
/opt/devkitpro/libctru/lib/libctru.a(gpu.o)
[...]
Memory Configuration

Name             Origin             Length             Attributes
*default*        0x00000000         0xffffffff

Linker script and memory map

                0x00100000                        PROVIDE (__start__ = 0x100000)
                0x00100000                        . = __start__

.text           0x00100000    0x2cd80
 *(.crt0)
 .crt0          0x00100000       0x94 /opt/devkitpro/devkitARM/bin/../lib/gcc/arm-none-eabi/13.1.0/../../../../arm-none-eabi/lib/armv6k/fpu/3dsx_crt0.o
                0x00100000                _start
                0x00100008                __service_ptr
                0x0010000c                __apt_appid
                0x00100010                __heap_size
                0x00100014                __linear_heap_size
                0x00100018                __system_arglist
                0x0010001c                __system_runflags
 *(.init)
 .init          0x00100094        0xc /opt/devkitpro/devkitARM/bin/../lib/gcc/arm-none-eabi/13.1.0/armv6k/fpu/crti.o
                0x00100094                _init
 .init          0x001000a0        0xc /opt/devkitpro/devkitARM/bin/../lib/gcc/arm-none-eabi/13.1.0/armv6k/fpu/crtn.o
                0x001000ac                        . = ALIGN (0x4)
 *(.text)
 .text          0x001000ac      0x20c /opt/devkitpro/devkitARM/bin/../lib/gcc/arm-none-eabi/13.1.0/armv6k/fpu/libgcc.a(_udivsi3.o)
                0x001000ac                __udivsi3
                0x001000ac                __aeabi_uidiv
                0x00100298                __aeabi_uidivmod
 .text          0x001002b8      0x240 /opt/devkitpro/devkitARM/bin/../lib/gcc/arm-none-eabi/13.1.0/armv6k/fpu/libgcc.a(_divsi3.o)
                0x001002b8                __aeabi_idiv
                0x001002b8                __divsi3
                0x001004d8                __aeabi_idivmod
 .text          0x001004f8        0x4 /opt/devkitpro/devkitARM/bin/../lib/gcc/arm-none-eabi/13.1.0/armv6k/fpu/libgcc.a(_dvmd_tls.o)
                0x001004f8                __aeabi_ldiv0
                0x001004f8                __aeabi_idiv0
 .text          0x001004fc      0x3c0 /opt/devkitpro/devkitARM/bin/../lib/gcc/arm-none-eabi/13.1.0/armv6k/fpu/libgcc.a(_arm_addsubdf3.o)
                0x001004fc                __aeabi_drsub
                0x00100504                __aeabi_dsub
                0x00100504                __subdf3
                0x00100508                __adddf3
                0x00100508                __aeabi_dadd
                0x001007b4                __aeabi_ui2d
                0x001007b4                __floatunsidf
                0x001007d8                __floatsidf
                0x001007d8                __aeabi_i2d
                0x00100800                __extendsfdf2
                0x00100800                __aeabi_f2d
                0x00100848                __aeabi_ul2d
                0x00100848                __floatundidf
                0x0010085c                __floatdidf
                0x0010085c                __aeabi_l2d
 .text          0x001008bc       0xd4 /opt/devkitpro/devkitARM/bin/../lib/gcc/arm-none-eabi/13.1.0/armv6k/fpu/libgcc.a(_aeabi_ldivmod.o)
                0x001008bc                __aeabi_ldivmod
 .text          0x00100990       0x3c /opt/devkitpro/devkitARM/bin/../lib/gcc/arm-none-eabi/13.1.0/armv6k/fpu/libgcc.a(_aeabi_uldivmod.o)
                0x00100990                __aeabi_uldivmod
 *fill*         0x001009cc       0x14 
 .text          0x001009e0      0x390 /opt/devkitpro/devkitARM/bin/../lib/gcc/arm-none-eabi/13.1.0/../../../../arm-none-eabi/lib/armv6k/fpu/libg.a(libc_a-strcmp.o)
                0x001009e8                strcmp
 *(.text.*)
 .text.__do_global_dtors_aux
                0x00100d70       0x40 /opt/devkitpro/devkitARM/bin/../lib/gcc/arm-none-eabi/13.1.0/armv6k/fpu/crtbegin.o
 .text.frame_dummy
                0x00100db0       0x2c /opt/devkitpro/devkitARM/bin/../lib/gcc/arm-none-eabi/13.1.0/armv6k/fpu/crtbegin.o
 .text.setBackgroundColor
                0x00100ddc       0x84 main.o
                0x00100ddc                setBackgroundColor
 .text.emptyPlateau
                0x00100e60       0x74 main.o
                0x00100e60                emptyPlateau
 .text.printPlateau
                0x00100ed4       0xfc main.o
                0x00100ed4                printPlateau
 .text.moveCell
                0x00100fd0       0x70 main.o
                0x00100fd0                moveCell
 .text.startPlateau
                0x00101040      0x160 main.o
                0x00101040                startPlateau
 .text.getMovesOfPion
                0x001011a0      0x2f0 main.o
                0x001011a0                getMovesOfPion
 .text.getMovesToEat
                0x00101490      0x158 main.o
                0x00101490                getMovesToEat
 .text.getMovesOfRoi
                0x001015e8      0x2f4 main.o
                0x001015e8                getMovesOfRoi
 .text.getMovesOfZebre
                0x001018dc      0x164 main.o
                0x001018dc                getMovesOfZebre
 .text.getMovesOfFou
                0x00101a40      0x17c main.o
                0x00101a40                getMovesOfFou
 .text.getPossibleMoves
                0x00101bbc      0x16c main.o
                0x00101bbc                getPossibleMoves
 .text.correctMove
                0x00101d28       0xe8 main.o
                0x00101d28                correctMove
 .text.startup.main
                0x00101e10      0x950 main.o
                0x00101e10                main
 .text.C2Di_FrameEndHook
                0x00102760       0x44 /opt/devkitpro/libctru/lib/libcitro2d.a(base.o)
 *fill*         0x001027a4        0x4 
 .text.C2D_Init
                0x001027a8      0x36c /opt/devkitpro/libctru/lib/libcitro2d.a(base.o)
                0x001027a8                C2D_Init
 .text.C2D_Fini
                0x00102b14       0x4c /opt/devkitpro/libctru/lib/libcitro2d.a(base.o)
                0x00102b14                C2D_Fini
 .text.C2D_Prepare
                0x00102b60       0xb8 /opt/devkitpro/libctru/lib/libcitro2d.a(base.o)
                0x00102b60                C2D_Prepare
 .text.C2D_Flush
                0x00102c18       0x48 /opt/devkitpro/libctru/lib/libcitro2d.a(base.o)
                0x00102c18                C2D_Flush
 .text.C2D_SceneSize
                0x00102c60      0x104 /opt/devkitpro/libctru/lib/libcitro2d.a(base.o)
                0x00102c60                C2D_SceneSize
 .text.C2D_CreateScreenTarget
                0x00102d64       0x58 /opt/devkitpro/libctru/lib/libcitro2d.a(base.o)
                0x00102d64                C2D_CreateScreenTarget
 .text.C2D_TargetClear
                0x00102dbc       0x64 /opt/devkitpro/libctru/lib/libcitro2d.a(base.o)
                0x00102dbc                C2D_TargetClear
 .text.C2Di_CalcQuad
                0x00102e20      0x13c /opt/devkitpro/libctru/lib/libcitro2d.a(base.o)
                0x00102e20                C2Di_CalcQuad
 .text.C2Di_AppendQuad
                0x00102f5c       0x58 /opt/devkitpro/libctru/lib/libcitro2d.a(base.o)
                0x00102f5c                C2Di_AppendQuad
 .text.C2Di_Update
                0x00102fb4      0x550 /opt/devkitpro/libctru/lib/libcitro2d.a(base.o)
                0x00102fb4                C2Di_Update
 .text.C2D_DrawImage
                0x00103504      0x2b0 /opt/devkitpro/libctru/lib/libcitro2d.a(base.o)
                0x00103504                C2D_DrawImage
 .text.C2D_SpriteSheetLoadFromHandle
                0x001037b4       0x6c /opt/devkitpro/libctru/lib/libcitro2d.a(spritesheet.o)
                0x001037b4                C2D_SpriteSheetLoadFromHandle
 .text.C2D_SpriteSheetLoad
                0x00103820       0x48 /opt/devkitpro/libctru/lib/libcitro2d.a(spritesheet.o)
                0x00103820                C2D_SpriteSheetLoad
 .text.C2D_SpriteSheetFree
                0x00103868       0x28 /opt/devkitpro/libctru/lib/libcitro2d.a(spritesheet.o)
                0x00103868                C2D_SpriteSheetFree
 .text.C2D_SpriteSheetCount
                0x00103890        0x8 /opt/devkitpro/libctru/lib/libcitro2d.a(spritesheet.o)
                0x00103890                C2D_SpriteSheetCount
 .text.C2D_SpriteSheetGetImage
                0x00103898       0x2c /opt/devkitpro/libctru/lib/libcitro2d.a(spritesheet.o)
                0x00103898                C2D_SpriteSheetGetImage
 .text.C3Di_LightEnvUpdate
                0x001038c4        0x4 /opt/devkitpro/libctru/lib/libcitro3d.a(base.o)
                0x001038c4                C3Di_LightEnvUpdate
 .text.C3Di_LightEnvDirty
                0x001038c8        0x4 /opt/devkitpro/libctru/lib/libcitro3d.a(base.o)
                0x001038c8                C3Di_LightEnvDirty
 .text.C3Di_AptEventHook
                0x001038cc       0xb4 /opt/devkitpro/libctru/lib/libcitro3d.a(base.o)
 .text.C3Di_GasUpdate
                0x00103980        0x4 /opt/devkitpro/libctru/lib/libcitro3d.a(base.o)
                0x00103980                C3Di_GasUpdate
 .text.C3D_Init
                0x00103984      0x1e0 /opt/devkitpro/libctru/lib/libcitro3d.a(base.o)
                0x00103984                C3D_Init
 .text.C3D_SetViewport
                0x00103b64       0x98 /opt/devkitpro/libctru/lib/libcitro3d.a(base.o)
                0x00103b64                C3D_SetViewport
 .text.C3Di_UpdateContext
                0x00103bfc      0x4e8 /opt/devkitpro/libctru/lib/libcitro3d.a(base.o)
                0x00103bfc                C3Di_UpdateContext
 .text.C3Di_SplitFrame
                0x001040e4       0xe0 /opt/devkitpro/libctru/lib/libcitro3d.a(base.o)
                0x001040e4                C3Di_SplitFrame
 .text.C3D_Fini
                0x001041c4       0x44 /opt/devkitpro/libctru/lib/libcitro3d.a(base.o)
                0x001041c4                C3D_Fini
 .text.C3D_BindProgram
                0x00104208      0x114 /opt/devkitpro/libctru/lib/libcitro3d.a(base.o)
                0x00104208                C3D_BindProgram
 .text.onVBlank0
                0x0010431c       0x4c /opt/devkitpro/libctru/lib/libcitro3d.a(renderqueue.o)
 .text.onVBlank1
                0x00104368       0x4c /opt/devkitpro/libctru/lib/libcitro3d.a(renderqueue.o)
 .text.C3Di_RenderTargetDestroy
                0x001043b4       0x80 /opt/devkitpro/libctru/lib/libcitro3d.a(renderqueue.o)
 .text.onQueueFinish
                0x00104434       0xf4 /opt/devkitpro/libctru/lib/libcitro3d.a(renderqueue.o)
 .text.C3Di_RenderQueueEnableVBlank
                0x00104528       0x38 /opt/devkitpro/libctru/lib/libcitro3d.a(renderqueue.o)
                0x00104528                C3Di_RenderQueueEnableVBlank
 .text.C3Di_RenderQueueDisableVBlank
                0x00104560       0x30 /opt/devkitpro/libctru/lib/libcitro3d.a(renderqueue.o)
                0x00104560                C3Di_RenderQueueDisableVBlank
 .text.C3Di_RenderQueueInit
                0x00104590       0x60 /opt/devkitpro/libctru/lib/libcitro3d.a(renderqueue.o)
                0x00104590                C3Di_RenderQueueInit
 .text.C3Di_RenderQueueExit
                0x001045f0       0xb0 /opt/devkitpro/libctru/lib/libcitro3d.a(renderqueue.o)
                0x001045f0                C3Di_RenderQueueExit
 .text.C3Di_RenderQueueWaitDone
                0x001046a0       0x34 /opt/devkitpro/libctru/lib/libcitro3d.a(renderqueue.o)
                0x001046a0                C3Di_RenderQueueWaitDone
 .text.C3D_FrameBegin
                0x001046d4       0xe4 /opt/devkitpro/libctru/lib/libcitro3d.a(renderqueue.o)
                0x001046d4                C3D_FrameBegin
 .text.C3D_FrameDrawOn
                0x001047b8       0x48 /opt/devkitpro/libctru/lib/libcitro3d.a(renderqueue.o)
                0x001047b8                C3D_FrameDrawOn
 .text.C3D_FrameSplit
                0x00104800       0x58 /opt/devkitpro/libctru/lib/libcitro3d.a(renderqueue.o)
                0x00104800                C3D_FrameSplit
 .text.C3D_FrameEnd
                0x00104858      0x1d8 /opt/devkitpro/libctru/lib/libcitro3d.a(renderqueue.o)
                0x00104858                C3D_FrameEnd
 .text.C3D_FrameEndHook
                0x00104a30       0x1c /opt/devkitpro/libctru/lib/libcitro3d.a(renderqueue.o)
                0x00104a30                C3D_FrameEndHook
 .text.C3D_RenderTargetCreate
                0x00104a4c      0x184 /opt/devkitpro/libctru/lib/libcitro3d.a(renderqueue.o)
                0x00104a4c                C3D_RenderTargetCreate
 .text.C3D_RenderTargetSetOutput
                0x00104bd0       0xa8 /opt/devkitpro/libctru/lib/libcitro3d.a(renderqueue.o)
                0x00104bd0                C3D_RenderTargetSetOutput
 .text.C3D_SyncTextureCopy
                0x00104c78       0xfc /opt/devkitpro/libctru/lib/libcitro3d.a(renderqueue.o)
                0x00104c78                C3D_SyncTextureCopy
 .text.C3D_TexInitWithParams
                0x00104d74      0x294 /opt/devkitpro/libctru/lib/libcitro3d.a(texture.o)
                0x00104d74                C3D_TexInitWithParams
 .text.C3D_TexLoadImage
                0x00105008       0xc8 /opt/devkitpro/libctru/lib/libcitro3d.a(texture.o)
                0x00105008                C3D_TexLoadImage
 .text.C3D_TexBind
                0x001050d0       0x44 /opt/devkitpro/libctru/lib/libcitro3d.a(texture.o)
                0x001050d0                C3D_TexBind
 .text.C3D_TexDelete
                0x00105114       0x74 /opt/devkitpro/libctru/lib/libcitro3d.a(texture.o)
                0x00105114                C3D_TexDelete
 .text.C3Di_SetTex
                0x00105188      0x16c /opt/devkitpro/libctru/lib/libcitro3d.a(texture.o)
                0x00105188                C3Di_SetTex
 .text.Tex3DSi_ImportCommon
                0x001052f4      0x3f4 /opt/devkitpro/libctru/lib/libcitro3d.a(tex3ds.o)
 .text.Tex3DS_TextureImportStdio
                0x001056e8       0x38 /opt/devkitpro/libctru/lib/libcitro3d.a(tex3ds.o)
                0x001056e8                Tex3DS_TextureImportStdio
 .text.Tex3DS_GetNumSubTextures
                0x00105720        0x8 /opt/devkitpro/libctru/lib/libcitro3d.a(tex3ds.o)
                0x00105720                Tex3DS_GetNumSubTextures
 .text.Tex3DS_GetSubTexture
                0x00105728       0x1c /opt/devkitpro/libctru/lib/libcitro3d.a(tex3ds.o)
                0x00105728                Tex3DS_GetSubTexture
 .text.Tex3DS_TextureFree
                0x00105744        0x4 /opt/devkitpro/libctru/lib/libcitro3d.a(tex3ds.o)
                0x00105744                Tex3DS_TextureFree
 .text.C3D_CalcColorBufSize
                0x00105748       0x1c /opt/devkitpro/libctru/lib/libcitro3d.a(framebuffer.o)
                0x00105748                C3D_CalcColorBufSize
 .text.C3D_CalcDepthBufSize
                0x00105764       0x1c /opt/devkitpro/libctru/lib/libcitro3d.a(framebuffer.o)
                0x00105764                C3D_CalcDepthBufSize
 .text.C3D_SetFrameBuf
                0x00105780       0x44 /opt/devkitpro/libctru/lib/libcitro3d.a(framebuffer.o)
                0x00105780                C3D_SetFrameBuf
 .text.C3Di_FrameBufBind
                0x001057c4      0x16c /opt/devkitpro/libctru/lib/libcitro3d.a(framebuffer.o)
                0x001057c4                C3Di_FrameBufBind
 .text.C3D_FrameBufClear
                0x00105930       0xc8 /opt/devkitpro/libctru/lib/libcitro3d.a(framebuffer.o)
                0x00105930                C3D_FrameBufClear
 .text.C3D_FrameBufTransfer
                0x001059f8       0x44 /opt/devkitpro/libctru/lib/libcitro3d.a(framebuffer.o)
                0x001059f8                C3D_FrameBufTransfer
 .text.C3D_GetTexEnv
                0x00105a3c       0x34 /opt/devkitpro/libctru/lib/libcitro3d.a(texenv.o)
                0x00105a3c                C3D_GetTexEnv
 .text.C3Di_TexEnvBind
                0x00105a70       0x24 /opt/devkitpro/libctru/lib/libcitro3d.a(texenv.o)
                0x00105a70                C3Di_TexEnvBind
 .text.C3D_DrawElements
                0x00105a94      0x218 /opt/devkitpro/libctru/lib/libcitro3d.a(drawElements.o)
                0x00105a94                C3D_DrawElements
 .text.C3D_ProcTexInit
                0x00105cac       0x70 /opt/devkitpro/libctru/lib/libcitro3d.a(proctex.o)
                0x00105cac                C3D_ProcTexInit
 .text.C3D_ProcTexBind
                0x00105d1c       0x54 /opt/devkitpro/libctru/lib/libcitro3d.a(proctex.o)
                0x00105d1c                C3D_ProcTexBind
 .text.C3D_ProcTexLutBind
                0x00105d70       0x5c /opt/devkitpro/libctru/lib/libcitro3d.a(proctex.o)
                0x00105d70                C3D_ProcTexLutBind
 .text.ProcTexLut_FromArray
                0x00105dcc       0xa4 /opt/devkitpro/libctru/lib/libcitro3d.a(proctex.o)
                0x00105dcc                ProcTexLut_FromArray
 .text.C3Di_ProcTexUpdate
                0x00105e70      0x17c /opt/devkitpro/libctru/lib/libcitro3d.a(proctex.o)
                0x00105e70                C3Di_ProcTexUpdate
 .text.C3Di_ProcTexDirty
                0x00105fec       0x68 /opt/devkitpro/libctru/lib/libcitro3d.a(proctex.o)
                0x00105fec                C3Di_ProcTexDirty
 .text.BufInfo_Init
                0x00106054       0x24 /opt/devkitpro/libctru/lib/libcitro3d.a(buffers.o)
                0x00106054                BufInfo_Init
 .text.BufInfo_Add
                0x00106078       0x80 /opt/devkitpro/libctru/lib/libcitro3d.a(buffers.o)
                0x00106078                BufInfo_Add
 .text.C3D_SetBufInfo
                0x001060f8       0x40 /opt/devkitpro/libctru/lib/libcitro3d.a(buffers.o)
                0x001060f8                C3D_SetBufInfo
 .text.C3Di_BufInfoBind
                0x00106138       0x48 /opt/devkitpro/libctru/lib/libcitro3d.a(buffers.o)
                0x00106138                C3Di_BufInfoBind
 .text.C3D_DepthMap
                0x00106180       0x40 /opt/devkitpro/libctru/lib/libcitro3d.a(effect.o)
                0x00106180                C3D_DepthMap
 .text.C3D_CullFace
                0x001061c0       0x1c /opt/devkitpro/libctru/lib/libcitro3d.a(effect.o)
                0x001061c0                C3D_CullFace
 .text.C3D_StencilTest
                0x001061dc       0x40 /opt/devkitpro/libctru/lib/libcitro3d.a(effect.o)
                0x001061dc                C3D_StencilTest
 .text.C3D_StencilOp
                0x0010621c       0x24 /opt/devkitpro/libctru/lib/libcitro3d.a(effect.o)
                0x0010621c                C3D_StencilOp
 .text.C3D_BlendingColor
                0x00106240       0x1c /opt/devkitpro/libctru/lib/libcitro3d.a(effect.o)
                0x00106240                C3D_BlendingColor
 .text.C3D_EarlyDepthTest
                0x0010625c       0x24 /opt/devkitpro/libctru/lib/libcitro3d.a(effect.o)
                0x0010625c                C3D_EarlyDepthTest
 .text.C3D_DepthTest
                0x00106280       0x2c /opt/devkitpro/libctru/lib/libcitro3d.a(effect.o)
                0x00106280                C3D_DepthTest
 .text.C3D_AlphaTest
                0x001062ac       0x2c /opt/devkitpro/libctru/lib/libcitro3d.a(effect.o)
                0x001062ac                C3D_AlphaTest
 .text.C3D_AlphaBlend
                0x001062d8       0x50 /opt/devkitpro/libctru/lib/libcitro3d.a(effect.o)
                0x001062d8                C3D_AlphaBlend
 .text.C3D_FragOpMode
                0x00106328       0x30 /opt/devkitpro/libctru/lib/libcitro3d.a(effect.o)
                0x00106328                C3D_FragOpMode
 .text.C3D_FragOpShadow
                0x00106358       0x44 /opt/devkitpro/libctru/lib/libcitro3d.a(effect.o)
                0x00106358                C3D_FragOpShadow
 .text.C3Di_EffectBind
                0x0010639c      0x1ac /opt/devkitpro/libctru/lib/libcitro3d.a(effect.o)
                0x0010639c                C3Di_EffectBind
 .text.AttrInfo_Init
                0x00106548       0x28 /opt/devkitpro/libctru/lib/libcitro3d.a(attribs.o)
                0x00106548                AttrInfo_Init
 .text.AttrInfo_AddLoader
                0x00106570       0x94 /opt/devkitpro/libctru/lib/libcitro3d.a(attribs.o)
                0x00106570                AttrInfo_AddLoader
 .text.C3D_SetAttrInfo
                0x00106604       0x54 /opt/devkitpro/libctru/lib/libcitro3d.a(attribs.o)
                0x00106604                C3D_SetAttrInfo
 .text.C3Di_AttrInfoBind
                0x00106658       0x80 /opt/devkitpro/libctru/lib/libcitro3d.a(attribs.o)
                0x00106658                C3Di_AttrInfoBind
 .text.C3D_ImmSendAttrib
                0x001066d8       0xa8 /opt/devkitpro/libctru/lib/libcitro3d.a(immediate.o)
                0x001066d8                C3D_ImmSendAttrib
 .text.C3D_UpdateUniforms
                0x00106780      0x280 /opt/devkitpro/libctru/lib/libcitro3d.a(uniforms.o)
                0x00106780                C3D_UpdateUniforms
 .text.C3Di_DirtyUniforms
                0x00106a00       0xc0 /opt/devkitpro/libctru/lib/libcitro3d.a(uniforms.o)
                0x00106a00                C3Di_DirtyUniforms
 .text.C3Di_LoadShaderUniforms
                0x00106ac0       0xd8 /opt/devkitpro/libctru/lib/libcitro3d.a(uniforms.o)
                0x00106ac0                C3Di_LoadShaderUniforms
 .text.C3Di_ClearShaderUniforms
                0x00106b98       0x28 /opt/devkitpro/libctru/lib/libcitro3d.a(uniforms.o)
                0x00106b98                C3Di_ClearShaderUniforms
 .text.Mtx_Ortho
                0x00106bc0       0xcc /opt/devkitpro/libctru/lib/libcitro3d.a(mtx_ortho.o)
                0x00106bc0                Mtx_Ortho
 .text.Mtx_OrthoTilt
                0x00106c8c       0xcc /opt/devkitpro/libctru/lib/libcitro3d.a(mtx_orthotilt.o)
                0x00106c8c                Mtx_OrthoTilt
 .text._ZL21addrMapNodeComparatorPK11rbtree_nodeS1_
                0x00106d58       0x24 /opt/devkitpro/libctru/lib/libctru.a(vram.o)
 .text._ZL21addrMapNodeDestructorP11rbtree_node
                0x00106d7c        0x4 /opt/devkitpro/libctru/lib/libctru.a(vram.o)
 .text.vramMemAlignAt
                0x00106d80      0x24c /opt/devkitpro/libctru/lib/libctru.a(vram.o)
                0x00106d80                vramMemAlignAt
 .text.vramAlloc
                0x00106fcc        0xc /opt/devkitpro/libctru/lib/libctru.a(vram.o)
                0x00106fcc                vramAlloc
 .text.vramAllocAt
                0x00106fd8        0xc /opt/devkitpro/libctru/lib/libctru.a(vram.o)
                0x00106fd8                vramAllocAt
 .text.vramFree
                0x00106fe4       0x90 /opt/devkitpro/libctru/lib/libctru.a(vram.o)
                0x00106fe4                vramFree
 .text._ZL21addrMapNodeComparatorPK11rbtree_nodeS1_
                0x00107074       0x24 /opt/devkitpro/libctru/lib/libctru.a(linear.o)
 .text._ZL21addrMapNodeDestructorP11rbtree_node
                0x00107098        0x4 /opt/devkitpro/libctru/lib/libctru.a(linear.o)
 .text.linearMemAlign
                0x0010709c      0x120 /opt/devkitpro/libctru/lib/libctru.a(linear.o)
                0x0010709c                linearMemAlign
 .text.linearAlloc
                0x001071bc        0x8 /opt/devkitpro/libctru/lib/libctru.a(linear.o)
                0x001071bc                linearAlloc
 .text.linearFree
                0x001071c4       0x5c /opt/devkitpro/libctru/lib/libctru.a(linear.o)
                0x001071c4                linearFree
 .text._ZN7MemPool13CoalesceRightEP8MemBlock
                0x00107220       0x80 /opt/devkitpro/libctru/lib/libctru.a(mem_pool.o)
                0x00107220                MemPool::CoalesceRight(MemBlock*)
 .text._ZN7MemPool8AllocateER8MemChunkmi
                0x001072a0      0x16c /opt/devkitpro/libctru/lib/libctru.a(mem_pool.o)
                0x001072a0                MemPool::Allocate(MemChunk&, unsigned long, int)
 .text._ZN7MemPool10DeallocateERK8MemChunk
                0x0010740c       0xfc /opt/devkitpro/libctru/lib/libctru.a(mem_pool.o)
                0x0010740c                MemPool::Deallocate(MemChunk const&)
 .text._ZN7MemPool12GetFreeSpaceEv
                0x00107508       0x30 /opt/devkitpro/libctru/lib/libctru.a(mem_pool.o)
                0x00107508                MemPool::GetFreeSpace()
 .text.romfs_close
                0x00107538        0x8 /opt/devkitpro/libctru/lib/libctru.a(romfs_dev.o)
 .text.romfs_seek
                0x00107540       0xc4 /opt/devkitpro/libctru/lib/libctru.a(romfs_dev.o)
 .text.romfs_dirreset
                0x00107604       0x24 /opt/devkitpro/libctru/lib/libctru.a(romfs_dev.o)
 .text.fill_dir
                0x00107628       0xc8 /opt/devkitpro/libctru/lib/libctru.a(romfs_dev.o)
 .text.romfs_dirnext
                0x001076f0      0x2a8 /opt/devkitpro/libctru/lib/libctru.a(romfs_dev.o)
 .text.romfs_free
                0x00107998       0x84 /opt/devkitpro/libctru/lib/libctru.a(romfs_dev.o)
 .text.searchForFile.constprop.0
                0x00107a1c       0xd4 /opt/devkitpro/libctru/lib/libctru.a(romfs_dev.o)
 .text.searchForDir.constprop.0
                0x00107af0       0xd8 /opt/devkitpro/libctru/lib/libctru.a(romfs_dev.o)
 .text.navigateToDir.constprop.0
                0x00107bc8      0x1c0 /opt/devkitpro/libctru/lib/libctru.a(romfs_dev.o)
 .text.romfs_open
                0x00107d88      0x10c /opt/devkitpro/libctru/lib/libctru.a(romfs_dev.o)
 .text.romfs_chdir
                0x00107e94       0x4c /opt/devkitpro/libctru/lib/libctru.a(romfs_dev.o)
 .text.romfs_diropen
                0x00107ee0       0x70 /opt/devkitpro/libctru/lib/libctru.a(romfs_dev.o)
 .text.romfs_stat
                0x00107f50      0x174 /opt/devkitpro/libctru/lib/libctru.a(romfs_dev.o)
 .text.romfs_dirclose
                0x001080c4        0x8 /opt/devkitpro/libctru/lib/libctru.a(romfs_dev.o)
 *fill*         0x001080cc        0x4 
 .text.romfs_fstat
                0x001080d0       0x84 /opt/devkitpro/libctru/lib/libctru.a(romfs_dev.o)
 .text.romfs_read
                0x00108154       0xd0 /opt/devkitpro/libctru/lib/libctru.a(romfs_dev.o)
 .text.romfsMountFromFile
                0x00108224      0x28c /opt/devkitpro/libctru/lib/libctru.a(romfs_dev.o)
                0x00108224                romfsMountFromFile
 .text.romfsMountFromCurrentProcess
                0x001084b0       0x98 /opt/devkitpro/libctru/lib/libctru.a(romfs_dev.o)
                0x001084b0                romfsMountFromCurrentProcess
 .text.romfsMountSelf
                0x00108548      0x260 /opt/devkitpro/libctru/lib/libctru.a(romfs_dev.o)
                0x00108548                romfsMountSelf
 .text.romfsUnmount
                0x001087a8       0xa0 /opt/devkitpro/libctru/lib/libctru.a(romfs_dev.o)
                0x001087a8                romfsUnmount
 .text.osConvertVirtToPhys
                0x00108848       0x74 /opt/devkitpro/libctru/lib/libctru.a(os.o)
                0x00108848                osConvertVirtToPhys
 .text.osGetTimeRef
                0x001088bc       0x54 /opt/devkitpro/libctru/lib/libctru.a(os.o)
                0x001088bc                osGetTimeRef
 .text.osGetTime
                0x00108910       0xec /opt/devkitpro/libctru/lib/libctru.a(os.o)
                0x00108910                osGetTime
 .text.__ctru_speedup_config
                0x001089fc       0x34 /opt/devkitpro/libctru/lib/libctru.a(os.o)
                0x001089fc                __ctru_speedup_config
 .text.parseColor
                0x00108a30      0x1f4 /opt/devkitpro/libctru/lib/libctru.a(console.o)
 .text.consoleDrawChar
                0x00108c24      0x1ac /opt/devkitpro/libctru/lib/libctru.a(console.o)
                0x00108c24                consoleDrawChar
 .text.consolePrintChar
                0x00108dd0      0x124 /opt/devkitpro/libctru/lib/libctru.a(console.o)
                0x00108dd0                consolePrintChar
 .text.con_write
                0x00108ef4      0xbe4 /opt/devkitpro/libctru/lib/libctru.a(console.o)
                0x00108ef4                con_write
 .text.newRow   0x00109ad8       0xfc /opt/devkitpro/libctru/lib/libctru.a(console.o)
 .text.consoleInit
                0x00109bd4      0x168 /opt/devkitpro/libctru/lib/libctru.a(console.o)
                0x00109bd4                consoleInit
 .text.gfxPresentFramebuffer
                0x00109d3c       0xd0 /opt/devkitpro/libctru/lib/libctru.a(gfx.o)
 .text.gfxIsWide
                0x00109e0c       0x1c /opt/devkitpro/libctru/lib/libctru.a(gfx.o)
                0x00109e0c                gfxIsWide
 .text.gfxSetScreenFormat
                0x00109e28       0xec /opt/devkitpro/libctru/lib/libctru.a(gfx.o)
                0x00109e28                gfxSetScreenFormat
 .text.gfxSetDoubleBuffering
                0x00109f14       0x10 /opt/devkitpro/libctru/lib/libctru.a(gfx.o)
                0x00109f14                gfxSetDoubleBuffering
 .text.gfxInit  0x00109f24       0xe0 /opt/devkitpro/libctru/lib/libctru.a(gfx.o)
                0x00109f24                gfxInit
 .text.gfxInitDefault
                0x0010a004       0x10 /opt/devkitpro/libctru/lib/libctru.a(gfx.o)
                0x0010a004                gfxInitDefault
 .text.gfxExit  0x0010a014       0xb4 /opt/devkitpro/libctru/lib/libctru.a(gfx.o)
                0x0010a014                gfxExit
 .text.gfxGetFramebuffer
                0x0010a0c8       0xa0 /opt/devkitpro/libctru/lib/libctru.a(gfx.o)
                0x0010a0c8                gfxGetFramebuffer
 .text.gfxFlushBuffers
                0x0010a168      0x104 /opt/devkitpro/libctru/lib/libctru.a(gfx.o)
                0x0010a168                gfxFlushBuffers
 .text.gfxScreenSwapBuffers
                0x0010a26c       0x30 /opt/devkitpro/libctru/lib/libctru.a(gfx.o)
                0x0010a26c                gfxScreenSwapBuffers
 .text.gfxSwapBuffersGpu
                0x0010a29c       0x50 /opt/devkitpro/libctru/lib/libctru.a(gfx.o)
                0x0010a29c                gfxSwapBuffersGpu
 .text.shaderInstanceInit
                0x0010a2ec      0x1d0 /opt/devkitpro/libctru/lib/libctru.a(shaderProgram.o)
                0x0010a2ec                shaderInstanceInit
 .text.shaderInstanceGetUniformLocation
                0x0010a4bc       0x18 /opt/devkitpro/libctru/lib/libctru.a(shaderProgram.o)
                0x0010a4bc                shaderInstanceGetUniformLocation
 .text.shaderProgramInit
                0x0010a4d4       0x1c /opt/devkitpro/libctru/lib/libctru.a(shaderProgram.o)
                0x0010a4d4                shaderProgramInit
 .text.shaderProgramFree
                0x0010a4f0       0x64 /opt/devkitpro/libctru/lib/libctru.a(shaderProgram.o)
                0x0010a4f0                shaderProgramFree
 .text.shaderProgramSetVsh
                0x0010a554       0x80 /opt/devkitpro/libctru/lib/libctru.a(shaderProgram.o)
                0x0010a554                shaderProgramSetVsh
 .text.shaderProgramConfigure
                0x0010a5d4      0x8e0 /opt/devkitpro/libctru/lib/libctru.a(shaderProgram.o)
                0x0010a5d4                shaderProgramConfigure
 .text.DVLE_GenerateOutmap.part.0
                0x0010aeb4      0x1cc /opt/devkitpro/libctru/lib/libctru.a(shbin.o)
 .text.DVLB_ParseFile
                0x0010b080      0x1b4 /opt/devkitpro/libctru/lib/libctru.a(shbin.o)
                0x0010b080                DVLB_ParseFile
 .text.DVLB_Free
                0x0010b234       0x38 /opt/devkitpro/libctru/lib/libctru.a(shbin.o)
                0x0010b234                DVLB_Free
 .text.DVLE_GetUniformRegister
                0x0010b26c       0x74 /opt/devkitpro/libctru/lib/libctru.a(shbin.o)
                0x0010b26c                DVLE_GetUniformRegister
 .text.GX_BindQueue
                0x0010b2e0       0x10 /opt/devkitpro/libctru/lib/libctru.a(gx.o)
                0x0010b2e0                GX_BindQueue
 .text.GX_ProcessCommandList
                0x0010b2f0       0x78 /opt/devkitpro/libctru/lib/libctru.a(gx.o)
                0x0010b2f0                GX_ProcessCommandList
 .text.GX_MemoryFill
                0x0010b368       0x74 /opt/devkitpro/libctru/lib/libctru.a(gx.o)
                0x0010b368                GX_MemoryFill
 .text.GX_DisplayTransfer
                0x0010b3dc       0x70 /opt/devkitpro/libctru/lib/libctru.a(gx.o)
                0x0010b3dc                GX_DisplayTransfer
 .text.GX_TextureCopy
                0x0010b44c       0x74 /opt/devkitpro/libctru/lib/libctru.a(gx.o)
                0x0010b44c                GX_TextureCopy
 .text.gxCmdQueueDoCommands.part.0
                0x0010b4c0       0x68 /opt/devkitpro/libctru/lib/libctru.a(gxqueue.o)
 .text.gxCmdQueueInterrupt
                0x0010b528       0xc8 /opt/devkitpro/libctru/lib/libctru.a(gxqueue.o)
                0x0010b528                gxCmdQueueInterrupt
 .text.gxCmdQueueClear
                0x0010b5f0       0x4c /opt/devkitpro/libctru/lib/libctru.a(gxqueue.o)
                0x0010b5f0                gxCmdQueueClear
 .text.gxCmdQueueAdd
                0x0010b63c       0xf8 /opt/devkitpro/libctru/lib/libctru.a(gxqueue.o)
                0x0010b63c                gxCmdQueueAdd
 .text.gxCmdQueueRun
                0x0010b734       0x80 /opt/devkitpro/libctru/lib/libctru.a(gxqueue.o)
                0x0010b734                gxCmdQueueRun
 .text.gxCmdQueueStop
                0x0010b7b4       0x60 /opt/devkitpro/libctru/lib/libctru.a(gxqueue.o)
                0x0010b7b4                gxCmdQueueStop
 .text.gxCmdQueueWait
                0x0010b814       0x8c /opt/devkitpro/libctru/lib/libctru.a(gxqueue.o)
                0x0010b814                gxCmdQueueWait
 .text.GPUCMD_Add
                0x0010b8a0      0x13c /opt/devkitpro/libctru/lib/libctru.a(gpu.o)
                0x0010b8a0                GPUCMD_Add
 .text.GPUCMD_Split
                0x0010b9dc       0xb0 /opt/devkitpro/libctru/lib/libctru.a(gpu.o)
                0x0010b9dc                GPUCMD_Split
 .text.f32tof16
                0x0010ba8c       0x34 /opt/devkitpro/libctru/lib/libctru.a(gpu.o)
                0x0010ba8c                f32tof16
 .text.f32tof24
                0x0010bac0       0x34 /opt/devkitpro/libctru/lib/libctru.a(gpu.o)
                0x0010bac0                f32tof24
 .text.f32tof31
                0x0010baf4       0x38 /opt/devkitpro/libctru/lib/libctru.a(gpu.o)
                0x0010baf4                f32tof31
 .text.gspHardwareInit
                0x0010bb2c      0xc64 /opt/devkitpro/libctru/lib/libctru.a(gspgpu.o)
 .text.gspInit  0x0010c790      0x248 /opt/devkitpro/libctru/lib/libctru.a(gspgpu.o)
                0x0010c790                gspInit
 .text.gspExit  0x0010c9d8       0xf0 /opt/devkitpro/libctru/lib/libctru.a(gspgpu.o)
                0x0010c9d8                gspExit
 .text.gspHasGpuRight
                0x0010cac8       0x10 /opt/devkitpro/libctru/lib/libctru.a(gspgpu.o)
                0x0010cac8                gspHasGpuRight
 .text.gspPresentBuffer
                0x0010cad8       0xa0 /opt/devkitpro/libctru/lib/libctru.a(gspgpu.o)
                0x0010cad8                gspPresentBuffer
 .text.gspSetEventCallback
                0x0010cb78       0x30 /opt/devkitpro/libctru/lib/libctru.a(gspgpu.o)
                0x0010cb78                gspSetEventCallback
 .text.gspWaitForEvent
                0x0010cba8       0x44 /opt/devkitpro/libctru/lib/libctru.a(gspgpu.o)
                0x0010cba8                gspWaitForEvent
 .text.gspWaitForAnyEvent
                0x0010cbec       0x4c /opt/devkitpro/libctru/lib/libctru.a(gspgpu.o)
                0x0010cbec                gspWaitForAnyEvent
 .text.gspEventThreadMain
                0x0010cc38      0x158 /opt/devkitpro/libctru/lib/libctru.a(gspgpu.o)
 .text.gspSubmitGxCommand
                0x0010cd90      0x130 /opt/devkitpro/libctru/lib/libctru.a(gspgpu.o)
                0x0010cd90                gspSubmitGxCommand
 .text.GSPGPU_FlushDataCache
                0x0010cec0       0x50 /opt/devkitpro/libctru/lib/libctru.a(gspgpu.o)
                0x0010cec0                GSPGPU_FlushDataCache
 .text.GSPGPU_SetLcdForceBlack
                0x0010cf10       0x34 /opt/devkitpro/libctru/lib/libctru.a(gspgpu.o)
                0x0010cf10                GSPGPU_SetLcdForceBlack
 .text.GSPGPU_AcquireRight
                0x0010cf44       0x68 /opt/devkitpro/libctru/lib/libctru.a(gspgpu.o)
                0x0010cf44                GSPGPU_AcquireRight
 .text.GSPGPU_ReleaseRight
                0x0010cfac       0x48 /opt/devkitpro/libctru/lib/libctru.a(gspgpu.o)
                0x0010cfac                GSPGPU_ReleaseRight
 .text.GSPGPU_ImportDisplayCaptureInfo
                0x0010cff4       0x7c /opt/devkitpro/libctru/lib/libctru.a(gspgpu.o)
                0x0010cff4                GSPGPU_ImportDisplayCaptureInfo
 .text.GSPGPU_SaveVramSysArea
                0x0010d070       0x2c /opt/devkitpro/libctru/lib/libctru.a(gspgpu.o)
                0x0010d070                GSPGPU_SaveVramSysArea
 .text.GSPGPU_RestoreVramSysArea
                0x0010d09c       0x2c /opt/devkitpro/libctru/lib/libctru.a(gspgpu.o)
                0x0010d09c                GSPGPU_RestoreVramSysArea
 .text.hidShouldUseIrrst
                0x0010d0c8       0x24 /opt/devkitpro/libctru/lib/libctru.a(hid.o)
                0x0010d0c8                hidShouldUseIrrst
 .text.hidInit  0x0010d0ec      0x18c /opt/devkitpro/libctru/lib/libctru.a(hid.o)
                0x0010d0ec                hidInit
 .text.hidExit  0x0010d278       0xe8 /opt/devkitpro/libctru/lib/libctru.a(hid.o)
                0x0010d278                hidExit
 .text.hidScanInput
                0x0010d360      0x2a4 /opt/devkitpro/libctru/lib/libctru.a(hid.o)
                0x0010d360                hidScanInput
 .text.hidKeysDown
                0x0010d604       0x10 /opt/devkitpro/libctru/lib/libctru.a(hid.o)
                0x0010d604                hidKeysDown
 .text.aptConvertScreenForCapture
                0x0010d614      0x1ac /opt/devkitpro/libctru/lib/libctru.a(apt.o)
 .text.aptDspSleep
                0x0010d7c0        0x8 /opt/devkitpro/libctru/lib/libctru.a(apt.o)
                0x0010d7c0                aptDspSleep
 .text.aptDspWakeup
                0x0010d7c8        0x4 /opt/devkitpro/libctru/lib/libctru.a(apt.o)
                0x0010d7c8                aptDspWakeup
 .text.aptDspCancel
                0x0010d7cc        0x4 /opt/devkitpro/libctru/lib/libctru.a(apt.o)
                0x0010d7cc                aptDspCancel
 .text.aptSendCommand
                0x0010d7d0      0x158 /opt/devkitpro/libctru/lib/libctru.a(apt.o)
                0x0010d7d0                aptSendCommand
 .text.aptExitProcess
                0x0010d928       0x44 /opt/devkitpro/libctru/lib/libctru.a(apt.o)
 .text.aptExit  0x0010d96c      0x38c /opt/devkitpro/libctru/lib/libctru.a(apt.o)
                0x0010d96c                aptExit
 .text.aptHandleSleep
                0x0010dcf8       0xe0 /opt/devkitpro/libctru/lib/libctru.a(apt.o)
                0x0010dcf8                aptHandleSleep
 .text.aptHook  0x0010ddd8       0x30 /opt/devkitpro/libctru/lib/libctru.a(apt.o)
                0x0010ddd8                aptHook
 .text.aptUnhook
                0x0010de08       0x30 /opt/devkitpro/libctru/lib/libctru.a(apt.o)
                0x0010de08                aptUnhook
 .text.aptSetMessageCallback
                0x0010de38       0x1c /opt/devkitpro/libctru/lib/libctru.a(apt.o)
                0x0010de38                aptSetMessageCallback
 .text.APT_SleepIfShellClosed
                0x0010de54       0x84 /opt/devkitpro/libctru/lib/libctru.a(apt.o)
                0x0010de54                APT_SleepIfShellClosed
 .text.aptSetSleepAllowed
                0x0010ded8       0x84 /opt/devkitpro/libctru/lib/libctru.a(apt.o)
                0x0010ded8                aptSetSleepAllowed
 .text.APT_UnlockTransition
                0x0010df5c       0x84 /opt/devkitpro/libctru/lib/libctru.a(apt.o)
                0x0010df5c                APT_UnlockTransition
 .text.aptEventHandler
                0x0010dfe0      0x4a4 /opt/devkitpro/libctru/lib/libctru.a(apt.o)
 .text.APT_ReceiveParameter
                0x0010e484       0xb0 /opt/devkitpro/libctru/lib/libctru.a(apt.o)
                0x0010e484                APT_ReceiveParameter
 .text.aptReceiveParameter.constprop.0
                0x0010e534       0xac /opt/devkitpro/libctru/lib/libctru.a(apt.o)
 .text.aptScreenTransfer
                0x0010e5e0      0x2ac /opt/devkitpro/libctru/lib/libctru.a(apt.o)
 .text.aptWaitForWakeUp.isra.0
                0x0010e88c      0x320 /opt/devkitpro/libctru/lib/libctru.a(apt.o)
 .text.aptLaunchLibraryApplet
                0x0010ebac      0x118 /opt/devkitpro/libctru/lib/libctru.a(apt.o)
                0x0010ebac                aptLaunchLibraryApplet
 .text.aptJumpToHomeMenu
                0x0010ecc4       0xf8 /opt/devkitpro/libctru/lib/libctru.a(apt.o)
                0x0010ecc4                aptJumpToHomeMenu
 .text.aptMainLoop
                0x0010edbc       0x48 /opt/devkitpro/libctru/lib/libctru.a(apt.o)
                0x0010edbc                aptMainLoop
 .text.aptInit  0x0010ee04      0x22c /opt/devkitpro/libctru/lib/libctru.a(apt.o)
                0x0010ee04                aptInit
 .text.APT_SendParameter
                0x0010f030       0x5c /opt/devkitpro/libctru/lib/libctru.a(apt.o)
                0x0010f030                APT_SendParameter
 .text.APT_CheckNew3DS
                0x0010f08c       0x7c /opt/devkitpro/libctru/lib/libctru.a(apt.o)
                0x0010f08c                APT_CheckNew3DS
 .text.ptmSysmInit
                0x0010f108       0x74 /opt/devkitpro/libctru/lib/libctru.a(ptmsysm.o)
                0x0010f108                ptmSysmInit
 .text.ptmSysmExit
                0x0010f17c       0x3c /opt/devkitpro/libctru/lib/libctru.a(ptmsysm.o)
                0x0010f17c                ptmSysmExit
 .text.PTMSYSM_ConfigureNew3DSCPU
                0x0010f1b8       0x34 /opt/devkitpro/libctru/lib/libctru.a(ptmsysm.o)
                0x0010f1b8                PTMSYSM_ConfigureNew3DSCPU
 .text.fsInit   0x0010f1ec       0xcc /opt/devkitpro/libctru/lib/libctru.a(fs.o)
                0x0010f1ec                fsInit
 .text.fsExit   0x0010f2b8       0x3c /opt/devkitpro/libctru/lib/libctru.a(fs.o)
                0x0010f2b8                fsExit
 .text.fsExemptFromSession
                0x0010f2f4       0x60 /opt/devkitpro/libctru/lib/libctru.a(fs.o)
                0x0010f2f4                fsExemptFromSession
 .text.fsUnexemptFromSession
                0x0010f354       0x50 /opt/devkitpro/libctru/lib/libctru.a(fs.o)
                0x0010f354                fsUnexemptFromSession
 .text.FSUSER_OpenFile
                0x0010f3a4       0xcc /opt/devkitpro/libctru/lib/libctru.a(fs.o)
                0x0010f3a4                FSUSER_OpenFile
 .text.FSUSER_OpenFileDirectly
                0x0010f470       0xd4 /opt/devkitpro/libctru/lib/libctru.a(fs.o)
                0x0010f470                FSUSER_OpenFileDirectly
 .text.FSUSER_DeleteFile
                0x0010f544       0xbc /opt/devkitpro/libctru/lib/libctru.a(fs.o)
                0x0010f544                FSUSER_DeleteFile
 .text.FSUSER_RenameFile
                0x0010f600       0xf8 /opt/devkitpro/libctru/lib/libctru.a(fs.o)
                0x0010f600                FSUSER_RenameFile
 .text.FSUSER_DeleteDirectory
                0x0010f6f8       0xbc /opt/devkitpro/libctru/lib/libctru.a(fs.o)
                0x0010f6f8                FSUSER_DeleteDirectory
 .text.FSUSER_CreateFile
                0x0010f7b4       0xd4 /opt/devkitpro/libctru/lib/libctru.a(fs.o)
                0x0010f7b4                FSUSER_CreateFile
 .text.FSUSER_CreateDirectory
                0x0010f888       0xc4 /opt/devkitpro/libctru/lib/libctru.a(fs.o)
                0x0010f888                FSUSER_CreateDirectory
 .text.FSUSER_RenameDirectory
                0x0010f94c       0xf8 /opt/devkitpro/libctru/lib/libctru.a(fs.o)
                0x0010f94c                FSUSER_RenameDirectory
 .text.FSUSER_OpenDirectory
                0x0010fa44       0xb4 /opt/devkitpro/libctru/lib/libctru.a(fs.o)
                0x0010fa44                FSUSER_OpenDirectory
 .text.FSUSER_OpenArchive
                0x0010faf8       0x94 /opt/devkitpro/libctru/lib/libctru.a(fs.o)
                0x0010faf8                FSUSER_OpenArchive
 .text.FSUSER_CloseArchive
                0x0010fb8c       0x8c /opt/devkitpro/libctru/lib/libctru.a(fs.o)
                0x0010fb8c                FSUSER_CloseArchive
 .text.FSUSER_GetSdmcArchiveResource
                0x0010fc18       0x74 /opt/devkitpro/libctru/lib/libctru.a(fs.o)
                0x0010fc18                FSUSER_GetSdmcArchiveResource
 .text.FSUSER_IsSdmcWritable
                0x0010fc8c       0x64 /opt/devkitpro/libctru/lib/libctru.a(fs.o)
                0x0010fc8c                FSUSER_IsSdmcWritable
 .text.FSFILE_Read
                0x0010fcf0       0x58 /opt/devkitpro/libctru/lib/libctru.a(fs.o)
                0x0010fcf0                FSFILE_Read
 .text.FSFILE_Write
                0x0010fd48       0x60 /opt/devkitpro/libctru/lib/libctru.a(fs.o)
                0x0010fd48                FSFILE_Write
 .text.FSFILE_GetSize
                0x0010fda8       0x38 /opt/devkitpro/libctru/lib/libctru.a(fs.o)
                0x0010fda8                FSFILE_GetSize
 .text.FSFILE_SetSize
                0x0010fde0       0x28 /opt/devkitpro/libctru/lib/libctru.a(fs.o)
                0x0010fde0                FSFILE_SetSize
 .text.FSFILE_Close
                0x0010fe08       0x3c /opt/devkitpro/libctru/lib/libctru.a(fs.o)
                0x0010fe08                FSFILE_Close
 .text.FSFILE_Flush
                0x0010fe44       0x24 /opt/devkitpro/libctru/lib/libctru.a(fs.o)
                0x0010fe44                FSFILE_Flush
 .text.FSDIR_Read
                0x0010fe68       0x50 /opt/devkitpro/libctru/lib/libctru.a(fs.o)
                0x0010fe68                FSDIR_Read
 .text.FSDIR_Close
                0x0010feb8       0x3c /opt/devkitpro/libctru/lib/libctru.a(fs.o)
                0x0010feb8                FSDIR_Close
 .text.swkbdMessageCallback
                0x0010fef4      0x178 /opt/devkitpro/libctru/lib/libctru.a(swkbd.o)
 .text.swkbdInit
                0x0011006c       0x78 /opt/devkitpro/libctru/lib/libctru.a(swkbd.o)
                0x0011006c                swkbdInit
 .text.swkbdSetFeatures
                0x001100e4       0x38 /opt/devkitpro/libctru/lib/libctru.a(swkbd.o)
                0x001100e4                swkbdSetFeatures
 .text.swkbdInputText
                0x0011011c      0x3a8 /opt/devkitpro/libctru/lib/libctru.a(swkbd.o)
                0x0011011c                swkbdInputText
 .text.buffer_read
                0x001104c4       0xc4 /opt/devkitpro/libctru/lib/libctru.a(decompress.o)
 .text.iov_read
                0x00110588       0xcc /opt/devkitpro/libctru/lib/libctru.a(decompress.o)
 .text.iov_memmove
                0x00110654      0x148 /opt/devkitpro/libctru/lib/libctru.a(decompress.o)
 .text.decompress_rle
                0x0011079c      0x1dc /opt/devkitpro/libctru/lib/libctru.a(decompress.o)
 .text.decompress_lzss
                0x00110978      0x244 /opt/devkitpro/libctru/lib/libctru.a(decompress.o)
 .text.decompress_lz11
                0x00110bbc      0x428 /opt/devkitpro/libctru/lib/libctru.a(decompress.o)
 .text.decompress_huff
                0x00110fe4      0x2d4 /opt/devkitpro/libctru/lib/libctru.a(decompress.o)
 .text.decompressCallback_Stdio
                0x001112b8       0x10 /opt/devkitpro/libctru/lib/libctru.a(decompress.o)
                0x001112b8                decompressCallback_Stdio
 .text.decompressHeader
                0x001112c8       0xdc /opt/devkitpro/libctru/lib/libctru.a(decompress.o)
                0x001112c8                decompressHeader
 .text.decompressV
                0x001113a4      0x240 /opt/devkitpro/libctru/lib/libctru.a(decompress.o)
                0x001113a4                decompressV
 .text.rbtree_init
                0x001115e4       0x10 /opt/devkitpro/libctru/lib/libctru.a(rbtree_init.o)
                0x001115e4                rbtree_init
 .text.do_insert
                0x001115f4      0x1b0 /opt/devkitpro/libctru/lib/libctru.a(rbtree_insert.o)
 .text.rbtree_insert
                0x001117a4        0x8 /opt/devkitpro/libctru/lib/libctru.a(rbtree_insert.o)
                0x001117a4                rbtree_insert
 .text.rbtree_rotate
                0x001117ac       0x90 /opt/devkitpro/libctru/lib/libctru.a(rbtree_rotate.o)
                0x001117ac                rbtree_rotate
 .text.rbtree_remove
                0x0011183c      0x318 /opt/devkitpro/libctru/lib/libctru.a(rbtree_remove.o)
                0x0011183c                rbtree_remove
 .text.rbtree_find
                0x00111b54       0x74 /opt/devkitpro/libctru/lib/libctru.a(rbtree_find.o)
                0x00111b54                rbtree_find
 .text.utf8_to_utf16
                0x00111bc8       0xc0 /opt/devkitpro/libctru/lib/libctru.a(utf8_to_utf16.o)
                0x00111bc8                utf8_to_utf16
 .text.decode_utf8
                0x00111c88      0x13c /opt/devkitpro/libctru/lib/libctru.a(decode_utf8.o)
                0x00111c88                decode_utf8
 .text.utf16_to_utf8
                0x00111dc4       0xe8 /opt/devkitpro/libctru/lib/libctru.a(utf16_to_utf8.o)
                0x00111dc4                utf16_to_utf8
 *fill*         0x00111eac        0x4 
 .text.__system_allocateHeaps
                0x00111eb0      0x1e0 /opt/devkitpro/libctru/lib/libctru.a(allocateHeaps.o)
                0x00111eb0                __system_allocateHeaps
 .text.__libctru_init
                0x00112090       0x38 /opt/devkitpro/libctru/lib/libctru.a(ctru_init.o)
                0x00112090                __libctru_init
 .text.__system_initArgv
                0x001120c8      0x170 /opt/devkitpro/libctru/lib/libctru.a(initArgv.o)
                0x001120c8                __system_initArgv
 .text.svcControlMemory
                0x00112238       0x20 /opt/devkitpro/libctru/lib/libctru.a(svc.o)
                0x00112238                svcControlMemory
 .text.svcQueryMemory
                0x00112258       0x30 /opt/devkitpro/libctru/lib/libctru.a(svc.o)
                0x00112258                svcQueryMemory
 .text.svcExitProcess
                0x00112288        0x8 /opt/devkitpro/libctru/lib/libctru.a(svc.o)
                0x00112288                svcExitProcess
 .text.svcCreateThread
                0x00112290       0x20 /opt/devkitpro/libctru/lib/libctru.a(svc.o)
                0x00112290                svcCreateThread
 .text.svcExitThread
                0x001122b0        0x8 /opt/devkitpro/libctru/lib/libctru.a(svc.o)
                0x001122b0                svcExitThread
 .text.svcSleepThread
                0x001122b8        0x8 /opt/devkitpro/libctru/lib/libctru.a(svc.o)
                0x001122b8                svcSleepThread
 .text.svcReleaseMutex
                0x001122c0        0x8 /opt/devkitpro/libctru/lib/libctru.a(svc.o)
                0x001122c0                svcReleaseMutex
 .text.svcCreateEvent
                0x001122c8       0x14 /opt/devkitpro/libctru/lib/libctru.a(svc.o)
                0x001122c8                svcCreateEvent
 .text.svcSignalEvent
                0x001122dc        0x8 /opt/devkitpro/libctru/lib/libctru.a(svc.o)
                0x001122dc                svcSignalEvent
 .text.svcClearEvent
                0x001122e4        0x8 /opt/devkitpro/libctru/lib/libctru.a(svc.o)
                0x001122e4                svcClearEvent
 .text.svcCreateMemoryBlock
                0x001122ec       0x18 /opt/devkitpro/libctru/lib/libctru.a(svc.o)
                0x001122ec                svcCreateMemoryBlock
 .text.svcMapMemoryBlock
                0x00112304        0x8 /opt/devkitpro/libctru/lib/libctru.a(svc.o)
                0x00112304                svcMapMemoryBlock
 .text.svcUnmapMemoryBlock
                0x0011230c        0x8 /opt/devkitpro/libctru/lib/libctru.a(svc.o)
                0x0011230c                svcUnmapMemoryBlock
 .text.svcCreateAddressArbiter
                0x00112314       0x14 /opt/devkitpro/libctru/lib/libctru.a(svc.o)
                0x00112314                svcCreateAddressArbiter
 .text.svcArbitrateAddressNoTimeout
                0x00112328        0x8 /opt/devkitpro/libctru/lib/libctru.a(svc.o)
                0x00112328                svcArbitrateAddressNoTimeout
 .text.svcCloseHandle
                0x00112330        0x8 /opt/devkitpro/libctru/lib/libctru.a(svc.o)
                0x00112330                svcCloseHandle
 .text.svcWaitSynchronization
                0x00112338        0x8 /opt/devkitpro/libctru/lib/libctru.a(svc.o)
                0x00112338                svcWaitSynchronization
 .text.svcWaitSynchronizationN
                0x00112340       0x28 /opt/devkitpro/libctru/lib/libctru.a(svc.o)
                0x00112340                svcWaitSynchronizationN
 .text.svcDuplicateHandle
                0x00112368       0x14 /opt/devkitpro/libctru/lib/libctru.a(svc.o)
                0x00112368                svcDuplicateHandle
 .text.svcGetSystemTick
                0x0011237c        0x8 /opt/devkitpro/libctru/lib/libctru.a(svc.o)
                0x0011237c                svcGetSystemTick
 .text.svcConnectToPort
                0x00112384       0x14 /opt/devkitpro/libctru/lib/libctru.a(svc.o)
                0x00112384                svcConnectToPort
 .text.svcSendSyncRequest
                0x00112398        0x8 /opt/devkitpro/libctru/lib/libctru.a(svc.o)
                0x00112398                svcSendSyncRequest
 .text.svcGetResourceLimit
                0x001123a0       0x14 /opt/devkitpro/libctru/lib/libctru.a(svc.o)
                0x001123a0                svcGetResourceLimit
 .text.svcGetResourceLimitLimitValues
                0x001123b4        0x8 /opt/devkitpro/libctru/lib/libctru.a(svc.o)
                0x001123b4                svcGetResourceLimitLimitValues
 .text.svcGetResourceLimitCurrentValues
                0x001123bc        0x8 /opt/devkitpro/libctru/lib/libctru.a(svc.o)
                0x001123bc                svcGetResourceLimitCurrentValues
 .text.svcBreak
                0x001123c4        0x8 /opt/devkitpro/libctru/lib/libctru.a(svc.o)
                0x001123c4                svcBreak
 .text.initSystem
                0x001123cc       0x50 /opt/devkitpro/libctru/lib/libctru.a(stack_adjust.o)
                0x001123cc                initSystem
 .text.__ctru_exit
                0x0011241c       0x18 /opt/devkitpro/libctru/lib/libctru.a(stack_adjust.o)
                0x0011241c                __ctru_exit
 .text.__aeabi_read_tp
                0x00112434        0xc /opt/devkitpro/libctru/lib/libctru.a(readtp.o)
                0x00112434                __aeabi_read_tp
 .text.envGetHandle
                0x00112440       0x84 /opt/devkitpro/libctru/lib/libctru.a(env.o)
                0x00112440                envGetHandle
 .text.envDestroyHandles
                0x001124c4       0x50 /opt/devkitpro/libctru/lib/libctru.a(env.o)
                0x001124c4                envDestroyHandles
 .text.__sync_init
                0x00112514        0xc /opt/devkitpro/libctru/lib/libctru.a(synchronization.o)
                0x00112514                __sync_init
 .text.__sync_fini
                0x00112520       0x18 /opt/devkitpro/libctru/lib/libctru.a(synchronization.o)
                0x00112520                __sync_fini
 .text.syncArbitrateAddress
                0x00112538       0x2c /opt/devkitpro/libctru/lib/libctru.a(synchronization.o)
                0x00112538                syncArbitrateAddress
 .text.LightLock_Lock
                0x00112564       0xac /opt/devkitpro/libctru/lib/libctru.a(synchronization.o)
                0x00112564                LightLock_Lock
 .text.LightLock_Unlock
                0x00112610       0x40 /opt/devkitpro/libctru/lib/libctru.a(synchronization.o)
                0x00112610                LightLock_Unlock
 .text.RecursiveLock_Lock
                0x00112650       0x30 /opt/devkitpro/libctru/lib/libctru.a(synchronization.o)
                0x00112650                RecursiveLock_Lock
 .text.RecursiveLock_Unlock
                0x00112680       0x54 /opt/devkitpro/libctru/lib/libctru.a(synchronization.o)
                0x00112680                RecursiveLock_Unlock
 .text.LightEvent_Init
                0x001126d4       0x40 /opt/devkitpro/libctru/lib/libctru.a(synchronization.o)
                0x001126d4                LightEvent_Init
 .text.LightEvent_Clear
                0x00112714       0xa4 /opt/devkitpro/libctru/lib/libctru.a(synchronization.o)
                0x00112714                LightEvent_Clear
 .text.LightEvent_Signal
                0x001127b8       0xc8 /opt/devkitpro/libctru/lib/libctru.a(synchronization.o)
                0x001127b8                LightEvent_Signal
 .text.LightEvent_TryWait
                0x00112880       0x50 /opt/devkitpro/libctru/lib/libctru.a(synchronization.o)
                0x00112880                LightEvent_TryWait
 .text.LightEvent_Wait
                0x001128d0       0xa0 /opt/devkitpro/libctru/lib/libctru.a(synchronization.o)
                0x001128d0                LightEvent_Wait
 .text.srvInit  0x00112970      0x12c /opt/devkitpro/libctru/lib/libctru.a(srv.o)
                0x00112970                srvInit
 .text.srvExit  0x00112a9c       0x58 /opt/devkitpro/libctru/lib/libctru.a(srv.o)
                0x00112a9c                srvExit
 .text.srvEnableNotification
                0x00112af4       0x60 /opt/devkitpro/libctru/lib/libctru.a(srv.o)
                0x00112af4                srvEnableNotification
 .text.srvGetServiceHandleDirect
                0x00112b54       0xa0 /opt/devkitpro/libctru/lib/libctru.a(srv.o)
                0x00112b54                srvGetServiceHandleDirect
 .text.srvGetServiceHandle
                0x00112bf4       0x38 /opt/devkitpro/libctru/lib/libctru.a(srv.o)
                0x00112bf4                srvGetServiceHandle
 .text.srvSubscribe
                0x00112c2c       0x34 /opt/devkitpro/libctru/lib/libctru.a(srv.o)
                0x00112c2c                srvSubscribe
 .text.srvReceiveNotification
                0x00112c60       0x60 /opt/devkitpro/libctru/lib/libctru.a(srv.o)
                0x00112c60                srvReceiveNotification
 .text.srvPublishToSubscriber
                0x00112cc0       0x38 /opt/devkitpro/libctru/lib/libctru.a(srv.o)
                0x00112cc0                srvPublishToSubscriber
 .text.threadCreate
                0x00112cf8      0x1d8 /opt/devkitpro/libctru/lib/libctru.a(thread.o)
                0x00112cf8                threadCreate
 .text.threadFree
                0x00112ed0       0x2c /opt/devkitpro/libctru/lib/libctru.a(thread.o)
                0x00112ed0                threadFree
 .text.threadJoin
                0x00112efc       0x24 /opt/devkitpro/libctru/lib/libctru.a(thread.o)
                0x00112efc                threadJoin
 .text.threadGetCurrent
                0x00112f20       0x30 /opt/devkitpro/libctru/lib/libctru.a(thread.o)
                0x00112f20                threadGetCurrent
 .text.threadExit
                0x00112f50       0x40 /opt/devkitpro/libctru/lib/libctru.a(thread.o)
                0x00112f50                threadExit
 .text._thread_begin
                0x00112f90       0x20 /opt/devkitpro/libctru/lib/libctru.a(thread.o)
 .text.mappableFindAddressWithin
                0x00112fb0       0xb4 /opt/devkitpro/libctru/lib/libctru.a(mappable.o)
 .text.mappableInit
                0x00113064       0x28 /opt/devkitpro/libctru/lib/libctru.a(mappable.o)
                0x00113064                mappableInit
 .text.mappableAlloc
                0x0011308c       0x80 /opt/devkitpro/libctru/lib/libctru.a(mappable.o)
                0x0011308c                mappableAlloc
 .text.mappableFree
                0x0011310c        0x4 /opt/devkitpro/libctru/lib/libctru.a(mappable.o)
                0x0011310c                mappableFree
 .text.irrstInit
                0x00113110      0x160 /opt/devkitpro/libctru/lib/libctru.a(irrst.o)
                0x00113110                irrstInit
 .text.irrstExit
                0x00113270       0xcc /opt/devkitpro/libctru/lib/libctru.a(irrst.o)
                0x00113270                irrstExit
 .text.irrstScanInput
                0x0011333c       0xb4 /opt/devkitpro/libctru/lib/libctru.a(irrst.o)
                0x0011333c                irrstScanInput
 .text.irrstKeysHeld
                0x001133f0       0x24 /opt/devkitpro/libctru/lib/libctru.a(irrst.o)
                0x001133f0                irrstKeysHeld
 .text.srvPmGetSessionHandle
                0x00113414        0xc /opt/devkitpro/libctru/lib/libctru.a(srvpm.o)
                0x00113414                srvPmGetSessionHandle
 .text.rbtree_node_next
                0x00113420       0x5c /opt/devkitpro/libctru/lib/libctru.a(rbtree_iterator.o)
                0x00113420                rbtree_node_next
 .text.encode_utf16
                0x0011347c       0x54 /opt/devkitpro/libctru/lib/libctru.a(encode_utf16.o)
                0x0011347c                encode_utf16
 .text.encode_utf8
                0x001134d0       0xe0 /opt/devkitpro/libctru/lib/libctru.a(encode_utf8.o)
                0x001134d0                encode_utf8
 .text.decode_utf16
                0x001135b0       0x64 /opt/devkitpro/libctru/lib/libctru.a(decode_utf16.o)
                0x001135b0                decode_utf16
 .text.__appInit
                0x00113614       0x30 /opt/devkitpro/libctru/lib/libctru.a(appInit.o)
                0x00113614                __appInit
 .text.__syscall_getreent
                0x00113644       0x30 /opt/devkitpro/libctru/lib/libctru.a(syscalls.o)
                0x00113644                __syscall_getreent
 .text.__syscall_gettod_r
                0x00113674       0x64 /opt/devkitpro/libctru/lib/libctru.a(syscalls.o)
                0x00113674                __syscall_gettod_r
 .text.__syscall_lock_acquire
                0x001136d8        0x4 /opt/devkitpro/libctru/lib/libctru.a(syscalls.o)
                0x001136d8                __syscall_lock_acquire
 .text.__syscall_lock_release
                0x001136dc        0x4 /opt/devkitpro/libctru/lib/libctru.a(syscalls.o)
                0x001136dc                __syscall_lock_release
 .text.__syscall_lock_acquire_recursive
                0x001136e0        0x4 /opt/devkitpro/libctru/lib/libctru.a(syscalls.o)
                0x001136e0                __syscall_lock_acquire_recursive
 .text.__syscall_lock_release_recursive
                0x001136e4        0x4 /opt/devkitpro/libctru/lib/libctru.a(syscalls.o)
                0x001136e4                __syscall_lock_release_recursive
 .text.__syscall_exit
                0x001136e8        0x4 /opt/devkitpro/libctru/lib/libctru.a(syscalls.o)
                0x001136e8                __syscall_exit
 .text.initThreadVars
                0x001136ec       0x50 /opt/devkitpro/libctru/lib/libctru.a(syscalls.o)
                0x001136ec                initThreadVars
 .text.__system_initSyscalls
                0x0011373c       0x80 /opt/devkitpro/libctru/lib/libctru.a(syscalls.o)
                0x0011373c                __system_initSyscalls
 .text.__appExit
                0x001137bc       0x30 /opt/devkitpro/libctru/lib/libctru.a(appExit.o)
                0x001137bc                __appExit
 .text.__libctru_exit
                0x001137ec       0x90 /opt/devkitpro/libctru/lib/libctru.a(ctru_exit.o)
                0x001137ec                __libctru_exit
 .text.archive_link
                0x0011387c       0x14 /opt/devkitpro/libctru/lib/libctru.a(archive_dev.o)
 .text.archive_dirreset
                0x00113890       0x14 /opt/devkitpro/libctru/lib/libctru.a(archive_dev.o)
 .text.archive_chmod
                0x001138a4       0x14 /opt/devkitpro/libctru/lib/libctru.a(archive_dev.o)
 .text.error_cmp
                0x001138b8       0x24 /opt/devkitpro/libctru/lib/libctru.a(archive_dev.o)
 .text.archive_translate_error
                0x001138dc       0x50 /opt/devkitpro/libctru/lib/libctru.a(archive_dev.o)
 .text.archive_seek
                0x0011392c       0xc8 /opt/devkitpro/libctru/lib/libctru.a(archive_dev.o)
 .text._archiveInit.part.0
                0x001139f4       0x7c /opt/devkitpro/libctru/lib/libctru.a(archive_dev.o)
 .text.archiveFindDevice.part.0
                0x00113a70       0xc4 /opt/devkitpro/libctru/lib/libctru.a(archive_dev.o)
 .text.archive_utf16path
                0x00113b34      0x280 /opt/devkitpro/libctru/lib/libctru.a(archive_dev.o)
 .text._archiveUnmountDeviceStruct.part.0
                0x00113db4       0x9c /opt/devkitpro/libctru/lib/libctru.a(archive_dev.o)
 .text.archive_fchmod
                0x00113e50       0x14 /opt/devkitpro/libctru/lib/libctru.a(archive_dev.o)
 .text.archive_statvfs
                0x00113e64       0x14 /opt/devkitpro/libctru/lib/libctru.a(archive_dev.o)
 .text._archiveMountDevice
                0x00113e78      0x164 /opt/devkitpro/libctru/lib/libctru.a(archive_dev.o)
 .text.archive_diropen
                0x00113fdc       0xe8 /opt/devkitpro/libctru/lib/libctru.a(archive_dev.o)
 .text.archive_fstat
                0x001140c4       0xa4 /opt/devkitpro/libctru/lib/libctru.a(archive_dev.o)
 .text.archive_fsync
                0x00114168       0x6c /opt/devkitpro/libctru/lib/libctru.a(archive_dev.o)
 .text.archive_close
                0x001141d4       0x6c /opt/devkitpro/libctru/lib/libctru.a(archive_dev.o)
 .text.archive_dirclose
                0x00114240       0x70 /opt/devkitpro/libctru/lib/libctru.a(archive_dev.o)
 .text.sdmc_statvfs
                0x001142b0       0xe8 /opt/devkitpro/libctru/lib/libctru.a(archive_dev.o)
 .text.archive_chdir
                0x00114398       0xec /opt/devkitpro/libctru/lib/libctru.a(archive_dev.o)
 .text.archive_ftruncate
                0x00114484       0x7c /opt/devkitpro/libctru/lib/libctru.a(archive_dev.o)
 .text.archive_read
                0x00114500       0xac /opt/devkitpro/libctru/lib/libctru.a(archive_dev.o)
 .text.archive_unlink
                0x001145ac       0xa4 /opt/devkitpro/libctru/lib/libctru.a(archive_dev.o)
 .text.archive_rmdir
                0x00114650       0xbc /opt/devkitpro/libctru/lib/libctru.a(archive_dev.o)
 .text.archive_mkdir
                0x0011470c       0xdc /opt/devkitpro/libctru/lib/libctru.a(archive_dev.o)
 .text.archive_stat
                0x001147e8      0x194 /opt/devkitpro/libctru/lib/libctru.a(archive_dev.o)
 .text.archive_dirnext
                0x0011497c      0x160 /opt/devkitpro/libctru/lib/libctru.a(archive_dev.o)
 .text.archive_write
                0x00114adc      0x124 /opt/devkitpro/libctru/lib/libctru.a(archive_dev.o)
 .text.archive_open
                0x00114c00      0x20c /opt/devkitpro/libctru/lib/libctru.a(archive_dev.o)
 .text.archive_rename
                0x00114e0c      0x278 /opt/devkitpro/libctru/lib/libctru.a(archive_dev.o)
 .text.archiveMountSdmc
                0x00115084      0x19c /opt/devkitpro/libctru/lib/libctru.a(archive_dev.o)
                0x00115084                archiveMountSdmc
 .text.archiveUnmountAll
                0x00115220       0x54 /opt/devkitpro/libctru/lib/libctru.a(archive_dev.o)
                0x00115220                archiveUnmountAll
 *fill*         0x00115274        0x4 
 .text.sinf     0x00115278      0x244 /opt/devkitpro/devkitARM/bin/../lib/gcc/arm-none-eabi/13.1.0/../../../../arm-none-eabi/lib/armv6k/fpu/libm.a(libm_a-sinf.o)
                0x00115278                sinf
 *fill*         0x001154bc        0x4 
 .text.cosf     0x001154c0      0x22c /opt/devkitpro/devkitARM/bin/../lib/gcc/arm-none-eabi/13.1.0/../../../../arm-none-eabi/lib/armv6k/fpu/libm.a(libm_a-cosf.o)
                0x001154c0                cosf
 .text.with_errnof
                0x001156ec       0x24 /opt/devkitpro/devkitARM/bin/../lib/gcc/arm-none-eabi/13.1.0/../../../../arm-none-eabi/lib/armv6k/fpu/libm.a(libm_a-math_errf.o)
 .text.__math_invalidf
                0x00115710       0x1c /opt/devkitpro/devkitARM/bin/../lib/gcc/arm-none-eabi/13.1.0/../../../../arm-none-eabi/lib/armv6k/fpu/libm.a(libm_a-math_errf.o)
                0x00115710                __math_invalidf
 .text.__udivmoddi4
                0x0011572c      0x120 /opt/devkitpro/devkitARM/bin/../lib/gcc/arm-none-eabi/13.1.0/armv6k/fpu/libgcc.a(_udivmoddi4.o)
                0x0011572c                __udivmoddi4
 .text.printf   0x0011584c       0x34 /opt/devkitpro/devkitARM/bin/../lib/gcc/arm-none-eabi/13.1.0/../../../../arm-none-eabi/lib/armv6k/fpu/libg.a(libc_a-printf.o)
                0x0011584c                printf
 .text.memalign
                0x00115880       0x20 /opt/devkitpro/devkitARM/bin/../lib/gcc/arm-none-eabi/13.1.0/../../../../arm-none-eabi/lib/armv6k/fpu/libg.a(libc_a-malign.o)
                0x00115880                memalign
 .text._memalign_r
                0x001158a0      0x14c /opt/devkitpro/devkitARM/bin/../lib/gcc/arm-none-eabi/13.1.0/../../../../arm-none-eabi/lib/armv6k/fpu/libg.a(libc_a-malignr.o)
                0x001158a0                _memalign_r
 .text.putchar  0x001159ec       0x1c /opt/devkitpro/devkitARM/bin/../lib/gcc/arm-none-eabi/13.1.0/../../../../arm-none-eabi/lib/armv6k/fpu/libg.a(libc_a-putchar.o)
                0x001159ec                putchar
 .text.bsearch  0x00115a08       0x78 /opt/devkitpro/devkitARM/bin/../lib/gcc/arm-none-eabi/13.1.0/../../../../arm-none-eabi/lib/armv6k/fpu/libg.a(libc_a-bsearch.o)
                0x00115a08                bsearch
 .text.sscanf   0x00115a80       0x74 /opt/devkitpro/devkitARM/bin/../lib/gcc/arm-none-eabi/13.1.0/../../../../arm-none-eabi/lib/armv6k/fpu/libg.a(libc_a-sscanf.o)
                0x00115a80                sscanf
 .text.__sread  0x00115af4       0x44 /opt/devkitpro/devkitARM/bin/../lib/gcc/arm-none-eabi/13.1.0/../../../../arm-none-eabi/lib/armv6k/fpu/libg.a(libc_a-stdio.o)
                0x00115af4                __sread
 .text.__seofread
                0x00115b38        0x8 /opt/devkitpro/devkitARM/bin/../lib/gcc/arm-none-eabi/13.1.0/../../../../arm-none-eabi/lib/armv6k/fpu/libg.a(libc_a-stdio.o)
                0x00115b38                __seofread
 .text.__swrite
                0x00115b40       0x68 /opt/devkitpro/devkitARM/bin/../lib/gcc/arm-none-eabi/13.1.0/../../../../arm-none-eabi/lib/armv6k/fpu/libg.a(libc_a-stdio.o)
                0x00115b40                __swrite
 .text.__sseek  0x00115ba8       0x44 /opt/devkitpro/devkitARM/bin/../lib/gcc/arm-none-eabi/13.1.0/../../../../arm-none-eabi/lib/armv6k/fpu/libg.a(libc_a-stdio.o)
                0x00115ba8                __sseek
 .text.__sclose
                0x00115bec        0x8 /opt/devkitpro/devkitARM/bin/../lib/gcc/arm-none-eabi/13.1.0/../../../../arm-none-eabi/lib/armv6k/fpu/libg.a(libc_a-stdio.o)
                0x00115bec                __sclose
 .text.calloc   0x00115bf4       0x20 /opt/devkitpro/devkitARM/bin/../lib/gcc/arm-none-eabi/13.1.0/../../../../arm-none-eabi/lib/armv6k/fpu/libg.a(libc_a-calloc.o)
                0x00115bf4                calloc
 .text._calloc_r
                0x00115c14       0xc0 /opt/devkitpro/devkitARM/bin/../lib/gcc/arm-none-eabi/13.1.0/../../../../arm-none-eabi/lib/armv6k/fpu/libg.a(libc_a-callocr.o)
                0x00115c14                _calloc_r
 .text.setvbuf  0x00115cd4      0x25c /opt/devkitpro/devkitARM/bin/../lib/gcc/arm-none-eabi/13.1.0/../../../../arm-none-eabi/lib/armv6k/fpu/libg.a(libc_a-setvbuf.o)
                0x00115cd4                setvbuf
 .text.__call_exitprocs
                0x00115f30        0x4 /opt/devkitpro/devkitARM/bin/../lib/gcc/arm-none-eabi/13.1.0/../../../../arm-none-eabi/lib/armv6k/fpu/libg.a(libc_a-exit.o)
                0x00115f30                __call_exitprocs
 .text.exit     0x00115f34       0x30 /opt/devkitpro/devkitARM/bin/../lib/gcc/arm-none-eabi/13.1.0/../../../../arm-none-eabi/lib/armv6k/fpu/libg.a(libc_a-exit.o)
                0x00115f34                exit
 .text._malloc_trim_r
                0x00115f64       0xf8 /opt/devkitpro/devkitARM/bin/../lib/gcc/arm-none-eabi/13.1.0/../../../../arm-none-eabi/lib/armv6k/fpu/libg.a(libc_a-freer.o)
                0x00115f64                _malloc_trim_r
 .text._free_r  0x0011605c      0x2e8 /opt/devkitpro/devkitARM/bin/../lib/gcc/arm-none-eabi/13.1.0/../../../../arm-none-eabi/lib/armv6k/fpu/libg.a(libc_a-freer.o)
                0x0011605c                _free_r
 .text.strchr   0x00116344      0x130 /opt/devkitpro/devkitARM/bin/../lib/gcc/arm-none-eabi/13.1.0/../../../../arm-none-eabi/lib/armv6k/fpu/libg.a(libc_a-strchr.o)
                0x00116344                strchr
 .text.memcmp   0x00116474       0xd8 /opt/devkitpro/devkitARM/bin/../lib/gcc/arm-none-eabi/13.1.0/../../../../arm-none-eabi/lib/armv6k/fpu/libg.a(libc_a-memcmp.o)
                0x00116474                memcmp
 .text._fclose_r
                0x0011654c      0x148 /opt/devkitpro/devkitARM/bin/../lib/gcc/arm-none-eabi/13.1.0/../../../../arm-none-eabi/lib/armv6k/fpu/libg.a(libc_a-fclose.o)
                0x0011654c                _fclose_r
 .text.fclose   0x00116694       0x18 /opt/devkitpro/devkitARM/bin/../lib/gcc/arm-none-eabi/13.1.0/../../../../arm-none-eabi/lib/armv6k/fpu/libg.a(libc_a-fclose.o)
                0x00116694                fclose
 .text.malloc   0x001166ac       0x18 /opt/devkitpro/devkitARM/bin/../lib/gcc/arm-none-eabi/13.1.0/../../../../arm-none-eabi/lib/armv6k/fpu/libg.a(libc_a-malloc.o)
                0x001166ac                malloc
 .text.free     0x001166c4       0x18 /opt/devkitpro/devkitARM/bin/../lib/gcc/arm-none-eabi/13.1.0/../../../../arm-none-eabi/lib/armv6k/fpu/libg.a(libc_a-malloc.o)
                0x001166c4                free
 .text.get_arg  0x001166dc       0x50 /opt/devkitpro/devkitARM/bin/../lib/gcc/arm-none-eabi/13.1.0/../../../../arm-none-eabi/lib/armv6k/fpu/libg.a(libc_a-svfscanf.o)
 .text.__ssvfscanf_r
                0x0011672c     0x2bf8 /opt/devkitpro/devkitARM/bin/../lib/gcc/arm-none-eabi/13.1.0/../../../../arm-none-eabi/lib/armv6k/fpu/libg.a(libc_a-svfscanf.o)
                0x0011672c                __ssvfscanf_r
 .text._malloc_r
                0x00119324      0x79c /opt/devkitpro/devkitARM/bin/../lib/gcc/arm-none-eabi/13.1.0/../../../../arm-none-eabi/lib/armv6k/fpu/libg.a(libc_a-mallocr.o)
                0x00119324                _malloc_r
 .text.memset   0x00119ac0       0xf4 /opt/devkitpro/devkitARM/bin/../lib/gcc/arm-none-eabi/13.1.0/../../../../arm-none-eabi/lib/armv6k/fpu/libg.a(libc_a-memset.o)
                0x00119ac0                memset
 .text.__malloc_lock
                0x00119bb4        0xc /opt/devkitpro/devkitARM/bin/../lib/gcc/arm-none-eabi/13.1.0/../../../../arm-none-eabi/lib/armv6k/fpu/libg.a(libc_a-mlock.o)
                0x00119bb4                __malloc_lock
 .text.__malloc_unlock
                0x00119bc0        0xc /opt/devkitpro/devkitARM/bin/../lib/gcc/arm-none-eabi/13.1.0/../../../../arm-none-eabi/lib/armv6k/fpu/libg.a(libc_a-mlock.o)
                0x00119bc0                __malloc_unlock
 .text.get_arg  0x00119bcc      0x64c /opt/devkitpro/devkitARM/bin/../lib/gcc/arm-none-eabi/13.1.0/../../../../arm-none-eabi/lib/armv6k/fpu/libg.a(libc_a-vfprintf.o)
 .text._vfprintf_r
                0x0011a218     0x3378 /opt/devkitpro/devkitARM/bin/../lib/gcc/arm-none-eabi/13.1.0/../../../../arm-none-eabi/lib/armv6k/fpu/libg.a(libc_a-vfprintf.o)
                0x0011a218                _vfprintf_r
 .text.__sbprintf
                0x0011d590       0xb8 /opt/devkitpro/devkitARM/bin/../lib/gcc/arm-none-eabi/13.1.0/../../../../arm-none-eabi/lib/armv6k/fpu/libg.a(libc_a-vfprintf.o)
 .text.strlen   0x0011d648       0x90 /opt/devkitpro/devkitARM/bin/../lib/gcc/arm-none-eabi/13.1.0/../../../../arm-none-eabi/lib/armv6k/fpu/libg.a(libc_a-strlen.o)
                0x0011d648                strlen
 .text._fopen_r
                0x0011d6d8      0x12c /opt/devkitpro/devkitARM/bin/../lib/gcc/arm-none-eabi/13.1.0/../../../../arm-none-eabi/lib/armv6k/fpu/libg.a(libc_a-fopen.o)
                0x0011d6d8                _fopen_r
 .text.fopen    0x0011d804       0x20 /opt/devkitpro/devkitARM/bin/../lib/gcc/arm-none-eabi/13.1.0/../../../../arm-none-eabi/lib/armv6k/fpu/libg.a(libc_a-fopen.o)
                0x0011d804                fopen
 .text.__sflush_r
                0x0011d824      0x22c /opt/devkitpro/devkitARM/bin/../lib/gcc/arm-none-eabi/13.1.0/../../../../arm-none-eabi/lib/armv6k/fpu/libg.a(libc_a-fflush.o)
                0x0011d824                __sflush_r
 .text._fflush_r
                0x0011da50       0x94 /opt/devkitpro/devkitARM/bin/../lib/gcc/arm-none-eabi/13.1.0/../../../../arm-none-eabi/lib/armv6k/fpu/libg.a(libc_a-fflush.o)
                0x0011da50                _fflush_r
 .text.strncat  0x0011dae4       0xe4 /opt/devkitpro/devkitARM/bin/../lib/gcc/arm-none-eabi/13.1.0/../../../../arm-none-eabi/lib/armv6k/fpu/libg.a(libc_a-strncat.o)
                0x0011dae4                strncat
 .text.strncmp  0x0011dbc8       0xe4 /opt/devkitpro/devkitARM/bin/../lib/gcc/arm-none-eabi/13.1.0/../../../../arm-none-eabi/lib/armv6k/fpu/libg.a(libc_a-strncmp.o)
                0x0011dbc8                strncmp
 .text._fwalk_sglue
                0x0011dcac       0x70 /opt/devkitpro/devkitARM/bin/../lib/gcc/arm-none-eabi/13.1.0/../../../../arm-none-eabi/lib/armv6k/fpu/libg.a(libc_a-fwalk.o)
                0x0011dcac                _fwalk_sglue
 .text._fread_r
                0x0011dd1c      0x344 /opt/devkitpro/devkitARM/bin/../lib/gcc/arm-none-eabi/13.1.0/../../../../arm-none-eabi/lib/armv6k/fpu/libg.a(libc_a-fread.o)
                0x0011dd1c                _fread_r
 .text.fread    0x0011e060       0x38 /opt/devkitpro/devkitARM/bin/../lib/gcc/arm-none-eabi/13.1.0/../../../../arm-none-eabi/lib/armv6k/fpu/libg.a(libc_a-fread.o)
                0x0011e060                fread
 .text.strncpy  0x0011e098       0xc4 /opt/devkitpro/devkitARM/bin/../lib/gcc/arm-none-eabi/13.1.0/../../../../arm-none-eabi/lib/armv6k/fpu/libg.a(libc_a-strncpy.o)
                0x0011e098                strncpy
 .text.stdio_exit_handler
                0x0011e15c       0x1c /opt/devkitpro/devkitARM/bin/../lib/gcc/arm-none-eabi/13.1.0/../../../../arm-none-eabi/lib/armv6k/fpu/libg.a(libc_a-findfp.o)
 .text.cleanup_stdio
                0x0011e178       0x5c /opt/devkitpro/devkitARM/bin/../lib/gcc/arm-none-eabi/13.1.0/../../../../arm-none-eabi/lib/armv6k/fpu/libg.a(libc_a-findfp.o)
 .text.global_stdio_init.part.0
                0x0011e1d4      0x154 /opt/devkitpro/devkitARM/bin/../lib/gcc/arm-none-eabi/13.1.0/../../../../arm-none-eabi/lib/armv6k/fpu/libg.a(libc_a-findfp.o)
 .text.__sfp    0x0011e328      0x134 /opt/devkitpro/devkitARM/bin/../lib/gcc/arm-none-eabi/13.1.0/../../../../arm-none-eabi/lib/armv6k/fpu/libg.a(libc_a-findfp.o)
                0x0011e328                __sfp
 .text.__sinit  0x0011e45c       0x5c /opt/devkitpro/devkitARM/bin/../lib/gcc/arm-none-eabi/13.1.0/../../../../arm-none-eabi/lib/armv6k/fpu/libg.a(libc_a-findfp.o)
                0x0011e45c                __sinit
 .text.__sfp_lock_acquire
                0x0011e4b8        0xc /opt/devkitpro/devkitARM/bin/../lib/gcc/arm-none-eabi/13.1.0/../../../../arm-none-eabi/lib/armv6k/fpu/libg.a(libc_a-findfp.o)
                0x0011e4b8                __sfp_lock_acquire
 .text.__sfp_lock_release
                0x0011e4c4        0xc /opt/devkitpro/devkitARM/bin/../lib/gcc/arm-none-eabi/13.1.0/../../../../arm-none-eabi/lib/armv6k/fpu/libg.a(libc_a-findfp.o)
                0x0011e4c4                __sfp_lock_release
 .text.srand    0x0011e4d0       0x1c /opt/devkitpro/devkitARM/bin/../lib/gcc/arm-none-eabi/13.1.0/../../../../arm-none-eabi/lib/armv6k/fpu/libg.a(libc_a-rand.o)
                0x0011e4d0                srand
 .text.strnlen  0x0011e4ec       0x48 /opt/devkitpro/devkitARM/bin/../lib/gcc/arm-none-eabi/13.1.0/../../../../arm-none-eabi/lib/armv6k/fpu/libg.a(libc_a-strnlen.o)
                0x0011e4ec                strnlen
 .text.sulp     0x0011e534       0x64 /opt/devkitpro/devkitARM/bin/../lib/gcc/arm-none-eabi/13.1.0/../../../../arm-none-eabi/lib/armv6k/fpu/libg.a(libc_a-strtod.o)
 .text._strtod_l
                0x0011e598     0x13a4 /opt/devkitpro/devkitARM/bin/../lib/gcc/arm-none-eabi/13.1.0/../../../../arm-none-eabi/lib/armv6k/fpu/libg.a(libc_a-strtod.o)
                0x0011e598                _strtod_l
 .text._strtod_r
                0x0011f93c       0x3c /opt/devkitpro/devkitARM/bin/../lib/gcc/arm-none-eabi/13.1.0/../../../../arm-none-eabi/lib/armv6k/fpu/libg.a(libc_a-strtod.o)
                0x0011f93c                _strtod_r
 .text._fseek_r
                0x0011f978       0x1c /opt/devkitpro/devkitARM/bin/../lib/gcc/arm-none-eabi/13.1.0/../../../../arm-none-eabi/lib/armv6k/fpu/libg.a(libc_a-fseek.o)
                0x0011f978                _fseek_r
 .text._strtol_l.part.0
                0x0011f994      0x1b0 /opt/devkitpro/devkitARM/bin/../lib/gcc/arm-none-eabi/13.1.0/../../../../arm-none-eabi/lib/armv6k/fpu/libg.a(libc_a-strtol.o)
 .text._strtol_r
                0x0011fb44       0x60 /opt/devkitpro/devkitARM/bin/../lib/gcc/arm-none-eabi/13.1.0/../../../../arm-none-eabi/lib/armv6k/fpu/libg.a(libc_a-strtol.o)
                0x0011fb44                _strtol_r
 .text.realloc  0x0011fba4       0x20 /opt/devkitpro/devkitARM/bin/../lib/gcc/arm-none-eabi/13.1.0/../../../../arm-none-eabi/lib/armv6k/fpu/libg.a(libc_a-realloc.o)
                0x0011fba4                realloc
 .text._strtoul_l.isra.0
                0x0011fbc4      0x1d8 /opt/devkitpro/devkitARM/bin/../lib/gcc/arm-none-eabi/13.1.0/../../../../arm-none-eabi/lib/armv6k/fpu/libg.a(libc_a-strtoul.o)
 .text._strtoul_r
                0x0011fd9c       0x30 /opt/devkitpro/devkitARM/bin/../lib/gcc/arm-none-eabi/13.1.0/../../../../arm-none-eabi/lib/armv6k/fpu/libg.a(libc_a-strtoul.o)
                0x0011fd9c                _strtoul_r
 .text.strtoul  0x0011fdcc       0x34 /opt/devkitpro/devkitARM/bin/../lib/gcc/arm-none-eabi/13.1.0/../../../../arm-none-eabi/lib/armv6k/fpu/libg.a(libc_a-strtoul.o)
                0x0011fdcc                strtoul
 .text.__locale_mb_cur_max
                0x0011fe00       0x24 /opt/devkitpro/devkitARM/bin/../lib/gcc/arm-none-eabi/13.1.0/../../../../arm-none-eabi/lib/armv6k/fpu/libg.a(libc_a-locale.o)
                0x0011fe00                __locale_mb_cur_max
 .text.time     0x0011fe24       0x4c /opt/devkitpro/devkitARM/bin/../lib/gcc/arm-none-eabi/13.1.0/../../../../arm-none-eabi/lib/armv6k/fpu/libg.a(libc_a-time.o)
                0x0011fe24                time
 .text._localeconv_r
                0x0011fe70       0x24 /opt/devkitpro/devkitARM/bin/../lib/gcc/arm-none-eabi/13.1.0/../../../../arm-none-eabi/lib/armv6k/fpu/libg.a(libc_a-localeconv.o)
                0x0011fe70                _localeconv_r
 .text.memchr   0x0011fe94       0xe0 /opt/devkitpro/devkitARM/bin/../lib/gcc/arm-none-eabi/13.1.0/../../../../arm-none-eabi/lib/armv6k/fpu/libg.a(libc_a-memchr-stub.o)
                0x0011fe94                memchr
 .text.__utf8_wctomb
                0x0011ff74       0xf0 /opt/devkitpro/devkitARM/bin/../lib/gcc/arm-none-eabi/13.1.0/../../../../arm-none-eabi/lib/armv6k/fpu/libg.a(libc_a-wctomb_r.o)
                0x0011ff74                __utf8_wctomb
 .text.memcpy   0x00120064      0x11c /opt/devkitpro/devkitARM/bin/../lib/gcc/arm-none-eabi/13.1.0/../../../../arm-none-eabi/lib/armv6k/fpu/libg.a(libc_a-memcpy-stub.o)
                0x00120064                memcpy
 .text.stpncpy  0x00120180       0xdc /opt/devkitpro/devkitARM/bin/../lib/gcc/arm-none-eabi/13.1.0/../../../../arm-none-eabi/lib/armv6k/fpu/libg.a(libc_a-stpncpy.o)
                0x00120180                stpncpy
 .text.__libc_init_array
                0x0012025c       0x84 /opt/devkitpro/devkitARM/bin/../lib/gcc/arm-none-eabi/13.1.0/../../../../arm-none-eabi/lib/armv6k/fpu/libg.a(libc_a-init.o)
                0x0012025c                __libc_init_array
 .text.__libc_fini_array
                0x001202e0       0x3c /opt/devkitpro/devkitARM/bin/../lib/gcc/arm-none-eabi/13.1.0/../../../../arm-none-eabi/lib/armv6k/fpu/libg.a(libc_a-fini.o)
                0x001202e0                __libc_fini_array
 .text.__errno  0x0012031c        0xc /opt/devkitpro/devkitARM/bin/../lib/gcc/arm-none-eabi/13.1.0/../../../../arm-none-eabi/lib/armv6k/fpu/libg.a(libc_a-errno.o)
                0x0012031c                __errno
 .text.nan      0x00120328       0x10 /opt/devkitpro/devkitARM/bin/../lib/gcc/arm-none-eabi/13.1.0/../../../../arm-none-eabi/lib/armv6k/fpu/libg.a(libm_a-s_nan.o)
                0x00120328                nan
 .text.nanf     0x00120338        0xc /opt/devkitpro/devkitARM/bin/../lib/gcc/arm-none-eabi/13.1.0/../../../../arm-none-eabi/lib/armv6k/fpu/libg.a(libm_a-sf_nan.o)
                0x00120338                nanf
 *fill*         0x00120344        0x4 
 .text.frexp    0x00120348       0x88 /opt/devkitpro/devkitARM/bin/../lib/gcc/arm-none-eabi/13.1.0/../../../../arm-none-eabi/lib/armv6k/fpu/libg.a(libm_a-s_frexp.o)
                0x00120348                frexp
 .text._strtoll_l.isra.0
                0x001203d0      0x234 /opt/devkitpro/devkitARM/bin/../lib/gcc/arm-none-eabi/13.1.0/../../../../arm-none-eabi/lib/armv6k/fpu/libg.a(libc_a-strtoll.o)
 .text._strtoll_r
                0x00120604       0x30 /opt/devkitpro/devkitARM/bin/../lib/gcc/arm-none-eabi/13.1.0/../../../../arm-none-eabi/lib/armv6k/fpu/libg.a(libc_a-strtoll.o)
                0x00120604                _strtoll_r
 .text._strtoull_l.isra.0
                0x00120634      0x25c /opt/devkitpro/devkitARM/bin/../lib/gcc/arm-none-eabi/13.1.0/../../../../arm-none-eabi/lib/armv6k/fpu/libg.a(libc_a-strtoull.o)
 .text._strtoull_r
                0x00120890       0x30 /opt/devkitpro/devkitARM/bin/../lib/gcc/arm-none-eabi/13.1.0/../../../../arm-none-eabi/lib/armv6k/fpu/libg.a(libc_a-strtoull.o)
                0x00120890                _strtoull_r
 .text.iswspace
                0x001208c0        0x8 /opt/devkitpro/devkitARM/bin/../lib/gcc/arm-none-eabi/13.1.0/../../../../arm-none-eabi/lib/armv6k/fpu/libg.a(libc_a-iswspace.o)
                0x001208c0                iswspace
 .text._mbrtowc_r
                0x001208c8       0xb4 /opt/devkitpro/devkitARM/bin/../lib/gcc/arm-none-eabi/13.1.0/../../../../arm-none-eabi/lib/armv6k/fpu/libg.a(libc_a-mbrtowc.o)
                0x001208c8                _mbrtowc_r
 .text.__smakebuf_r
                0x0012097c      0x12c /opt/devkitpro/devkitARM/bin/../lib/gcc/arm-none-eabi/13.1.0/../../../../arm-none-eabi/lib/armv6k/fpu/libg.a(libc_a-makebuf.o)
                0x0012097c                __smakebuf_r
 .text.__swhatbuf_r
                0x00120aa8       0x8c /opt/devkitpro/devkitARM/bin/../lib/gcc/arm-none-eabi/13.1.0/../../../../arm-none-eabi/lib/armv6k/fpu/libg.a(libc_a-makebuf.o)
                0x00120aa8                __swhatbuf_r
 .text._wcrtomb_r
                0x00120b34       0xa0 /opt/devkitpro/devkitARM/bin/../lib/gcc/arm-none-eabi/13.1.0/../../../../arm-none-eabi/lib/armv6k/fpu/libg.a(libc_a-wcrtomb.o)
                0x00120b34                _wcrtomb_r
 .text.iswspace_l
                0x00120bd4       0x38 /opt/devkitpro/devkitARM/bin/../lib/gcc/arm-none-eabi/13.1.0/../../../../arm-none-eabi/lib/armv6k/fpu/libg.a(libc_a-iswspace_l.o)
                0x00120bd4                iswspace_l
 .text._wcsrtombs_r
                0x00120c0c       0x28 /opt/devkitpro/devkitARM/bin/../lib/gcc/arm-none-eabi/13.1.0/../../../../arm-none-eabi/lib/armv6k/fpu/libg.a(libc_a-wcsrtombs.o)
                0x00120c0c                _wcsrtombs_r
 .text._putc_r  0x00120c34       0xdc /opt/devkitpro/devkitARM/bin/../lib/gcc/arm-none-eabi/13.1.0/../../../../arm-none-eabi/lib/armv6k/fpu/libg.a(libc_a-putc.o)
                0x00120c34                _putc_r
 .text.sprintf  0x00120d10       0x64 /opt/devkitpro/devkitARM/bin/../lib/gcc/arm-none-eabi/13.1.0/../../../../arm-none-eabi/lib/armv6k/fpu/libg.a(libc_a-sprintf.o)
                0x00120d10                sprintf
 .text.__sccl   0x00120d74       0xf0 /opt/devkitpro/devkitARM/bin/../lib/gcc/arm-none-eabi/13.1.0/../../../../arm-none-eabi/lib/armv6k/fpu/libg.a(libc_a-sccl.o)
                0x00120d74                __sccl
 .text.lflush   0x00120e64       0x38 /opt/devkitpro/devkitARM/bin/../lib/gcc/arm-none-eabi/13.1.0/../../../../arm-none-eabi/lib/armv6k/fpu/libg.a(libc_a-refill.o)
 .text.__srefill_r
                0x00120e9c      0x19c /opt/devkitpro/devkitARM/bin/../lib/gcc/arm-none-eabi/13.1.0/../../../../arm-none-eabi/lib/armv6k/fpu/libg.a(libc_a-refill.o)
                0x00120e9c                __srefill_r
 .text.category
                0x00121038       0x90 /opt/devkitpro/devkitARM/bin/../lib/gcc/arm-none-eabi/13.1.0/../../../../arm-none-eabi/lib/armv6k/fpu/libg.a(libc_a-categories.o)
                0x00121038                category
 .text.get_arg  0x001210c8      0x64c /opt/devkitpro/devkitARM/bin/../lib/gcc/arm-none-eabi/13.1.0/../../../../arm-none-eabi/lib/armv6k/fpu/libg.a(libc_a-vfiprintf.o)
 .text.__sprint_r
                0x00121714       0x30 /opt/devkitpro/devkitARM/bin/../lib/gcc/arm-none-eabi/13.1.0/../../../../arm-none-eabi/lib/armv6k/fpu/libg.a(libc_a-vfiprintf.o)
                0x00121714                __sprint_r
 .text._vfiprintf_r
                0x00121744     0x2304 /opt/devkitpro/devkitARM/bin/../lib/gcc/arm-none-eabi/13.1.0/../../../../arm-none-eabi/lib/armv6k/fpu/libg.a(libc_a-vfiprintf.o)
                0x00121744                _vfiprintf_r
 .text.__sbprintf
                0x00123a48       0xb8 /opt/devkitpro/devkitARM/bin/../lib/gcc/arm-none-eabi/13.1.0/../../../../arm-none-eabi/lib/armv6k/fpu/libg.a(libc_a-vfiprintf.o)
 .text.__ssprint_r
                0x00123b00      0x18c /opt/devkitpro/devkitARM/bin/../lib/gcc/arm-none-eabi/13.1.0/../../../../arm-none-eabi/lib/armv6k/fpu/libg.a(libc_a-svfiprintf.o)
                0x00123b00                __ssprint_r
 .text.__swbuf_r
                0x00123c8c      0x108 /opt/devkitpro/devkitARM/bin/../lib/gcc/arm-none-eabi/13.1.0/../../../../arm-none-eabi/lib/armv6k/fpu/libg.a(libc_a-wbuf.o)
                0x00123c8c                __swbuf_r
 .text._sungetc_r
                0x00123d94       0xe0 /opt/devkitpro/devkitARM/bin/../lib/gcc/arm-none-eabi/13.1.0/../../../../arm-none-eabi/lib/armv6k/fpu/libg.a(libc_a-svfiscanf.o)
                0x00123d94                _sungetc_r
 .text.__ssrefill_r
                0x00123e74       0x6c /opt/devkitpro/devkitARM/bin/../lib/gcc/arm-none-eabi/13.1.0/../../../../arm-none-eabi/lib/armv6k/fpu/libg.a(libc_a-svfiscanf.o)
                0x00123e74                __ssrefill_r
 .text._sfread_r
                0x00123ee0       0xc4 /opt/devkitpro/devkitARM/bin/../lib/gcc/arm-none-eabi/13.1.0/../../../../arm-none-eabi/lib/armv6k/fpu/libg.a(libc_a-svfiscanf.o)
                0x00123ee0                _sfread_r
 .text.__swsetup_r
                0x00123fa4      0x138 /opt/devkitpro/devkitARM/bin/../lib/gcc/arm-none-eabi/13.1.0/../../../../arm-none-eabi/lib/armv6k/fpu/libg.a(libc_a-wsetup.o)
                0x00123fa4                __swsetup_r
 .text.rshift   0x001240dc       0xf0 /opt/devkitpro/devkitARM/bin/../lib/gcc/arm-none-eabi/13.1.0/../../../../arm-none-eabi/lib/armv6k/fpu/libg.a(libc_a-gdtoa-gethex.o)
 .text.__gethex
                0x001241cc      0x89c /opt/devkitpro/devkitARM/bin/../lib/gcc/arm-none-eabi/13.1.0/../../../../arm-none-eabi/lib/armv6k/fpu/libg.a(libc_a-gdtoa-gethex.o)
                0x001241cc                __gethex
 .text.quorem   0x00124a68      0x1b4 /opt/devkitpro/devkitARM/bin/../lib/gcc/arm-none-eabi/13.1.0/../../../../arm-none-eabi/lib/armv6k/fpu/libg.a(libc_a-dtoa.o)
 *fill*         0x00124c1c        0x4 
 .text._dtoa_r  0x00124c20     0x1218 /opt/devkitpro/devkitARM/bin/../lib/gcc/arm-none-eabi/13.1.0/../../../../arm-none-eabi/lib/armv6k/fpu/libg.a(libc_a-dtoa.o)
                0x00124c20                _dtoa_r
 .text.get_arg  0x00125e38      0x64c /opt/devkitpro/devkitARM/bin/../lib/gcc/arm-none-eabi/13.1.0/../../../../arm-none-eabi/lib/armv6k/fpu/libg.a(libc_a-svfprintf.o)
 *fill*         0x00126484        0x4 
 .text._svfprintf_r
                0x00126488     0x3324 /opt/devkitpro/devkitARM/bin/../lib/gcc/arm-none-eabi/13.1.0/../../../../arm-none-eabi/lib/armv6k/fpu/libg.a(libc_a-svfprintf.o)
                0x00126488                _svfprintf_r
 .text.__match  0x001297ac       0x4c /opt/devkitpro/devkitARM/bin/../lib/gcc/arm-none-eabi/13.1.0/../../../../arm-none-eabi/lib/armv6k/fpu/libg.a(libc_a-gdtoa-hexnan.o)
                0x001297ac                __match
 .text.__hexnan
                0x001297f8      0x29c /opt/devkitpro/devkitARM/bin/../lib/gcc/arm-none-eabi/13.1.0/../../../../arm-none-eabi/lib/armv6k/fpu/libg.a(libc_a-gdtoa-hexnan.o)
                0x001297f8                __hexnan
 .text.memmove  0x00129a94      0x150 /opt/devkitpro/devkitARM/bin/../lib/gcc/arm-none-eabi/13.1.0/../../../../arm-none-eabi/lib/armv6k/fpu/libg.a(libc_a-memmove.o)
                0x00129a94                memmove
 .text._fseeko_r
                0x00129be4      0x590 /opt/devkitpro/devkitARM/bin/../lib/gcc/arm-none-eabi/13.1.0/../../../../arm-none-eabi/lib/armv6k/fpu/libg.a(libc_a-fseeko.o)
                0x00129be4                _fseeko_r
 .text.__sflags
                0x0012a174       0xb4 /opt/devkitpro/devkitARM/bin/../lib/gcc/arm-none-eabi/13.1.0/../../../../arm-none-eabi/lib/armv6k/fpu/libg.a(libc_a-flags.o)
                0x0012a174                __sflags
 .text._Balloc  0x0012a228       0x88 /opt/devkitpro/devkitARM/bin/../lib/gcc/arm-none-eabi/13.1.0/../../../../arm-none-eabi/lib/armv6k/fpu/libg.a(libc_a-mprec.o)
                0x0012a228                _Balloc
 .text._Bfree   0x0012a2b0       0x1c /opt/devkitpro/devkitARM/bin/../lib/gcc/arm-none-eabi/13.1.0/../../../../arm-none-eabi/lib/armv6k/fpu/libg.a(libc_a-mprec.o)
                0x0012a2b0                _Bfree
 .text.__multadd
                0x0012a2cc       0xf4 /opt/devkitpro/devkitARM/bin/../lib/gcc/arm-none-eabi/13.1.0/../../../../arm-none-eabi/lib/armv6k/fpu/libg.a(libc_a-mprec.o)
                0x0012a2cc                __multadd
 .text.__s2b    0x0012a3c0      0x110 /opt/devkitpro/devkitARM/bin/../lib/gcc/arm-none-eabi/13.1.0/../../../../arm-none-eabi/lib/armv6k/fpu/libg.a(libc_a-mprec.o)
                0x0012a3c0                __s2b
 .text.__hi0bits
                0x0012a4d0       0x60 /opt/devkitpro/devkitARM/bin/../lib/gcc/arm-none-eabi/13.1.0/../../../../arm-none-eabi/lib/armv6k/fpu/libg.a(libc_a-mprec.o)